Archive member included to satisfy reference by file (symbol)

mesh/core/libmesh_core_nrf52832_xxAA.a(nrf_mesh_configure.c.obj)
                              examples/light_switch/server/CMakeFiles/light_switch_server_nrf52832_xxAA_s132_3.1.0.dir/__/__/__/mesh/prov/src/prov_beacon.c.obj (nrf_mesh_configure_device_uuid_get)
mesh/core/libmesh_core_nrf52832_xxAA.a(event.c.obj)
                              examples/light_switch/server/CMakeFiles/light_switch_server_nrf52832_xxAA_s132_3.1.0.dir/__/__/__/mesh/access/src/access.c.obj (event_handle)
mesh/core/libmesh_core_nrf52832_xxAA.a(net_state.c.obj)
                              examples/light_switch/server/CMakeFiles/light_switch_server_nrf52832_xxAA_s132_3.1.0.dir/__/__/__/mesh/access/src/nrf_mesh_node_config.c.obj (net_state_reset)
mesh/core/libmesh_core_nrf52832_xxAA.a(nrf_mesh_utils.c.obj)
                              examples/light_switch/server/CMakeFiles/light_switch_server_nrf52832_xxAA_s132_3.1.0.dir/__/__/__/models/config/src/config_server.c.obj (nrf_mesh_address_type_get)
mesh/core/libmesh_core_nrf52832_xxAA.a(nrf_mesh.c.obj)
                              examples/light_switch/server/CMakeFiles/light_switch_server_nrf52832_xxAA_s132_3.1.0.dir/__/__/nrf_mesh_sdk.c.obj (nrf_mesh_init)
mesh/core/libmesh_core_nrf52832_xxAA.a(hal.c.obj)
                              mesh/core/libmesh_core_nrf52832_xxAA.a(nrf_mesh.c.obj) (hal_lfclk_ppm_get)
mesh/core/libmesh_core_nrf52832_xxAA.a(timer_scheduler.c.obj)
                              mesh/core/libmesh_core_nrf52832_xxAA.a(nrf_mesh.c.obj) (timer_sch_init)
mesh/core/libmesh_core_nrf52832_xxAA.a(timer.c.obj)
                              mesh/core/libmesh_core_nrf52832_xxAA.a(timer_scheduler.c.obj) (timer_order_cb)
mesh/core/libmesh_core_nrf52832_xxAA.a(ticker.c.obj)
                              mesh/core/libmesh_core_nrf52832_xxAA.a(nrf_mesh.c.obj) (ticker_init)
mesh/core/libmesh_core_nrf52832_xxAA.a(rand.c.obj)
                              examples/light_switch/server/CMakeFiles/light_switch_server_nrf52832_xxAA_s132_3.1.0.dir/__/__/__/mesh/prov/src/prov_utils.c.obj (rand_hw_rng_get)
mesh/core/libmesh_core_nrf52832_xxAA.a(nrf_mesh_opt.c.obj)
                              examples/light_switch/server/CMakeFiles/light_switch_server_nrf52832_xxAA_s132_3.1.0.dir/__/__/__/models/config/src/config_server.c.obj (nrf_mesh_opt_set)
mesh/core/libmesh_core_nrf52832_xxAA.a(timeslot.c.obj)
                              mesh/core/libmesh_core_nrf52832_xxAA.a(nrf_mesh.c.obj) (timeslot_sd_event_handler)
mesh/core/libmesh_core_nrf52832_xxAA.a(bearer_event.c.obj)
                              mesh/core/libmesh_core_nrf52832_xxAA.a(nrf_mesh.c.obj) (bearer_event_init)
mesh/core/libmesh_core_nrf52832_xxAA.a(enc.c.obj)
                              examples/light_switch/server/CMakeFiles/light_switch_server_nrf52832_xxAA_s132_3.1.0.dir/__/__/__/mesh/prov/src/prov_utils.c.obj (enc_aes_cmac)
mesh/core/libmesh_core_nrf52832_xxAA.a(network.c.obj)
                              mesh/core/libmesh_core_nrf52832_xxAA.a(nrf_mesh.c.obj) (network_init)
mesh/core/libmesh_core_nrf52832_xxAA.a(nrf_mesh_keygen.c.obj)
                              examples/light_switch/server/CMakeFiles/light_switch_server_nrf52832_xxAA_s132_3.1.0.dir/__/__/__/mesh/access/src/device_state_manager.c.obj (nrf_mesh_keygen_aid)
mesh/core/libmesh_core_nrf52832_xxAA.a(log.c.obj)
                              examples/light_switch/server/CMakeFiles/light_switch_server_nrf52832_xxAA_s132_3.1.0.dir/src/main.c.obj (log_callback_rtt)
mesh/core/libmesh_core_nrf52832_xxAA.a(flash_manager.c.obj)
                              mesh/core/libmesh_core_nrf52832_xxAA.a(nrf_mesh.c.obj) (flash_manager_init)
mesh/core/libmesh_core_nrf52832_xxAA.a(ccm_soft.c.obj)
                              mesh/core/libmesh_core_nrf52832_xxAA.a(enc.c.obj) (ccm_soft_encrypt)
mesh/core/libmesh_core_nrf52832_xxAA.a(beacon.c.obj)
                              mesh/core/libmesh_core_nrf52832_xxAA.a(nrf_mesh.c.obj) (beacon_init)
mesh/core/libmesh_core_nrf52832_xxAA.a(flash_manager_internal.c.obj)
                              mesh/core/libmesh_core_nrf52832_xxAA.a(flash_manager.c.obj) (entry_get)
mesh/core/libmesh_core_nrf52832_xxAA.a(core_tx.c.obj)
                              mesh/core/libmesh_core_nrf52832_xxAA.a(nrf_mesh.c.obj) (core_tx_init)
mesh/core/libmesh_core_nrf52832_xxAA.a(net_beacon.c.obj)
                              mesh/core/libmesh_core_nrf52832_xxAA.a(network.c.obj) (net_beacon_init)
mesh/core/libmesh_core_nrf52832_xxAA.a(advertiser.c.obj)
                              mesh/core/libmesh_core_nrf52832_xxAA.a(nrf_mesh.c.obj) (advertiser_init)
mesh/core/libmesh_core_nrf52832_xxAA.a(bearer_handler.c.obj)
                              mesh/core/libmesh_core_nrf52832_xxAA.a(nrf_mesh.c.obj) (bearer_handler_init)
mesh/core/libmesh_core_nrf52832_xxAA.a(broadcast.c.obj)
                              mesh/core/libmesh_core_nrf52832_xxAA.a(advertiser.c.obj) (broadcast_send)
[...]
Memory Configuration

Name             Origin             Length             Attributes
FLASH            0x0001f000         0x00061000         xr
RAM              0x200019c0         0x0000e640         xrw
*default*        0x00000000         0xffffffff

Linker script and memory map

LOAD c:/a/gcc_arm/6/bin/../lib/gcc/arm-none-eabi/6.3.1/thumb/v7e-m/fpv4-sp/hard/crti.o
LOAD c:/a/gcc_arm/6/bin/../lib/gcc/arm-none-eabi/6.3.1/thumb/v7e-m/fpv4-sp/hard/crtbegin.o
LOAD c:/a/gcc_arm/6/bin/../lib/gcc/arm-none-eabi/6.3.1/../../../../arm-none-eabi/lib/thumb/v7e-m/fpv4-sp/hard/crt0.o
LOAD examples/light_switch/server/CMakeFiles/light_switch_server_nrf52832_xxAA_s132_3.1.0.dir/src/main.c.obj
LOAD examples/light_switch/server/CMakeFiles/light_switch_server_nrf52832_xxAA_s132_3.1.0.dir/__/__/nrf_mesh_sdk.c.obj
LOAD examples/light_switch/server/CMakeFiles/light_switch_server_nrf52832_xxAA_s132_3.1.0.dir/__/__/hal/src/simple_hal.c.obj
LOAD examples/light_switch/server/CMakeFiles/light_switch_server_nrf52832_xxAA_s132_3.1.0.dir/__/__/nrf_mesh_weak.c.obj
LOAD examples/light_switch/server/CMakeFiles/light_switch_server_nrf52832_xxAA_s132_3.1.0.dir/__/__/__/models/simple_on_off/src/simple_on_off_server.c.obj
LOAD examples/light_switch/server/CMakeFiles/light_switch_server_nrf52832_xxAA_s132_3.1.0.dir/__/__/__/models/config/src/composition_data.c.obj
LOAD examples/light_switch/server/CMakeFiles/light_switch_server_nrf52832_xxAA_s132_3.1.0.dir/__/__/__/models/config/src/config_server.c.obj
LOAD examples/light_switch/server/CMakeFiles/light_switch_server_nrf52832_xxAA_s132_3.1.0.dir/__/__/__/models/config/src/packed_index_list.c.obj
LOAD examples/light_switch/server/CMakeFiles/light_switch_server_nrf52832_xxAA_s132_3.1.0.dir/__/__/__/models/health/src/health_server.c.obj
LOAD examples/light_switch/server/CMakeFiles/light_switch_server_nrf52832_xxAA_s132_3.1.0.dir/__/__/__/mesh/access/src/access_publish.c.obj
LOAD examples/light_switch/server/CMakeFiles/light_switch_server_nrf52832_xxAA_s132_3.1.0.dir/__/__/__/mesh/access/src/access.c.obj
LOAD examples/light_switch/server/CMakeFiles/light_switch_server_nrf52832_xxAA_s132_3.1.0.dir/__/__/__/mesh/access/src/access_reliable.c.obj
LOAD examples/light_switch/server/CMakeFiles/light_switch_server_nrf52832_xxAA_s132_3.1.0.dir/__/__/__/mesh/access/src/device_state_manager.c.obj
LOAD examples/light_switch/server/CMakeFiles/light_switch_server_nrf52832_xxAA_s132_3.1.0.dir/__/__/__/mesh/prov/src/prov_provisionee.c.obj
LOAD examples/light_switch/server/CMakeFiles/light_switch_server_nrf52832_xxAA_s132_3.1.0.dir/__/__/__/mesh/prov/src/nrf_mesh_prov.c.obj
LOAD examples/light_switch/server/CMakeFiles/light_switch_server_nrf52832_xxAA_s132_3.1.0.dir/__/__/__/mesh/prov/src/provisioning.c.obj
LOAD examples/light_switch/server/CMakeFiles/light_switch_server_nrf52832_xxAA_s132_3.1.0.dir/__/__/__/mesh/prov/src/prov_beacon.c.obj
LOAD examples/light_switch/server/CMakeFiles/light_switch_server_nrf52832_xxAA_s132_3.1.0.dir/__/__/__/mesh/prov/src/prov_utils.c.obj
LOAD examples/light_switch/server/CMakeFiles/light_switch_server_nrf52832_xxAA_s132_3.1.0.dir/__/__/__/mesh/prov/src/prov_bearer_adv.c.obj
LOAD examples/light_switch/server/CMakeFiles/light_switch_server_nrf52832_xxAA_s132_3.1.0.dir/__/__/__/mesh/access/src/nrf_mesh_node_config.c.obj
LOAD examples/light_switch/server/CMakeFiles/light_switch_server_nrf52832_xxAA_s132_3.1.0.dir/__/__/__/external/nRF5_SDK_14.0.0_3bcc1f7/components/toolchain/system_nrf52.c.obj
LOAD examples/light_switch/server/CMakeFiles/light_switch_server_nrf52832_xxAA_s132_3.1.0.dir/__/__/__/external/nRF5_SDK_14.0.0_3bcc1f7/components/toolchain/gcc/gcc_startup_nrf52.S.obj
LOAD mesh/core/libmesh_core_nrf52832_xxAA.a
LOAD external/rtt/librtt_nrf52832_xxAA.a
LOAD external/micro-ecc/libuECC_nrf52832_xxAA.a
START GROUP
LOAD c:/a/gcc_arm/6/bin/../lib/gcc/arm-none-eabi/6.3.1/thumb/v7e-m/fpv4-sp/hard\libgcc.a
LOAD c:/a/gcc_arm/6/bin/../lib/gcc/arm-none-eabi/6.3.1/../../../../arm-none-eabi/lib/thumb/v7e-m/fpv4-sp/hard\libc_nano.a
END GROUP
START GROUP
LOAD c:/a/gcc_arm/6/bin/../lib/gcc/arm-none-eabi/6.3.1/thumb/v7e-m/fpv4-sp/hard\libgcc.a
LOAD c:/a/gcc_arm/6/bin/../lib/gcc/arm-none-eabi/6.3.1/../../../../arm-none-eabi/lib/thumb/v7e-m/fpv4-sp/hard\libc_nano.a
END GROUP
LOAD c:/a/gcc_arm/6/bin/../lib/gcc/arm-none-eabi/6.3.1/thumb/v7e-m/fpv4-sp/hard/crtend.o
LOAD c:/a/gcc_arm/6/bin/../lib/gcc/arm-none-eabi/6.3.1/thumb/v7e-m/fpv4-sp/hard/crtn.o
START GROUP
LOAD c:/a/gcc_arm/6/bin/../lib/gcc/arm-none-eabi/6.3.1/thumb/v7e-m/fpv4-sp/hard\libgcc.a
LOAD c:/a/gcc_arm/6/bin/../lib/gcc/arm-none-eabi/6.3.1/../../../../arm-none-eabi/lib/thumb/v7e-m/fpv4-sp/hard\libc.a
LOAD c:/a/gcc_arm/6/bin/../lib/gcc/arm-none-eabi/6.3.1/../../../../arm-none-eabi/lib/thumb/v7e-m/fpv4-sp/hard\libnosys.a
END GROUP

.text           0x0001f000    0x19b08
 *(.isr_vector)
 .isr_vector    0x0001f000      0x200 examples/light_switch/server/CMakeFiles/light_switch_server_nrf52832_xxAA_s132_3.1.0.dir/__/__/__/external/nRF5_SDK_14.0.0_3bcc1f7/components/toolchain/gcc/gcc_startup_nrf52.S.obj
                0x0001f000                __isr_vector
 *(.text*)
 .text          0x0001f200       0x6c c:/a/gcc_arm/6/bin/../lib/gcc/arm-none-eabi/6.3.1/thumb/v7e-m/fpv4-sp/hard/crtbegin.o
 .text          0x0001f26c       0x74 c:/a/gcc_arm/6/bin/../lib/gcc/arm-none-eabi/6.3.1/../../../../arm-none-eabi/lib/thumb/v7e-m/fpv4-sp/hard/crt0.o
                0x0001f26c                _start
                0x0001f26c                _mainCRTStartup
 .text.configuration_setup
                0x0001f2e0       0xb4 examples/light_switch/server/CMakeFiles/light_switch_server_nrf52832_xxAA_s132_3.1.0.dir/src/main.c.obj
 .text.set_cb   0x0001f394       0x7c examples/light_switch/server/CMakeFiles/light_switch_server_nrf52832_xxAA_s132_3.1.0.dir/src/main.c.obj
 .text.get_cb   0x0001f410        0x8 examples/light_switch/server/CMakeFiles/light_switch_server_nrf52832_xxAA_s132_3.1.0.dir/src/main.c.obj
 .text.configuration_complete
                0x0001f418       0x88 examples/light_switch/server/CMakeFiles/light_switch_server_nrf52832_xxAA_s132_3.1.0.dir/src/main.c.obj
 .text.startup.main
                0x0001f4a0       0xc8 examples/light_switch/server/CMakeFiles/light_switch_server_nrf52832_xxAA_s132_3.1.0.dir/src/main.c.obj
                0x0001f4a0                main
 .text.sd_evt_get
                0x0001f568        0x4 examples/light_switch/server/CMakeFiles/light_switch_server_nrf52832_xxAA_s132_3.1.0.dir/__/__/nrf_mesh_sdk.c.obj
 .text.sd_ble_evt_get
                0x0001f56c        0x4 examples/light_switch/server/CMakeFiles/light_switch_server_nrf52832_xxAA_s132_3.1.0.dir/__/__/nrf_mesh_sdk.c.obj
 .text.app_error_handler
                0x0001f570       0x88 examples/light_switch/server/CMakeFiles/light_switch_server_nrf52832_xxAA_s132_3.1.0.dir/__/__/nrf_mesh_sdk.c.obj
                0x0001f570                app_error_handler
 .text.HardFault_Handler
                0x0001f5f8       0x78 examples/light_switch/server/CMakeFiles/light_switch_server_nrf52832_xxAA_s132_3.1.0.dir/__/__/nrf_mesh_sdk.c.obj
                0x0001f5f8                HardFault_Handler
 .text.SWI2_EGU2_IRQHandler
                0x0001f670       0x40 examples/light_switch/server/CMakeFiles/light_switch_server_nrf52832_xxAA_s132_3.1.0.dir/__/__/nrf_mesh_sdk.c.obj
                0x0001f670                SWI2_EGU2_IRQHandler
 .text.hal_led_pin_get
                0x0001f6b0       0x18 examples/light_switch/server/CMakeFiles/light_switch_server_nrf52832_xxAA_s132_3.1.0.dir/__/__/hal/src/simple_hal.c.obj
                0x0001f6b0                hal_led_pin_get
 .text.hal_led_pin_set
                0x0001f6c8       0x18 examples/light_switch/server/CMakeFiles/light_switch_server_nrf52832_xxAA_s132_3.1.0.dir/__/__/hal/src/simple_hal.c.obj
                0x0001f6c8                hal_led_pin_set
 .text.hal_led_mask_set
                0x0001f6e0       0x14 examples/light_switch/server/CMakeFiles/light_switch_server_nrf52832_xxAA_s132_3.1.0.dir/__/__/hal/src/simple_hal.c.obj
                0x0001f6e0                hal_led_mask_set
 .text.hal_led_blink_ms
                0x0001f6f4       0xb8 examples/light_switch/server/CMakeFiles/light_switch_server_nrf52832_xxAA_s132_3.1.0.dir/__/__/hal/src/simple_hal.c.obj
                0x0001f6f4                hal_led_blink_ms
 .text.hal_leds_init
                0x0001f7ac       0x3c examples/light_switch/server/CMakeFiles/light_switch_server_nrf52832_xxAA_s132_3.1.0.dir/__/__/hal/src/simple_hal.c.obj
                0x0001f7ac                hal_leds_init
 .text.GPIOTE_IRQHandler
                0x0001f7e8      0x114 examples/light_switch/server/CMakeFiles/light_switch_server_nrf52832_xxAA_s132_3.1.0.dir/__/__/hal/src/simple_hal.c.obj
                0x0001f7e8                GPIOTE_IRQHandler
 .text._weak_handler
                0x0001f8fc        0x4 examples/light_switch/server/CMakeFiles/light_switch_server_nrf52832_xxAA_s132_3.1.0.dir/__/__/nrf_mesh_weak.c.obj
                0x0001f8fc                nrf_mesh_dfu_init
                0x0001f8fc                nrf_mesh_dfu_jump_to_bootloader
                0x0001f8fc                nrf_mesh_dfu_rx
                0x0001f8fc                prov_provisioner_provision
                0x0001f8fc                nrf_mesh_dfu_bank_info_get
                0x0001f8fc                prov_provisioner_oob_pubkey
                0x0001f8fc                nrf_mesh_dfu_request
                0x0001f8fc                nrf_mesh_dfu_bank_flash
                0x0001f8fc                _weak_handler
                0x0001f8fc                nrf_mesh_dfu_relay
                0x0001f8fc                nrf_mesh_dfu_abort
                0x0001f8fc                mesh_flash_op_execute
                0x0001f8fc                nrf_mesh_dfu_state_get
                0x0001f8fc                prov_provisioner_shared_secret
                0x0001f8fc                prov_provisioner_auth_data
                0x0001f8fc                prov_provisioner_oob_use
 .text.handle_set_unreliable_cb
                0x0001f900       0x58 examples/light_switch/server/CMakeFiles/light_switch_server_nrf52832_xxAA_s132_3.1.0.dir/__/__/__/models/simple_on_off/src/simple_on_off_server.c.obj
 .text.handle_get_cb
                0x0001f958       0x4c examples/light_switch/server/CMakeFiles/light_switch_server_nrf52832_xxAA_s132_3.1.0.dir/__/__/__/models/simple_on_off/src/simple_on_off_server.c.obj
 .text.handle_set_cb
                0x0001f9a4       0x6c examples/light_switch/server/CMakeFiles/light_switch_server_nrf52832_xxAA_s132_3.1.0.dir/__/__/__/models/simple_on_off/src/simple_on_off_server.c.obj
 .text.simple_on_off_server_init
                0x0001fa10       0x44 examples/light_switch/server/CMakeFiles/light_switch_server_nrf52832_xxAA_s132_3.1.0.dir/__/__/__/models/simple_on_off/src/simple_on_off_server.c.obj
                0x0001fa10                simple_on_off_server_init
 .text.config_composition_data_get
                0x0001fa54      0x1cc examples/light_switch/server/CMakeFiles/light_switch_server_nrf52832_xxAA_s132_3.1.0.dir/__/__/__/models/config/src/composition_data.c.obj
                0x0001fa54                config_composition_data_get
 .text.send_generic_error_reply
                0x0001fc20       0x4c examples/light_switch/server/CMakeFiles/light_switch_server_nrf52832_xxAA_s132_3.1.0.dir/__/__/__/models/config/src/config_server.c.obj
 .text.handle_node_reset
                0x0001fc6c       0x28 examples/light_switch/server/CMakeFiles/light_switch_server_nrf52832_xxAA_s132_3.1.0.dir/__/__/__/models/config/src/config_server.c.obj
 .text.handle_heartbeat_subscription_set
                0x0001fc94       0x30 examples/light_switch/server/CMakeFiles/light_switch_server_nrf52832_xxAA_s132_3.1.0.dir/__/__/__/models/config/src/config_server.c.obj
 .text.handle_heartbeat_publication_set
                0x0001fcc4       0x30 examples/light_switch/server/CMakeFiles/light_switch_server_nrf52832_xxAA_s132_3.1.0.dir/__/__/__/models/config/src/config_server.c.obj
 .text.handle_netkey_get
                0x0001fcf4       0x68 examples/light_switch/server/CMakeFiles/light_switch_server_nrf52832_xxAA_s132_3.1.0.dir/__/__/__/models/config/src/config_server.c.obj
 .text.handle_config_relay_set
                0x0001fd5c       0xf8 examples/light_switch/server/CMakeFiles/light_switch_server_nrf52832_xxAA_s132_3.1.0.dir/__/__/__/models/config/src/config_server.c.obj
 .text.delete_all_subscriptions
                0x0001fe54       0x9c examples/light_switch/server/CMakeFiles/light_switch_server_nrf52832_xxAA_s132_3.1.0.dir/__/__/__/models/config/src/config_server.c.obj
 .text.send_publication_status
                0x0001fef0      0x1a0 examples/light_switch/server/CMakeFiles/light_switch_server_nrf52832_xxAA_s132_3.1.0.dir/__/__/__/models/config/src/config_server.c.obj
 .text.handle_config_default_ttl_getset
                0x00020090       0x5c examples/light_switch/server/CMakeFiles/light_switch_server_nrf52832_xxAA_s132_3.1.0.dir/__/__/__/models/config/src/config_server.c.obj
 .text.handle_composition_data_get
                0x000200ec       0x5c examples/light_switch/server/CMakeFiles/light_switch_server_nrf52832_xxAA_s132_3.1.0.dir/__/__/__/models/config/src/config_server.c.obj
 .text.handle_node_identity_set
                0x00020148       0x40 examples/light_switch/server/CMakeFiles/light_switch_server_nrf52832_xxAA_s132_3.1.0.dir/__/__/__/models/config/src/config_server.c.obj
 .text.handle_node_identity_get
                0x00020188       0x3c examples/light_switch/server/CMakeFiles/light_switch_server_nrf52832_xxAA_s132_3.1.0.dir/__/__/__/models/config/src/config_server.c.obj
 .text.handle_config_gatt_proxy_set
                0x000201c4       0x2c examples/light_switch/server/CMakeFiles/light_switch_server_nrf52832_xxAA_s132_3.1.0.dir/__/__/__/models/config/src/config_server.c.obj
 .text.handle_config_friend_set
                0x000201f0       0x2c examples/light_switch/server/CMakeFiles/light_switch_server_nrf52832_xxAA_s132_3.1.0.dir/__/__/__/models/config/src/config_server.c.obj
 .text.handle_config_beacon_set
                0x0002021c       0x50 examples/light_switch/server/CMakeFiles/light_switch_server_nrf52832_xxAA_s132_3.1.0.dir/__/__/__/models/config/src/config_server.c.obj
 .text.handle_config_friend_get
                0x0002026c       0x2c examples/light_switch/server/CMakeFiles/light_switch_server_nrf52832_xxAA_s132_3.1.0.dir/__/__/__/models/config/src/config_server.c.obj
 .text.handle_config_gatt_proxy_get
                0x00020298       0x2c examples/light_switch/server/CMakeFiles/light_switch_server_nrf52832_xxAA_s132_3.1.0.dir/__/__/__/models/config/src/config_server.c.obj
 .text.handle_config_beacon_get
                0x000202c4       0x3c examples/light_switch/server/CMakeFiles/light_switch_server_nrf52832_xxAA_s132_3.1.0.dir/__/__/__/models/config/src/config_server.c.obj
 .text.handle_heartbeat_subscription_get
                0x00020300       0x30 examples/light_switch/server/CMakeFiles/light_switch_server_nrf52832_xxAA_s132_3.1.0.dir/__/__/__/models/config/src/config_server.c.obj
 .text.handle_heartbeat_publication_get
                0x00020330       0x30 examples/light_switch/server/CMakeFiles/light_switch_server_nrf52832_xxAA_s132_3.1.0.dir/__/__/__/models/config/src/config_server.c.obj
 .text.handle_config_relay_get
                0x00020360       0x90 examples/light_switch/server/CMakeFiles/light_switch_server_nrf52832_xxAA_s132_3.1.0.dir/__/__/__/models/config/src/config_server.c.obj
 .text.handle_appkey_add_update
                0x000203f0       0xf8 examples/light_switch/server/CMakeFiles/light_switch_server_nrf52832_xxAA_s132_3.1.0.dir/__/__/__/models/config/src/config_server.c.obj
 .text.handle_config_model_publication_get
                0x000204e8       0xd4 examples/light_switch/server/CMakeFiles/light_switch_server_nrf52832_xxAA_s132_3.1.0.dir/__/__/__/models/config/src/config_server.c.obj
 .text.handle_netkey_add_update
                0x000205bc       0xac examples/light_switch/server/CMakeFiles/light_switch_server_nrf52832_xxAA_s132_3.1.0.dir/__/__/__/models/config/src/config_server.c.obj
 .text.handle_appkey_delete
                0x00020668       0xc0 examples/light_switch/server/CMakeFiles/light_switch_server_nrf52832_xxAA_s132_3.1.0.dir/__/__/__/models/config/src/config_server.c.obj
 .text.handle_model_app_bind_unbind
                0x00020728      0x134 examples/light_switch/server/CMakeFiles/light_switch_server_nrf52832_xxAA_s132_3.1.0.dir/__/__/__/models/config/src/config_server.c.obj
 .text.handle_appkey_get
                0x0002085c       0xdc examples/light_switch/server/CMakeFiles/light_switch_server_nrf52832_xxAA_s132_3.1.0.dir/__/__/__/models/config/src/config_server.c.obj
 .text.handle_model_app_get
                0x00020938      0x1ec examples/light_switch/server/CMakeFiles/light_switch_server_nrf52832_xxAA_s132_3.1.0.dir/__/__/__/models/config/src/config_server.c.obj
 .text.handle_config_model_subscription_delete_all
                0x00020b24      0x14c examples/light_switch/server/CMakeFiles/light_switch_server_nrf52832_xxAA_s132_3.1.0.dir/__/__/__/models/config/src/config_server.c.obj
 .text.handle_netkey_delete
                0x00020c70       0xa8 examples/light_switch/server/CMakeFiles/light_switch_server_nrf52832_xxAA_s132_3.1.0.dir/__/__/__/models/config/src/config_server.c.obj
 .text.handle_config_sig_model_subscription_get
                0x00020d18      0x140 examples/light_switch/server/CMakeFiles/light_switch_server_nrf52832_xxAA_s132_3.1.0.dir/__/__/__/models/config/src/config_server.c.obj
 .text.handle_config_vendor_model_subscription_get
                0x00020e58      0x138 examples/light_switch/server/CMakeFiles/light_switch_server_nrf52832_xxAA_s132_3.1.0.dir/__/__/__/models/config/src/config_server.c.obj
 .text.handle_config_model_subscription_virtual_address_delete
                0x00020f90      0x1d8 examples/light_switch/server/CMakeFiles/light_switch_server_nrf52832_xxAA_s132_3.1.0.dir/__/__/__/models/config/src/config_server.c.obj
 .text.handle_config_model_subscription_overwrite
                0x00021168      0x238 examples/light_switch/server/CMakeFiles/light_switch_server_nrf52832_xxAA_s132_3.1.0.dir/__/__/__/models/config/src/config_server.c.obj
 .text.handle_config_model_subscription_virtual_address_add
                0x000213a0      0x1f4 examples/light_switch/server/CMakeFiles/light_switch_server_nrf52832_xxAA_s132_3.1.0.dir/__/__/__/models/config/src/config_server.c.obj
 .text.handle_config_model_publication_set
                0x00021594      0x2ac examples/light_switch/server/CMakeFiles/light_switch_server_nrf52832_xxAA_s132_3.1.0.dir/__/__/__/models/config/src/config_server.c.obj
 .text.handle_config_model_subscription_virtual_address_overwrite
                0x00021840      0x254 examples/light_switch/server/CMakeFiles/light_switch_server_nrf52832_xxAA_s132_3.1.0.dir/__/__/__/models/config/src/config_server.c.obj
 .text.handle_config_model_subscription_add
                0x00021a94      0x1ec examples/light_switch/server/CMakeFiles/light_switch_server_nrf52832_xxAA_s132_3.1.0.dir/__/__/__/models/config/src/config_server.c.obj
 .text.handle_config_model_subscription_delete
                0x00021c80      0x1f4 examples/light_switch/server/CMakeFiles/light_switch_server_nrf52832_xxAA_s132_3.1.0.dir/__/__/__/models/config/src/config_server.c.obj
 .text.config_server_init
                0x00021e74       0x50 examples/light_switch/server/CMakeFiles/light_switch_server_nrf52832_xxAA_s132_3.1.0.dir/__/__/__/models/config/src/config_server.c.obj
                0x00021e74                config_server_init
 .text.config_server_bind
                0x00021ec4       0x10 examples/light_switch/server/CMakeFiles/light_switch_server_nrf52832_xxAA_s132_3.1.0.dir/__/__/__/models/config/src/config_server.c.obj
                0x00021ec4                config_server_bind
 .text.packed_index_list_size
                0x00021ed4       0x10 examples/light_switch/server/CMakeFiles/light_switch_server_nrf52832_xxAA_s132_3.1.0.dir/__/__/__/models/config/src/packed_index_list.c.obj
                0x00021ed4                packed_index_list_size
 .text.packed_index_list_create
                0x00021ee4       0x38 examples/light_switch/server/CMakeFiles/light_switch_server_nrf52832_xxAA_s132_3.1.0.dir/__/__/__/models/config/src/packed_index_list.c.obj
                0x00021ee4                packed_index_list_create
 .text.attention_timer_handler
                0x00021f1c       0x78 examples/light_switch/server/CMakeFiles/light_switch_server_nrf52832_xxAA_s132_3.1.0.dir/__/__/__/models/health/src/health_server.c.obj
 .text.handle_attention_set
                0x00021f94       0xe0 examples/light_switch/server/CMakeFiles/light_switch_server_nrf52832_xxAA_s132_3.1.0.dir/__/__/__/models/health/src/health_server.c.obj
 .text.handle_period_set
                0x00022074       0x44 examples/light_switch/server/CMakeFiles/light_switch_server_nrf52832_xxAA_s132_3.1.0.dir/__/__/__/models/health/src/health_server.c.obj
 .text.handle_attention_get
                0x000220b8       0x30 examples/light_switch/server/CMakeFiles/light_switch_server_nrf52832_xxAA_s132_3.1.0.dir/__/__/__/models/health/src/health_server.c.obj
 .text.handle_period_get
                0x000220e8       0x30 examples/light_switch/server/CMakeFiles/light_switch_server_nrf52832_xxAA_s132_3.1.0.dir/__/__/__/models/health/src/health_server.c.obj
 .text.send_fault_status
                0x00022118      0x374 examples/light_switch/server/CMakeFiles/light_switch_server_nrf52832_xxAA_s132_3.1.0.dir/__/__/__/models/health/src/health_server.c.obj
 .text.health_publish_timeout_handler
                0x0002248c        0xc examples/light_switch/server/CMakeFiles/light_switch_server_nrf52832_xxAA_s132_3.1.0.dir/__/__/__/models/health/src/health_server.c.obj
 .text.handle_fault_test
                0x00022498       0x88 examples/light_switch/server/CMakeFiles/light_switch_server_nrf52832_xxAA_s132_3.1.0.dir/__/__/__/models/health/src/health_server.c.obj
 .text.handle_fault_clear
                0x00022520       0x54 examples/light_switch/server/CMakeFiles/light_switch_server_nrf52832_xxAA_s132_3.1.0.dir/__/__/__/models/health/src/health_server.c.obj
 .text.handle_fault_get
                0x00022574       0x40 examples/light_switch/server/CMakeFiles/light_switch_server_nrf52832_xxAA_s132_3.1.0.dir/__/__/__/models/health/src/health_server.c.obj
 .text.health_server_init
                0x000225b4       0x74 examples/light_switch/server/CMakeFiles/light_switch_server_nrf52832_xxAA_s132_3.1.0.dir/__/__/__/models/health/src/health_server.c.obj
                0x000225b4                health_server_init
 .text.add_to_publication_list
                0x00022628       0x8c examples/light_switch/server/CMakeFiles/light_switch_server_nrf52832_xxAA_s132_3.1.0.dir/__/__/__/mesh/access/src/access_publish.c.obj
 .text.schedule_publication_timer
                0x000226b4      0x2f4 examples/light_switch/server/CMakeFiles/light_switch_server_nrf52832_xxAA_s132_3.1.0.dir/__/__/__/mesh/access/src/access_publish.c.obj
 .text.publish_timer_tick
                0x000229a8       0xd0 examples/light_switch/server/CMakeFiles/light_switch_server_nrf52832_xxAA_s132_3.1.0.dir/__/__/__/mesh/access/src/access_publish.c.obj
 .text.access_publish_init
                0x00022a78       0x38 examples/light_switch/server/CMakeFiles/light_switch_server_nrf52832_xxAA_s132_3.1.0.dir/__/__/__/mesh/access/src/access_publish.c.obj
                0x00022a78                access_publish_init
 .text.access_publish_period_set
                0x00022ab0       0xa4 examples/light_switch/server/CMakeFiles/light_switch_server_nrf52832_xxAA_s132_3.1.0.dir/__/__/__/mesh/access/src/access_publish.c.obj
                0x00022ab0                access_publish_period_set
 .text.access_publish_period_get
                0x00022b54       0x38 examples/light_switch/server/CMakeFiles/light_switch_server_nrf52832_xxAA_s132_3.1.0.dir/__/__/__/mesh/access/src/access_publish.c.obj
                0x00022b54                access_publish_period_get
 .text.flash_invalidate_complete
                0x00022b8c       0x14 examples/light_switch/server/CMakeFiles/light_switch_server_nrf52832_xxAA_s132_3.1.0.dir/__/__/__/mesh/access/src/access.c.obj
 .text.flash_manager_mem_available
                0x00022ba0        0x4 examples/light_switch/server/CMakeFiles/light_switch_server_nrf52832_xxAA_s132_3.1.0.dir/__/__/__/mesh/access/src/access.c.obj
 .text.access_flash_config_clear
                0x00022ba4       0x28 examples/light_switch/server/CMakeFiles/light_switch_server_nrf52832_xxAA_s132_3.1.0.dir/__/__/__/mesh/access/src/access.c.obj
 .text.access_flash_config_store
                0x00022bcc      0x11c examples/light_switch/server/CMakeFiles/light_switch_server_nrf52832_xxAA_s132_3.1.0.dir/__/__/__/mesh/access/src/access.c.obj
                0x00022bcc                access_flash_config_store
 .text.handle_incoming
                0x00022ce8      0x1b4 examples/light_switch/server/CMakeFiles/light_switch_server_nrf52832_xxAA_s132_3.1.0.dir/__/__/__/mesh/access/src/access.c.obj
 .text.mesh_evt_cb
                0x00022e9c      0x15c examples/light_switch/server/CMakeFiles/light_switch_server_nrf52832_xxAA_s132_3.1.0.dir/__/__/__/mesh/access/src/access.c.obj
 .text.add_flash_manager
                0x00022ff8       0x58 examples/light_switch/server/CMakeFiles/light_switch_server_nrf52832_xxAA_s132_3.1.0.dir/__/__/__/mesh/access/src/access.c.obj
 .text.flash_write_complete
                0x00023050       0x58 examples/light_switch/server/CMakeFiles/light_switch_server_nrf52832_xxAA_s132_3.1.0.dir/__/__/__/mesh/access/src/access.c.obj
 .text.flash_remove_complete
                0x000230a8       0xb4 examples/light_switch/server/CMakeFiles/light_switch_server_nrf52832_xxAA_s132_3.1.0.dir/__/__/__/mesh/access/src/access.c.obj
 .text.access_flash_config_load
                0x0002315c      0x2d4 examples/light_switch/server/CMakeFiles/light_switch_server_nrf52832_xxAA_s132_3.1.0.dir/__/__/__/mesh/access/src/access.c.obj
                0x0002315c                access_flash_config_load
 .text.access_init
                0x00023430       0xb8 examples/light_switch/server/CMakeFiles/light_switch_server_nrf52832_xxAA_s132_3.1.0.dir/__/__/__/mesh/access/src/access.c.obj
                0x00023430                access_init
 .text.access_model_add
                0x000234e8      0x228 examples/light_switch/server/CMakeFiles/light_switch_server_nrf52832_xxAA_s132_3.1.0.dir/__/__/__/mesh/access/src/access.c.obj
                0x000234e8                access_model_add
 .text.access_model_publish
                0x00023710      0x2d8 examples/light_switch/server/CMakeFiles/light_switch_server_nrf52832_xxAA_s132_3.1.0.dir/__/__/__/mesh/access/src/access.c.obj
                0x00023710                access_model_publish
 .text.access_model_reply
                0x000239e8      0x2d4 examples/light_switch/server/CMakeFiles/light_switch_server_nrf52832_xxAA_s132_3.1.0.dir/__/__/__/mesh/access/src/access.c.obj
                0x000239e8                access_model_reply
 .text.access_model_publish_address_set
                0x00023cbc       0x3c examples/light_switch/server/CMakeFiles/light_switch_server_nrf52832_xxAA_s132_3.1.0.dir/__/__/__/mesh/access/src/access.c.obj
                0x00023cbc                access_model_publish_address_set
 .text.access_model_publish_address_get
                0x00023cf8       0x2c examples/light_switch/server/CMakeFiles/light_switch_server_nrf52832_xxAA_s132_3.1.0.dir/__/__/__/mesh/access/src/access.c.obj
                0x00023cf8                access_model_publish_address_get
 .text.access_model_publish_period_set
                0x00023d24       0x78 examples/light_switch/server/CMakeFiles/light_switch_server_nrf52832_xxAA_s132_3.1.0.dir/__/__/__/mesh/access/src/access.c.obj
                0x00023d24                access_model_publish_period_set
 .text.access_model_publish_period_get
                0x00023d9c       0x40 examples/light_switch/server/CMakeFiles/light_switch_server_nrf52832_xxAA_s132_3.1.0.dir/__/__/__/mesh/access/src/access.c.obj
                0x00023d9c                access_model_publish_period_get
 .text.access_model_subscription_list_alloc
                0x00023ddc       0x44 examples/light_switch/server/CMakeFiles/light_switch_server_nrf52832_xxAA_s132_3.1.0.dir/__/__/__/mesh/access/src/access.c.obj
                0x00023ddc                access_model_subscription_list_alloc
 .text.access_model_subscription_add
                0x00023e20       0x60 examples/light_switch/server/CMakeFiles/light_switch_server_nrf52832_xxAA_s132_3.1.0.dir/__/__/__/mesh/access/src/access.c.obj
                0x00023e20                access_model_subscription_add
 .text.access_model_subscription_remove
                0x00023e80       0x60 examples/light_switch/server/CMakeFiles/light_switch_server_nrf52832_xxAA_s132_3.1.0.dir/__/__/__/mesh/access/src/access.c.obj
                0x00023e80                access_model_subscription_remove
 .text.access_model_subscriptions_get
                0x00023ee0       0xd0 examples/light_switch/server/CMakeFiles/light_switch_server_nrf52832_xxAA_s132_3.1.0.dir/__/__/__/mesh/access/src/access.c.obj
                0x00023ee0                access_model_subscriptions_get
 .text.access_model_application_bind
                0x00023fb0       0x58 examples/light_switch/server/CMakeFiles/light_switch_server_nrf52832_xxAA_s132_3.1.0.dir/__/__/__/mesh/access/src/access.c.obj
                0x00023fb0                access_model_application_bind
 .text.access_model_application_unbind
                0x00024008       0x58 examples/light_switch/server/CMakeFiles/light_switch_server_nrf52832_xxAA_s132_3.1.0.dir/__/__/__/mesh/access/src/access.c.obj
                0x00024008                access_model_application_unbind
 .text.access_model_applications_get
                0x00024060       0x50 examples/light_switch/server/CMakeFiles/light_switch_server_nrf52832_xxAA_s132_3.1.0.dir/__/__/__/mesh/access/src/access.c.obj
                0x00024060                access_model_applications_get
 .text.access_model_publish_application_set
                0x000240b0       0x3c examples/light_switch/server/CMakeFiles/light_switch_server_nrf52832_xxAA_s132_3.1.0.dir/__/__/__/mesh/access/src/access.c.obj
                0x000240b0                access_model_publish_application_set
 .text.access_model_publish_application_get
                0x000240ec       0x2c examples/light_switch/server/CMakeFiles/light_switch_server_nrf52832_xxAA_s132_3.1.0.dir/__/__/__/mesh/access/src/access.c.obj
                0x000240ec                access_model_publish_application_get
 .text.access_default_ttl_set
                0x00024118       0x10 examples/light_switch/server/CMakeFiles/light_switch_server_nrf52832_xxAA_s132_3.1.0.dir/__/__/__/mesh/access/src/access.c.obj
                0x00024118                access_default_ttl_set
 .text.access_default_ttl_get
                0x00024128        0xc examples/light_switch/server/CMakeFiles/light_switch_server_nrf52832_xxAA_s132_3.1.0.dir/__/__/__/mesh/access/src/access.c.obj
                0x00024128                access_default_ttl_get
 .text.access_model_publish_ttl_set
                0x00024134       0x40 examples/light_switch/server/CMakeFiles/light_switch_server_nrf52832_xxAA_s132_3.1.0.dir/__/__/__/mesh/access/src/access.c.obj
                0x00024134                access_model_publish_ttl_set
 .text.access_model_publish_ttl_get
                0x00024174       0x2c examples/light_switch/server/CMakeFiles/light_switch_server_nrf52832_xxAA_s132_3.1.0.dir/__/__/__/mesh/access/src/access.c.obj
                0x00024174                access_model_publish_ttl_get
 .text.access_element_location_get
                0x000241a0       0x18 examples/light_switch/server/CMakeFiles/light_switch_server_nrf52832_xxAA_s132_3.1.0.dir/__/__/__/mesh/access/src/access.c.obj
                0x000241a0                access_element_location_get
 .text.access_element_sig_model_count_get
                0x000241b8       0x18 examples/light_switch/server/CMakeFiles/light_switch_server_nrf52832_xxAA_s132_3.1.0.dir/__/__/__/mesh/access/src/access.c.obj
                0x000241b8                access_element_sig_model_count_get
 .text.access_element_vendor_model_count_get
                0x000241d0       0x18 examples/light_switch/server/CMakeFiles/light_switch_server_nrf52832_xxAA_s132_3.1.0.dir/__/__/__/mesh/access/src/access.c.obj
                0x000241d0                access_element_vendor_model_count_get
 .text.access_model_id_get
                0x000241e8       0x40 examples/light_switch/server/CMakeFiles/light_switch_server_nrf52832_xxAA_s132_3.1.0.dir/__/__/__/mesh/access/src/access.c.obj
                0x000241e8                access_model_id_get
 .text.access_handle_get
                0x00024228       0x78 examples/light_switch/server/CMakeFiles/light_switch_server_nrf52832_xxAA_s132_3.1.0.dir/__/__/__/mesh/access/src/access.c.obj
                0x00024228                access_handle_get
 .text.access_element_models_get
                0x000242a0       0x84 examples/light_switch/server/CMakeFiles/light_switch_server_nrf52832_xxAA_s132_3.1.0.dir/__/__/__/mesh/access/src/access.c.obj
                0x000242a0                access_element_models_get
 .text.access_model_p_args_get
                0x00024324       0x2c examples/light_switch/server/CMakeFiles/light_switch_server_nrf52832_xxAA_s132_3.1.0.dir/__/__/__/mesh/access/src/access.c.obj
                0x00024324                access_model_p_args_get
 .text.remove_and_reschedule
                0x00024350      0x110 examples/light_switch/server/CMakeFiles/light_switch_server_nrf52832_xxAA_s132_3.1.0.dir/__/__/__/mesh/access/src/access_reliable.c.obj
 .text.reliable_timer_cb
                0x00024460      0x2c4 examples/light_switch/server/CMakeFiles/light_switch_server_nrf52832_xxAA_s132_3.1.0.dir/__/__/__/mesh/access/src/access_reliable.c.obj
 .text.access_reliable_message_rx_cb
                0x00024724       0xa4 examples/light_switch/server/CMakeFiles/light_switch_server_nrf52832_xxAA_s132_3.1.0.dir/__/__/__/mesh/access/src/access_reliable.c.obj
                0x00024724                access_reliable_message_rx_cb
 .text.access_reliable_init
                0x000247c8       0x1c examples/light_switch/server/CMakeFiles/light_switch_server_nrf52832_xxAA_s132_3.1.0.dir/__/__/__/mesh/access/src/access_reliable.c.obj
                0x000247c8                access_reliable_init
 .text.addr_nonvirtual_to_dsm_entry
                0x000247e4       0x48 examples/light_switch/server/CMakeFiles/light_switch_server_nrf52832_xxAA_s132_3.1.0.dir/__/__/__/mesh/access/src/device_state_manager.c.obj
 .text.addr_nonvirtual_to_flash_entry
                0x0002482c       0x10 examples/light_switch/server/CMakeFiles/light_switch_server_nrf52832_xxAA_s132_3.1.0.dir/__/__/__/mesh/access/src/device_state_manager.c.obj
 .text.flash_mem_listener_callback
                0x0002483c       0x28 examples/light_switch/server/CMakeFiles/light_switch_server_nrf52832_xxAA_s132_3.1.0.dir/__/__/__/mesh/access/src/device_state_manager.c.obj
 .text.devkey_to_flash_entry
                0x00024864       0x28 examples/light_switch/server/CMakeFiles/light_switch_server_nrf52832_xxAA_s132_3.1.0.dir/__/__/__/mesh/access/src/device_state_manager.c.obj
 .text.appkey_to_flash_entry
                0x0002488c       0x28 examples/light_switch/server/CMakeFiles/light_switch_server_nrf52832_xxAA_s132_3.1.0.dir/__/__/__/mesh/access/src/device_state_manager.c.obj
 .text.subnet_to_flash_entry
                0x000248b4       0x24 examples/light_switch/server/CMakeFiles/light_switch_server_nrf52832_xxAA_s132_3.1.0.dir/__/__/__/mesh/access/src/device_state_manager.c.obj
 .text.addr_virtual_to_flash_entry
                0x000248d8       0x18 examples/light_switch/server/CMakeFiles/light_switch_server_nrf52832_xxAA_s132_3.1.0.dir/__/__/__/mesh/access/src/device_state_manager.c.obj
 .text.addr_unicast_to_dsm_entry
                0x000248f0        0xc examples/light_switch/server/CMakeFiles/light_switch_server_nrf52832_xxAA_s132_3.1.0.dir/__/__/__/mesh/access/src/device_state_manager.c.obj
 .text.addr_unicast_to_flash_entry
                0x000248fc       0x10 examples/light_switch/server/CMakeFiles/light_switch_server_nrf52832_xxAA_s132_3.1.0.dir/__/__/__/mesh/access/src/device_state_manager.c.obj
 .text.subnet_set
                0x0002490c       0xac examples/light_switch/server/CMakeFiles/light_switch_server_nrf52832_xxAA_s132_3.1.0.dir/__/__/__/mesh/access/src/device_state_manager.c.obj
 .text.flash_save
                0x000249b8       0xa8 examples/light_switch/server/CMakeFiles/light_switch_server_nrf52832_xxAA_s132_3.1.0.dir/__/__/__/mesh/access/src/device_state_manager.c.obj
 .text.reset_flash_area
                0x00024a60       0x28 examples/light_switch/server/CMakeFiles/light_switch_server_nrf52832_xxAA_s132_3.1.0.dir/__/__/__/mesh/access/src/device_state_manager.c.obj
 .text.build_flash_area
                0x00024a88       0x8c examples/light_switch/server/CMakeFiles/light_switch_server_nrf52832_xxAA_s132_3.1.0.dir/__/__/__/mesh/access/src/device_state_manager.c.obj
 .text.flash_write_complete
                0x00024b14       0x5c examples/light_switch/server/CMakeFiles/light_switch_server_nrf52832_xxAA_s132_3.1.0.dir/__/__/__/mesh/access/src/device_state_manager.c.obj
 .text.devkey_to_dsm_entry
                0x00024b70       0x70 examples/light_switch/server/CMakeFiles/light_switch_server_nrf52832_xxAA_s132_3.1.0.dir/__/__/__/mesh/access/src/device_state_manager.c.obj
 .text.addr_virtual_to_dsm_entry
                0x00024be0       0x6c examples/light_switch/server/CMakeFiles/light_switch_server_nrf52832_xxAA_s132_3.1.0.dir/__/__/__/mesh/access/src/device_state_manager.c.obj
 .text.flash_invalidate_complete
                0x00024c4c       0x5c examples/light_switch/server/CMakeFiles/light_switch_server_nrf52832_xxAA_s132_3.1.0.dir/__/__/__/mesh/access/src/device_state_manager.c.obj
 .text.appkey_to_dsm_entry
                0x00024ca8       0x94 examples/light_switch/server/CMakeFiles/light_switch_server_nrf52832_xxAA_s132_3.1.0.dir/__/__/__/mesh/access/src/device_state_manager.c.obj
 .text.flash_update_all
                0x00024d3c      0x144 examples/light_switch/server/CMakeFiles/light_switch_server_nrf52832_xxAA_s132_3.1.0.dir/__/__/__/mesh/access/src/device_state_manager.c.obj
 .text.flash_remove_complete
                0x00024e80       0x8c examples/light_switch/server/CMakeFiles/light_switch_server_nrf52832_xxAA_s132_3.1.0.dir/__/__/__/mesh/access/src/device_state_manager.c.obj
 .text.subnet_to_dsm_entry
                0x00024f0c       0xbc examples/light_switch/server/CMakeFiles/light_switch_server_nrf52832_xxAA_s132_3.1.0.dir/__/__/__/mesh/access/src/device_state_manager.c.obj
 .text.address_delete_if_unused
                0x00024fc8       0xe0 examples/light_switch/server/CMakeFiles/light_switch_server_nrf52832_xxAA_s132_3.1.0.dir/__/__/__/mesh/access/src/device_state_manager.c.obj
 .text.dsm_init
                0x000250a8       0xa4 examples/light_switch/server/CMakeFiles/light_switch_server_nrf52832_xxAA_s132_3.1.0.dir/__/__/__/mesh/access/src/device_state_manager.c.obj
                0x000250a8                dsm_init
 .text.dsm_flash_config_load
                0x0002514c      0x190 examples/light_switch/server/CMakeFiles/light_switch_server_nrf52832_xxAA_s132_3.1.0.dir/__/__/__/mesh/access/src/device_state_manager.c.obj
                0x0002514c                dsm_flash_config_load
 .text.dsm_flash_area_get
                0x000252dc        0xc examples/light_switch/server/CMakeFiles/light_switch_server_nrf52832_xxAA_s132_3.1.0.dir/__/__/__/mesh/access/src/device_state_manager.c.obj
                0x000252dc                dsm_flash_area_get
 .text.dsm_local_unicast_addresses_set
                0x000252e8       0x78 examples/light_switch/server/CMakeFiles/light_switch_server_nrf52832_xxAA_s132_3.1.0.dir/__/__/__/mesh/access/src/device_state_manager.c.obj
                0x000252e8                dsm_local_unicast_addresses_set
 .text.dsm_local_unicast_addresses_get
                0x00025360       0x2c examples/light_switch/server/CMakeFiles/light_switch_server_nrf52832_xxAA_s132_3.1.0.dir/__/__/__/mesh/access/src/device_state_manager.c.obj
                0x00025360                dsm_local_unicast_addresses_get
 .text.dsm_address_publish_add
                0x0002538c      0x140 examples/light_switch/server/CMakeFiles/light_switch_server_nrf52832_xxAA_s132_3.1.0.dir/__/__/__/mesh/access/src/device_state_manager.c.obj
                0x0002538c                dsm_address_publish_add
 .text.dsm_address_publish_add_handle
                0x000254cc       0x4c examples/light_switch/server/CMakeFiles/light_switch_server_nrf52832_xxAA_s132_3.1.0.dir/__/__/__/mesh/access/src/device_state_manager.c.obj
                0x000254cc                dsm_address_publish_add_handle
 .text.dsm_address_publish_virtual_add
                0x00025518       0xd0 examples/light_switch/server/CMakeFiles/light_switch_server_nrf52832_xxAA_s132_3.1.0.dir/__/__/__/mesh/access/src/device_state_manager.c.obj
                0x00025518                dsm_address_publish_virtual_add
 .text.dsm_address_subscription_add
                0x000255e8      0x124 examples/light_switch/server/CMakeFiles/light_switch_server_nrf52832_xxAA_s132_3.1.0.dir/__/__/__/mesh/access/src/device_state_manager.c.obj
                0x000255e8                dsm_address_subscription_add
 .text.dsm_address_subscription_virtual_add
                0x0002570c       0xd0 examples/light_switch/server/CMakeFiles/light_switch_server_nrf52832_xxAA_s132_3.1.0.dir/__/__/__/mesh/access/src/device_state_manager.c.obj
                0x0002570c                dsm_address_subscription_virtual_add
 .text.dsm_address_subscription_add_handle
                0x000257dc       0x4c examples/light_switch/server/CMakeFiles/light_switch_server_nrf52832_xxAA_s132_3.1.0.dir/__/__/__/mesh/access/src/device_state_manager.c.obj
                0x000257dc                dsm_address_subscription_add_handle
 .text.dsm_address_subscription_get
                0x00025828       0x50 examples/light_switch/server/CMakeFiles/light_switch_server_nrf52832_xxAA_s132_3.1.0.dir/__/__/__/mesh/access/src/device_state_manager.c.obj
                0x00025828                dsm_address_subscription_get
 .text.dsm_address_subscription_remove
                0x00025878       0x84 examples/light_switch/server/CMakeFiles/light_switch_server_nrf52832_xxAA_s132_3.1.0.dir/__/__/__/mesh/access/src/device_state_manager.c.obj
                0x00025878                dsm_address_subscription_remove
 .text.dsm_address_get
                0x000258fc       0x68 examples/light_switch/server/CMakeFiles/light_switch_server_nrf52832_xxAA_s132_3.1.0.dir/__/__/__/mesh/access/src/device_state_manager.c.obj
                0x000258fc                dsm_address_get
 .text.dsm_address_handle_get
                0x00025964       0xc4 examples/light_switch/server/CMakeFiles/light_switch_server_nrf52832_xxAA_s132_3.1.0.dir/__/__/__/mesh/access/src/device_state_manager.c.obj
                0x00025964                dsm_address_handle_get
 .text.dsm_net_key_index_to_subnet_handle
                0x00025a28       0x28 examples/light_switch/server/CMakeFiles/light_switch_server_nrf52832_xxAA_s132_3.1.0.dir/__/__/__/mesh/access/src/device_state_manager.c.obj
                0x00025a28                dsm_net_key_index_to_subnet_handle
 .text.dsm_app_key_index_to_appkey_handle
                0x00025a50       0x28 examples/light_switch/server/CMakeFiles/light_switch_server_nrf52832_xxAA_s132_3.1.0.dir/__/__/__/mesh/access/src/device_state_manager.c.obj
                0x00025a50                dsm_app_key_index_to_appkey_handle
 .text.dsm_appkey_handle_get
                0x00025a78       0x2c examples/light_switch/server/CMakeFiles/light_switch_server_nrf52832_xxAA_s132_3.1.0.dir/__/__/__/mesh/access/src/device_state_manager.c.obj
                0x00025a78                dsm_appkey_handle_get
 .text.dsm_appkey_handle_to_appkey_index
                0x00025aa4       0x24 examples/light_switch/server/CMakeFiles/light_switch_server_nrf52832_xxAA_s132_3.1.0.dir/__/__/__/mesh/access/src/device_state_manager.c.obj
                0x00025aa4                dsm_appkey_handle_to_appkey_index
 .text.dsm_subnet_add
                0x00025ac8       0x94 examples/light_switch/server/CMakeFiles/light_switch_server_nrf52832_xxAA_s132_3.1.0.dir/__/__/__/mesh/access/src/device_state_manager.c.obj
                0x00025ac8                dsm_subnet_add
 .text.dsm_subnet_update
                0x00025b5c       0x84 examples/light_switch/server/CMakeFiles/light_switch_server_nrf52832_xxAA_s132_3.1.0.dir/__/__/__/mesh/access/src/device_state_manager.c.obj
                0x00025b5c                dsm_subnet_update
 .text.dsm_subnet_delete
                0x00025be0      0x124 examples/light_switch/server/CMakeFiles/light_switch_server_nrf52832_xxAA_s132_3.1.0.dir/__/__/__/mesh/access/src/device_state_manager.c.obj
                0x00025be0                dsm_subnet_delete
 .text.dsm_subnet_get_all
                0x00025d04       0x44 examples/light_switch/server/CMakeFiles/light_switch_server_nrf52832_xxAA_s132_3.1.0.dir/__/__/__/mesh/access/src/device_state_manager.c.obj
                0x00025d04                dsm_subnet_get_all
 .text.dsm_devkey_add
                0x00025d48       0xac examples/light_switch/server/CMakeFiles/light_switch_server_nrf52832_xxAA_s132_3.1.0.dir/__/__/__/mesh/access/src/device_state_manager.c.obj
                0x00025d48                dsm_devkey_add
 .text.dsm_appkey_add
                0x00025df4       0xa8 examples/light_switch/server/CMakeFiles/light_switch_server_nrf52832_xxAA_s132_3.1.0.dir/__/__/__/mesh/access/src/device_state_manager.c.obj
                0x00025df4                dsm_appkey_add
 .text.dsm_appkey_update
                0x00025e9c       0xcc examples/light_switch/server/CMakeFiles/light_switch_server_nrf52832_xxAA_s132_3.1.0.dir/__/__/__/mesh/access/src/device_state_manager.c.obj
                0x00025e9c                dsm_appkey_update
 .text.dsm_appkey_delete
                0x00025f68       0x60 examples/light_switch/server/CMakeFiles/light_switch_server_nrf52832_xxAA_s132_3.1.0.dir/__/__/__/mesh/access/src/device_state_manager.c.obj
                0x00025f68                dsm_appkey_delete
 .text.dsm_appkey_get_all
                0x00025fc8       0x54 examples/light_switch/server/CMakeFiles/light_switch_server_nrf52832_xxAA_s132_3.1.0.dir/__/__/__/mesh/access/src/device_state_manager.c.obj
                0x00025fc8                dsm_appkey_get_all
 .text.dsm_tx_secmat_get
                0x0002601c       0xe0 examples/light_switch/server/CMakeFiles/light_switch_server_nrf52832_xxAA_s132_3.1.0.dir/__/__/__/mesh/access/src/device_state_manager.c.obj
                0x0002601c                dsm_tx_secmat_get
 .text.nrf_mesh_net_secmat_next_get
                0x000260fc       0x54 examples/light_switch/server/CMakeFiles/light_switch_server_nrf52832_xxAA_s132_3.1.0.dir/__/__/__/mesh/access/src/device_state_manager.c.obj
                0x000260fc                nrf_mesh_net_secmat_next_get
 .text.nrf_mesh_app_secmat_next_get
                0x00026150       0x80 examples/light_switch/server/CMakeFiles/light_switch_server_nrf52832_xxAA_s132_3.1.0.dir/__/__/__/mesh/access/src/device_state_manager.c.obj
                0x00026150                nrf_mesh_app_secmat_next_get
 .text.nrf_mesh_devkey_secmat_get
                0x000261d0       0x3c examples/light_switch/server/CMakeFiles/light_switch_server_nrf52832_xxAA_s132_3.1.0.dir/__/__/__/mesh/access/src/device_state_manager.c.obj
                0x000261d0                nrf_mesh_devkey_secmat_get
 .text.nrf_mesh_beacon_info_next_get
                0x0002620c       0x7c examples/light_switch/server/CMakeFiles/light_switch_server_nrf52832_xxAA_s132_3.1.0.dir/__/__/__/mesh/access/src/device_state_manager.c.obj
                0x0002620c                nrf_mesh_beacon_info_next_get
 .text.nrf_mesh_rx_address_get
                0x00026288       0xf4 examples/light_switch/server/CMakeFiles/light_switch_server_nrf52832_xxAA_s132_3.1.0.dir/__/__/__/mesh/access/src/device_state_manager.c.obj
                0x00026288                nrf_mesh_rx_address_get
 .text.prov_provisionee_cb_link_established
                0x0002637c       0x24 examples/light_switch/server/CMakeFiles/light_switch_server_nrf52832_xxAA_s132_3.1.0.dir/__/__/__/mesh/prov/src/prov_provisionee.c.obj
 .text.prov_provisionee_cb_link_closed
                0x000263a0       0x80 examples/light_switch/server/CMakeFiles/light_switch_server_nrf52832_xxAA_s132_3.1.0.dir/__/__/__/mesh/prov/src/prov_provisionee.c.obj
 .text.start_authentication
                0x00026420      0x128 examples/light_switch/server/CMakeFiles/light_switch_server_nrf52832_xxAA_s132_3.1.0.dir/__/__/__/mesh/prov/src/prov_provisionee.c.obj
 .text.prov_provisionee_cb_ack_received
                0x00026548      0x11c examples/light_switch/server/CMakeFiles/light_switch_server_nrf52832_xxAA_s132_3.1.0.dir/__/__/__/mesh/prov/src/prov_provisionee.c.obj
 .text.prov_provisionee_pkt_in
                0x00026664      0x30c examples/light_switch/server/CMakeFiles/light_switch_server_nrf52832_xxAA_s132_3.1.0.dir/__/__/__/mesh/prov/src/prov_provisionee.c.obj
 .text.prov_provisionee_init
                0x00026970       0x40 examples/light_switch/server/CMakeFiles/light_switch_server_nrf52832_xxAA_s132_3.1.0.dir/__/__/__/mesh/prov/src/prov_provisionee.c.obj
                0x00026970                prov_provisionee_init
 .text.prov_provisionee_auth_data
                0x000269b0       0x84 examples/light_switch/server/CMakeFiles/light_switch_server_nrf52832_xxAA_s132_3.1.0.dir/__/__/__/mesh/prov/src/prov_provisionee.c.obj
                0x000269b0                prov_provisionee_auth_data
 .text.nrf_mesh_prov_init
                0x00026a34       0x24 examples/light_switch/server/CMakeFiles/light_switch_server_nrf52832_xxAA_s132_3.1.0.dir/__/__/__/mesh/prov/src/nrf_mesh_prov.c.obj
                0x00026a34                nrf_mesh_prov_init
 .text.nrf_mesh_prov_generate_keys
                0x00026a58        0x4 examples/light_switch/server/CMakeFiles/light_switch_server_nrf52832_xxAA_s132_3.1.0.dir/__/__/__/mesh/prov/src/nrf_mesh_prov.c.obj
                0x00026a58                nrf_mesh_prov_generate_keys
 .text.nrf_mesh_prov_listen
                0x00026a5c       0x28 examples/light_switch/server/CMakeFiles/light_switch_server_nrf52832_xxAA_s132_3.1.0.dir/__/__/__/mesh/prov/src/nrf_mesh_prov.c.obj
                0x00026a5c                nrf_mesh_prov_listen
 .text.nrf_mesh_prov_auth_data_provide
                0x00026a84       0x10 examples/light_switch/server/CMakeFiles/light_switch_server_nrf52832_xxAA_s132_3.1.0.dir/__/__/__/mesh/prov/src/nrf_mesh_prov.c.obj
                0x00026a84                nrf_mesh_prov_auth_data_provide
 .text.prov_packet_length_valid
                0x00026a94       0x20 examples/light_switch/server/CMakeFiles/light_switch_server_nrf52832_xxAA_s132_3.1.0.dir/__/__/__/mesh/prov/src/provisioning.c.obj
                0x00026a94                prov_packet_length_valid
 .text.prov_init
                0x00026ab4       0x34 examples/light_switch/server/CMakeFiles/light_switch_server_nrf52832_xxAA_s132_3.1.0.dir/__/__/__/mesh/prov/src/provisioning.c.obj
                0x00026ab4                prov_init
 .text.prov_listen_start
                0x00026ae8       0x14 examples/light_switch/server/CMakeFiles/light_switch_server_nrf52832_xxAA_s132_3.1.0.dir/__/__/__/mesh/prov/src/provisioning.c.obj
                0x00026ae8                prov_listen_start
 .text.prov_link_close
                0x00026afc        0x8 examples/light_switch/server/CMakeFiles/light_switch_server_nrf52832_xxAA_s132_3.1.0.dir/__/__/__/mesh/prov/src/provisioning.c.obj
                0x00026afc                prov_link_close
 .text.prov_tx_capabilities
                0x00026b04       0x4c examples/light_switch/server/CMakeFiles/light_switch_server_nrf52832_xxAA_s132_3.1.0.dir/__/__/__/mesh/prov/src/provisioning.c.obj
                0x00026b04                prov_tx_capabilities
 .text.prov_tx_public_key
                0x00026b50       0x40 examples/light_switch/server/CMakeFiles/light_switch_server_nrf52832_xxAA_s132_3.1.0.dir/__/__/__/mesh/prov/src/provisioning.c.obj
                0x00026b50                prov_tx_public_key
 .text.prov_tx_input_complete
                0x00026b90       0x34 examples/light_switch/server/CMakeFiles/light_switch_server_nrf52832_xxAA_s132_3.1.0.dir/__/__/__/mesh/prov/src/provisioning.c.obj
                0x00026b90                prov_tx_input_complete
 .text.prov_tx_confirmation
                0x00026bc4       0x40 examples/light_switch/server/CMakeFiles/light_switch_server_nrf52832_xxAA_s132_3.1.0.dir/__/__/__/mesh/prov/src/provisioning.c.obj
                0x00026bc4                prov_tx_confirmation
 .text.prov_tx_random
                0x00026c04       0x40 examples/light_switch/server/CMakeFiles/light_switch_server_nrf52832_xxAA_s132_3.1.0.dir/__/__/__/mesh/prov/src/provisioning.c.obj
                0x00026c04                prov_tx_random
 .text.prov_tx_complete
                0x00026c44       0x34 examples/light_switch/server/CMakeFiles/light_switch_server_nrf52832_xxAA_s132_3.1.0.dir/__/__/__/mesh/prov/src/provisioning.c.obj
                0x00026c44                prov_tx_complete
 .text.prov_tx_failed
                0x00026c78       0x38 examples/light_switch/server/CMakeFiles/light_switch_server_nrf52832_xxAA_s132_3.1.0.dir/__/__/__/mesh/prov/src/provisioning.c.obj
                0x00026c78                prov_tx_failed
 .text.prov_cb_link_opened
                0x00026cb0        0x8 examples/light_switch/server/CMakeFiles/light_switch_server_nrf52832_xxAA_s132_3.1.0.dir/__/__/__/mesh/prov/src/provisioning.c.obj
                0x00026cb0                prov_cb_link_opened
 .text.prov_cb_link_closed
                0x00026cb8        0x8 examples/light_switch/server/CMakeFiles/light_switch_server_nrf52832_xxAA_s132_3.1.0.dir/__/__/__/mesh/prov/src/provisioning.c.obj
                0x00026cb8                prov_cb_link_closed
 .text.prov_cb_pkt_in
                0x00026cc0       0x88 examples/light_switch/server/CMakeFiles/light_switch_server_nrf52832_xxAA_s132_3.1.0.dir/__/__/__/mesh/prov/src/provisioning.c.obj
                0x00026cc0                prov_cb_pkt_in
 .text.prov_cb_ack_in
                0x00026d48        0x8 examples/light_switch/server/CMakeFiles/light_switch_server_nrf52832_xxAA_s132_3.1.0.dir/__/__/__/mesh/prov/src/provisioning.c.obj
                0x00026d48                prov_cb_ack_in
 .text.prov_beacon_unprov_build
                0x00026d50       0x54 examples/light_switch/server/CMakeFiles/light_switch_server_nrf52832_xxAA_s132_3.1.0.dir/__/__/__/mesh/prov/src/prov_beacon.c.obj
                0x00026d50                prov_beacon_unprov_build
 .text.prov_beacon_unprov_packet_in
                0x00026da4       0xbc examples/light_switch/server/CMakeFiles/light_switch_server_nrf52832_xxAA_s132_3.1.0.dir/__/__/__/mesh/prov/src/prov_beacon.c.obj
                0x00026da4                prov_beacon_unprov_packet_in
 .text.prov_utils_opt_set
                0x00026e60       0x24 examples/light_switch/server/CMakeFiles/light_switch_server_nrf52832_xxAA_s132_3.1.0.dir/__/__/__/mesh/prov/src/prov_utils.c.obj
                0x00026e60                prov_utils_opt_set
 .text.prov_utils_opt_get
                0x00026e84       0x1c examples/light_switch/server/CMakeFiles/light_switch_server_nrf52832_xxAA_s132_3.1.0.dir/__/__/__/mesh/prov/src/prov_utils.c.obj
                0x00026e84                prov_utils_opt_get
 .text.prov_utils_use_ecdh_offloading
                0x00026ea0        0xc examples/light_switch/server/CMakeFiles/light_switch_server_nrf52832_xxAA_s132_3.1.0.dir/__/__/__/mesh/prov/src/prov_utils.c.obj
                0x00026ea0                prov_utils_use_ecdh_offloading
 .text.prov_utils_authentication_values_derive
                0x00026eac       0xac examples/light_switch/server/CMakeFiles/light_switch_server_nrf52832_xxAA_s132_3.1.0.dir/__/__/__/mesh/prov/src/prov_utils.c.obj
                0x00026eac                prov_utils_authentication_values_derive
 .text.prov_utils_keys_generate
                0x00026f58       0x20 examples/light_switch/server/CMakeFiles/light_switch_server_nrf52832_xxAA_s132_3.1.0.dir/__/__/__/mesh/prov/src/prov_utils.c.obj
                0x00026f58                prov_utils_keys_generate
 .text.prov_utils_derive_keys
                0x00026f78       0xb4 examples/light_switch/server/CMakeFiles/light_switch_server_nrf52832_xxAA_s132_3.1.0.dir/__/__/__/mesh/prov/src/prov_utils.c.obj
                0x00026f78                prov_utils_derive_keys
 .text.prov_utils_calculate_shared_secret
                0x0002702c       0x38 examples/light_switch/server/CMakeFiles/light_switch_server_nrf52832_xxAA_s132_3.1.0.dir/__/__/__/mesh/prov/src/prov_utils.c.obj
                0x0002702c                prov_utils_calculate_shared_secret
 .text.prov_utils_generate_oob_data
                0x00027064      0x1c8 examples/light_switch/server/CMakeFiles/light_switch_server_nrf52832_xxAA_s132_3.1.0.dir/__/__/__/mesh/prov/src/prov_utils.c.obj
                0x00027064                prov_utils_generate_oob_data
 .text.prov_utils_confirmation_check
                0x0002722c       0x5c examples/light_switch/server/CMakeFiles/light_switch_server_nrf52832_xxAA_s132_3.1.0.dir/__/__/__/mesh/prov/src/prov_utils.c.obj
                0x0002722c                prov_utils_confirmation_check
 .text.remove_active_bearer
                0x00027288       0x70 examples/light_switch/server/CMakeFiles/light_switch_server_nrf52832_xxAA_s132_3.1.0.dir/__/__/__/mesh/prov/src/prov_bearer_adv.c.obj
 .text.prov_bearer_adv_listen_stop
                0x000272f8       0x3c examples/light_switch/server/CMakeFiles/light_switch_server_nrf52832_xxAA_s132_3.1.0.dir/__/__/__/mesh/prov/src/prov_bearer_adv.c.obj
 .text.link_timeout_cb
                0x00027334        0x8 examples/light_switch/server/CMakeFiles/light_switch_server_nrf52832_xxAA_s132_3.1.0.dir/__/__/__/mesh/prov/src/prov_bearer_adv.c.obj
 .text.tx_complete_cb
                0x0002733c       0x20 examples/light_switch/server/CMakeFiles/light_switch_server_nrf52832_xxAA_s132_3.1.0.dir/__/__/__/mesh/prov/src/prov_bearer_adv.c.obj
 .text.prov_bearer_adv_listen
                0x0002735c      0x160 examples/light_switch/server/CMakeFiles/light_switch_server_nrf52832_xxAA_s132_3.1.0.dir/__/__/__/mesh/prov/src/prov_bearer_adv.c.obj
 .text.prov_buffer_tx
                0x000274bc      0x218 examples/light_switch/server/CMakeFiles/light_switch_server_nrf52832_xxAA_s132_3.1.0.dir/__/__/__/mesh/prov/src/prov_bearer_adv.c.obj
 .text.prov_bearer_adv_tx
                0x000276d4       0xd4 examples/light_switch/server/CMakeFiles/light_switch_server_nrf52832_xxAA_s132_3.1.0.dir/__/__/__/mesh/prov/src/prov_bearer_adv.c.obj
 .text.send_link_ack
                0x000277a8       0x90 examples/light_switch/server/CMakeFiles/light_switch_server_nrf52832_xxAA_s132_3.1.0.dir/__/__/__/mesh/prov/src/prov_bearer_adv.c.obj
 .text.tx_retry_cb
                0x00027838      0x148 examples/light_switch/server/CMakeFiles/light_switch_server_nrf52832_xxAA_s132_3.1.0.dir/__/__/__/mesh/prov/src/prov_bearer_adv.c.obj
 .text.send_transaction_ack
                0x00027980       0x78 examples/light_switch/server/CMakeFiles/light_switch_server_nrf52832_xxAA_s132_3.1.0.dir/__/__/__/mesh/prov/src/prov_bearer_adv.c.obj
 .text.prov_buffer_rx
                0x000279f8       0xa4 examples/light_switch/server/CMakeFiles/light_switch_server_nrf52832_xxAA_s132_3.1.0.dir/__/__/__/mesh/prov/src/prov_bearer_adv.c.obj
 .text.async_process
                0x00027a9c       0xb4 examples/light_switch/server/CMakeFiles/light_switch_server_nrf52832_xxAA_s132_3.1.0.dir/__/__/__/mesh/prov/src/prov_bearer_adv.c.obj
 .text.prov_bearer_adv_link_open
                0x00027b50      0x1c4 examples/light_switch/server/CMakeFiles/light_switch_server_nrf52832_xxAA_s132_3.1.0.dir/__/__/__/mesh/prov/src/prov_bearer_adv.c.obj
 .text.prov_bearer_adv_link_close
                0x00027d14      0x154 examples/light_switch/server/CMakeFiles/light_switch_server_nrf52832_xxAA_s132_3.1.0.dir/__/__/__/mesh/prov/src/prov_bearer_adv.c.obj
 .text.prov_bearer_adv_interface_get
                0x00027e68       0x28 examples/light_switch/server/CMakeFiles/light_switch_server_nrf52832_xxAA_s132_3.1.0.dir/__/__/__/mesh/prov/src/prov_bearer_adv.c.obj
                0x00027e68                prov_bearer_adv_interface_get
 .text.prov_bearer_adv_packet_in
                0x00027e90      0x9d0 examples/light_switch/server/CMakeFiles/light_switch_server_nrf52832_xxAA_s132_3.1.0.dir/__/__/__/mesh/prov/src/prov_bearer_adv.c.obj
                0x00027e90                prov_bearer_adv_packet_in
 .text.sd_softdevice_enable
                0x00028860        0x4 examples/light_switch/server/CMakeFiles/light_switch_server_nrf52832_xxAA_s132_3.1.0.dir/__/__/__/mesh/access/src/nrf_mesh_node_config.c.obj
 .text.sd_softdevice_is_enabled
                0x00028864        0x4 examples/light_switch/server/CMakeFiles/light_switch_server_nrf52832_xxAA_s132_3.1.0.dir/__/__/__/mesh/access/src/nrf_mesh_node_config.c.obj
 .text.default_mesh_assertion_handler
                0x00028868       0x7c examples/light_switch/server/CMakeFiles/light_switch_server_nrf52832_xxAA_s132_3.1.0.dir/__/__/__/mesh/access/src/nrf_mesh_node_config.c.obj
                0x00028868                default_mesh_assertion_handler
 .text.default_softdevice_assertion_handler
                0x000288e4       0x84 examples/light_switch/server/CMakeFiles/light_switch_server_nrf52832_xxAA_s132_3.1.0.dir/__/__/__/mesh/access/src/nrf_mesh_node_config.c.obj
 .text.mesh_evt_handler
                0x00028968      0x118 examples/light_switch/server/CMakeFiles/light_switch_server_nrf52832_xxAA_s132_3.1.0.dir/__/__/__/mesh/access/src/nrf_mesh_node_config.c.obj
 .text.nrf_mesh_node_config
                0x00028a80      0x180 examples/light_switch/server/CMakeFiles/light_switch_server_nrf52832_xxAA_s132_3.1.0.dir/__/__/__/mesh/access/src/nrf_mesh_node_config.c.obj
                0x00028a80                nrf_mesh_node_config
 .text.SystemInit
                0x00028c00      0x390 examples/light_switch/server/CMakeFiles/light_switch_server_nrf52832_xxAA_s132_3.1.0.dir/__/__/__/external/nRF5_SDK_14.0.0_3bcc1f7/components/toolchain/system_nrf52.c.obj
                0x00028c00                SystemInit
 .text          0x00028f90       0x3c examples/light_switch/server/CMakeFiles/light_switch_server_nrf52832_xxAA_s132_3.1.0.dir/__/__/__/external/nRF5_SDK_14.0.0_3bcc1f7/components/toolchain/gcc/gcc_startup_nrf52.S.obj
                0x00028f90                Reset_Handler
                0x00028fb8                NMI_Handler
                0x00028fbc                MemoryManagement_Handler
                0x00028fbe                BusFault_Handler
                0x00028fc0                UsageFault_Handler
                0x00028fc2                SVC_Handler
                0x00028fc4                DebugMon_Handler
                0x00028fc6                PendSV_Handler
                0x00028fc8                SysTick_Handler
                0x00028fca                RADIO_IRQHandler
                0x00028fca                PDM_IRQHandler
                0x00028fca                TEMP_IRQHandler
                0x00028fca                TIMER3_IRQHandler
                0x00028fca                FPU_IRQHandler
                0x00028fca                RTC0_IRQHandler
                0x00028fca                PWM1_IRQHandler
                0x00028fca                UARTE0_UART0_IRQHandler
                0x00028fca                POWER_CLOCK_IRQHandler
                0x00028fca                I2S_IRQHandler
                0x00028fca                SWI4_EGU4_IRQHandler
                0x00028fca                TIMER0_IRQHandler
                0x00028fca                SPIM0_SPIS0_TWIM0_TWIS0_SPI0_TWI0_IRQHandler
                0x00028fca                TIMER1_IRQHandler
                0x00028fca                PWM2_IRQHandler
                0x00028fca                ECB_IRQHandler
                0x00028fca                SPIM1_SPIS1_TWIM1_TWIS1_SPI1_TWI1_IRQHandler
                0x00028fca                Default_Handler
                0x00028fca                SAADC_IRQHandler
                0x00028fca                CCM_AAR_IRQHandler
                0x00028fca                WDT_IRQHandler
                0x00028fca                TIMER4_IRQHandler
                0x00028fca                SWI5_EGU5_IRQHandler
                0x00028fca                RNG_IRQHandler
                0x00028fca                RTC2_IRQHandler
                0x00028fca                PWM0_IRQHandler
                0x00028fca                SWI3_EGU3_IRQHandler
                0x00028fca                RTC1_IRQHandler
                0x00028fca                SWI1_EGU1_IRQHandler
                0x00028fca                SPIM2_SPIS2_SPI2_IRQHandler
                0x00028fca                NFCT_IRQHandler
                0x00028fca                SWI0_EGU0_IRQHandler
                0x00028fca                MWU_IRQHandler
                0x00028fca                TIMER2_IRQHandler
                0x00028fca                COMP_LPCOMP_IRQHandler
 .text.nrf_mesh_configure_device_uuid_reset
                0x00028fcc       0x2c mesh/core/libmesh_core_nrf52832_xxAA.a(nrf_mesh_configure.c.obj)
                0x00028fcc                nrf_mesh_configure_device_uuid_reset
 .text.nrf_mesh_configure_device_uuid_get
                0x00028ff8        0x8 mesh/core/libmesh_core_nrf52832_xxAA.a(nrf_mesh_configure.c.obj)
                0x00028ff8                nrf_mesh_configure_device_uuid_get
 .text.event_handle
                0x00029000       0x34 mesh/core/libmesh_core_nrf52832_xxAA.a(event.c.obj)
                0x00029000                event_handle
 .text.event_handler_add
                0x00029034       0x90 mesh/core/libmesh_core_nrf52832_xxAA.a(event.c.obj)
                0x00029034                event_handler_add
 .text.event_handler_remove
                0x000290c4       0x6c mesh/core/libmesh_core_nrf52832_xxAA.a(event.c.obj)
                0x000290c4                event_handler_remove
 .text.flash_mem_available
                0x00029130       0x28 mesh/core/libmesh_core_nrf52832_xxAA.a(net_state.c.obj)
 .text.flash_store_iv_index
                0x00029158       0x38 mesh/core/libmesh_core_nrf52832_xxAA.a(net_state.c.obj)
 .text.init_flash_storage
                0x00029190       0x44 mesh/core/libmesh_core_nrf52832_xxAA.a(net_state.c.obj)
 .text.flash_write_complete
                0x000291d4       0x7c mesh/core/libmesh_core_nrf52832_xxAA.a(net_state.c.obj)
 .text.seqnum_block_allocate
                0x00029250       0x4c mesh/core/libmesh_core_nrf52832_xxAA.a(net_state.c.obj)
 .text.iv_update_trigger_if_pending
                0x0002929c      0x17c mesh/core/libmesh_core_nrf52832_xxAA.a(net_state.c.obj)
 .text.iv_update_timer_handler
                0x00029418       0x80 mesh/core/libmesh_core_nrf52832_xxAA.a(net_state.c.obj)
 .text.net_state_recover_from_flash
                0x00029498      0x10c mesh/core/libmesh_core_nrf52832_xxAA.a(net_state.c.obj)
                0x00029498                net_state_recover_from_flash
 .text.net_state_flash_area_get
                0x000295a4        0xc mesh/core/libmesh_core_nrf52832_xxAA.a(net_state.c.obj)
                0x000295a4                net_state_flash_area_get
 .text.net_state_init
                0x000295b0       0x80 mesh/core/libmesh_core_nrf52832_xxAA.a(net_state.c.obj)
                0x000295b0                net_state_init
 .text.net_state_seqnum_alloc
                0x00029630       0xd4 mesh/core/libmesh_core_nrf52832_xxAA.a(net_state.c.obj)
                0x00029630                net_state_seqnum_alloc
 .text.net_state_iv_index_lock
                0x00029704       0x50 mesh/core/libmesh_core_nrf52832_xxAA.a(net_state.c.obj)
                0x00029704                net_state_iv_index_lock
 .text.net_state_beacon_received
                0x00029754       0xec mesh/core/libmesh_core_nrf52832_xxAA.a(net_state.c.obj)
                0x00029754                net_state_beacon_received
 .text.net_state_beacon_iv_index_get
                0x00029840        0xc mesh/core/libmesh_core_nrf52832_xxAA.a(net_state.c.obj)
                0x00029840                net_state_beacon_iv_index_get
 .text.net_state_tx_iv_index_get
                0x0002984c       0x14 mesh/core/libmesh_core_nrf52832_xxAA.a(net_state.c.obj)
                0x0002984c                net_state_tx_iv_index_get
 .text.net_state_rx_iv_index_get
                0x00029860       0x18 mesh/core/libmesh_core_nrf52832_xxAA.a(net_state.c.obj)
                0x00029860                net_state_rx_iv_index_get
 .text.net_state_iv_update_get
                0x00029878        0xc mesh/core/libmesh_core_nrf52832_xxAA.a(net_state.c.obj)
                0x00029878                net_state_iv_update_get
 .text.nrf_mesh_address_type_get
                0x00029884       0x10 mesh/core/libmesh_core_nrf52832_xxAA.a(nrf_mesh_utils.c.obj)
                0x00029884                nrf_mesh_address_type_get
 .text.sd_softdevice_is_enabled
                0x00029894        0x4 mesh/core/libmesh_core_nrf52832_xxAA.a(nrf_mesh.c.obj)
 .text.nrf_mesh_init
                0x00029898       0xc0 mesh/core/libmesh_core_nrf52832_xxAA.a(nrf_mesh.c.obj)
                0x00029898                nrf_mesh_init
 .text.nrf_mesh_enable
                0x00029958       0x50 mesh/core/libmesh_core_nrf52832_xxAA.a(nrf_mesh.c.obj)
                0x00029958                nrf_mesh_enable
 .text.nrf_mesh_packet_send
                0x000299a8        0x4 mesh/core/libmesh_core_nrf52832_xxAA.a(nrf_mesh.c.obj)
                0x000299a8                nrf_mesh_packet_send
 .text.nrf_mesh_process
                0x000299ac      0x21c mesh/core/libmesh_core_nrf52832_xxAA.a(nrf_mesh.c.obj)
                0x000299ac                nrf_mesh_process
 .text.nrf_mesh_on_ble_evt
                0x00029bc8        0x4 mesh/core/libmesh_core_nrf52832_xxAA.a(nrf_mesh.c.obj)
                0x00029bc8                nrf_mesh_on_ble_evt
 .text.nrf_mesh_on_sd_evt
                0x00029bcc        0xc mesh/core/libmesh_core_nrf52832_xxAA.a(nrf_mesh.c.obj)
                0x00029bcc                nrf_mesh_on_sd_evt
 .text.nrf_mesh_evt_handler_add
                0x00029bd8        0x4 mesh/core/libmesh_core_nrf52832_xxAA.a(nrf_mesh.c.obj)
                0x00029bd8                nrf_mesh_evt_handler_add
 .text.nrf_mesh_evt_handler_remove
                0x00029bdc        0x4 mesh/core/libmesh_core_nrf52832_xxAA.a(nrf_mesh.c.obj)
                0x00029bdc                nrf_mesh_evt_handler_remove
 .text.hal_lfclk_ppm_get
                0x00029be0       0x14 mesh/core/libmesh_core_nrf52832_xxAA.a(hal.c.obj)
                0x00029be0                hal_lfclk_ppm_get
 .text.timer_cb
                0x00029bf4        0xc mesh/core/libmesh_core_nrf52832_xxAA.a(timer_scheduler.c.obj)
 .text.add_evt.constprop.0
                0x00029c00       0x78 mesh/core/libmesh_core_nrf52832_xxAA.a(timer_scheduler.c.obj)
 .text.flag_event_cb
                0x00029c78      0x2e4 mesh/core/libmesh_core_nrf52832_xxAA.a(timer_scheduler.c.obj)
 .text.timer_sch_init
                0x00029f5c       0x24 mesh/core/libmesh_core_nrf52832_xxAA.a(timer_scheduler.c.obj)
                0x00029f5c                timer_sch_init
 .text.timer_sch_schedule
                0x00029f80       0x84 mesh/core/libmesh_core_nrf52832_xxAA.a(timer_scheduler.c.obj)
                0x00029f80                timer_sch_schedule
 .text.timer_sch_abort
                0x0002a004       0x68 mesh/core/libmesh_core_nrf52832_xxAA.a(timer_scheduler.c.obj)
                0x0002a004                timer_sch_abort
 .text.timer_sch_reschedule
                0x0002a06c       0xa4 mesh/core/libmesh_core_nrf52832_xxAA.a(timer_scheduler.c.obj)
                0x0002a06c                timer_sch_reschedule
 .text.timer_event_handler
                0x0002a110       0xd8 mesh/core/libmesh_core_nrf52832_xxAA.a(timer.c.obj)
                0x0002a110                timer_event_handler
 .text.timer_order_cb
                0x0002a1e8       0x98 mesh/core/libmesh_core_nrf52832_xxAA.a(timer.c.obj)
                0x0002a1e8                timer_order_cb
 .text.timer_now
                0x0002a280       0x58 mesh/core/libmesh_core_nrf52832_xxAA.a(timer.c.obj)
                0x0002a280                timer_now
 .text.timer_on_ts_begin
                0x0002a2d8      0x110 mesh/core/libmesh_core_nrf52832_xxAA.a(timer.c.obj)
                0x0002a2d8                timer_on_ts_begin
 .text.timer_on_ts_end
                0x0002a3e8       0x78 mesh/core/libmesh_core_nrf52832_xxAA.a(timer.c.obj)
                0x0002a3e8                timer_on_ts_end
 .text.timer_cb
                0x0002a460       0x10 mesh/core/libmesh_core_nrf52832_xxAA.a(ticker.c.obj)
 .text.ticker_init
                0x0002a470       0x3c mesh/core/libmesh_core_nrf52832_xxAA.a(ticker.c.obj)
                0x0002a470                ticker_init
 .text.sd_rand_application_bytes_available_get
                0x0002a4ac        0x4 mesh/core/libmesh_core_nrf52832_xxAA.a(rand.c.obj)
 .text.sd_rand_application_vector_get
                0x0002a4b0        0x4 mesh/core/libmesh_core_nrf52832_xxAA.a(rand.c.obj)
 .text.rand_prng_seed
                0x0002a4b4       0x6c mesh/core/libmesh_core_nrf52832_xxAA.a(rand.c.obj)
                0x0002a4b4                rand_prng_seed
 .text.rand_prng_get
                0x0002a520       0x28 mesh/core/libmesh_core_nrf52832_xxAA.a(rand.c.obj)
                0x0002a520                rand_prng_get
 .text.rand_hw_rng_get
                0x0002a548       0x58 mesh/core/libmesh_core_nrf52832_xxAA.a(rand.c.obj)
                0x0002a548                rand_hw_rng_get
 .text.nrf_mesh_opt_set
                0x0002a5a0       0x28 mesh/core/libmesh_core_nrf52832_xxAA.a(nrf_mesh_opt.c.obj)
                0x0002a5a0                nrf_mesh_opt_set
 .text.nrf_mesh_opt_get
                0x0002a5c8       0x28 mesh/core/libmesh_core_nrf52832_xxAA.a(nrf_mesh_opt.c.obj)
                0x0002a5c8                nrf_mesh_opt_get
 .text.sd_radio_session_open
                0x0002a5f0        0x4 mesh/core/libmesh_core_nrf52832_xxAA.a(timeslot.c.obj)
 .text.sd_radio_session_close
                0x0002a5f4        0x4 mesh/core/libmesh_core_nrf52832_xxAA.a(timeslot.c.obj)
 .text.sd_radio_request
                0x0002a5f8        0x4 mesh/core/libmesh_core_nrf52832_xxAA.a(timeslot.c.obj)
 .text.end_timer_handler
                0x0002a5fc       0x2c mesh/core/libmesh_core_nrf52832_xxAA.a(timeslot.c.obj)
 .text.radio_signal_callback
                0x0002a628      0x324 mesh/core/libmesh_core_nrf52832_xxAA.a(timeslot.c.obj)
 .text.timeslot_sd_event_handler
                0x0002a94c       0x50 mesh/core/libmesh_core_nrf52832_xxAA.a(timeslot.c.obj)
                0x0002a94c                timeslot_sd_event_handler
 .text.timeslot_init
                0x0002a99c       0x4c mesh/core/libmesh_core_nrf52832_xxAA.a(timeslot.c.obj)
                0x0002a99c                timeslot_init
 .text.timeslot_start
                0x0002a9e8       0x20 mesh/core/libmesh_core_nrf52832_xxAA.a(timeslot.c.obj)
                0x0002a9e8                timeslot_start
 .text.timeslot_stop
                0x0002aa08       0x30 mesh/core/libmesh_core_nrf52832_xxAA.a(timeslot.c.obj)
                0x0002aa08                timeslot_stop
 .text.timeslot_state_lock
                0x0002aa38       0x44 mesh/core/libmesh_core_nrf52832_xxAA.a(timeslot.c.obj)
                0x0002aa38                timeslot_state_lock
 .text.timeslot_end_is_pending
                0x0002aa7c       0x24 mesh/core/libmesh_core_nrf52832_xxAA.a(timeslot.c.obj)
                0x0002aa7c                timeslot_end_is_pending
 .text.timeslot_start_time_get
                0x0002aaa0        0xc mesh/core/libmesh_core_nrf52832_xxAA.a(timeslot.c.obj)
                0x0002aaa0                timeslot_start_time_get
 .text.timeslot_remaining_time_get
                0x0002aaac       0x40 mesh/core/libmesh_core_nrf52832_xxAA.a(timeslot.c.obj)
                0x0002aaac                timeslot_remaining_time_get
 .text.timeslot_is_in_cb
                0x0002aaec        0xc mesh/core/libmesh_core_nrf52832_xxAA.a(timeslot.c.obj)
                0x0002aaec                timeslot_is_in_cb
 .text.timeslot_trigger
                0x0002aaf8       0x24 mesh/core/libmesh_core_nrf52832_xxAA.a(timeslot.c.obj)
                0x0002aaf8                timeslot_trigger
 .text.QDEC_IRQHandler
                0x0002ab1c       0xe0 mesh/core/libmesh_core_nrf52832_xxAA.a(bearer_event.c.obj)
                0x0002ab1c                QDEC_IRQHandler
 .text.bearer_event_init
                0x0002abfc       0x3c mesh/core/libmesh_core_nrf52832_xxAA.a(bearer_event.c.obj)
                0x0002abfc                bearer_event_init
 .text.bearer_event_timer_post
                0x0002ac38       0x50 mesh/core/libmesh_core_nrf52832_xxAA.a(bearer_event.c.obj)
                0x0002ac38                bearer_event_timer_post
 .text.bearer_event_critical_section_begin
                0x0002ac88       0x44 mesh/core/libmesh_core_nrf52832_xxAA.a(bearer_event.c.obj)
                0x0002ac88                bearer_event_critical_section_begin
 .text.bearer_event_critical_section_end
                0x0002accc       0x44 mesh/core/libmesh_core_nrf52832_xxAA.a(bearer_event.c.obj)
                0x0002accc                bearer_event_critical_section_end
 .text.bearer_event_flag_add
                0x0002ad10       0x50 mesh/core/libmesh_core_nrf52832_xxAA.a(bearer_event.c.obj)
                0x0002ad10                bearer_event_flag_add
 .text.bearer_event_flag_set
                0x0002ad60       0x58 mesh/core/libmesh_core_nrf52832_xxAA.a(bearer_event.c.obj)
                0x0002ad60                bearer_event_flag_set
 .text.bearer_event_sequential_add
                0x0002adb8       0x48 mesh/core/libmesh_core_nrf52832_xxAA.a(bearer_event.c.obj)
                0x0002adb8                bearer_event_sequential_add
 .text.bearer_event_sequential_post
                0x0002ae00       0x6c mesh/core/libmesh_core_nrf52832_xxAA.a(bearer_event.c.obj)
                0x0002ae00                bearer_event_sequential_post
 .text.bearer_event_sequential_pending
                0x0002ae6c       0x20 mesh/core/libmesh_core_nrf52832_xxAA.a(bearer_event.c.obj)
                0x0002ae6c                bearer_event_sequential_pending
 .text.enc_aes_encrypt
                0x0002ae8c        0x4 mesh/core/libmesh_core_nrf52832_xxAA.a(enc.c.obj)
                0x0002ae8c                enc_aes_encrypt
 .text.enc_aes_cmac
                0x0002ae90        0x4 mesh/core/libmesh_core_nrf52832_xxAA.a(enc.c.obj)
                0x0002ae90                enc_aes_cmac
 .text.enc_aes_ccm_encrypt
                0x0002ae94        0x4 mesh/core/libmesh_core_nrf52832_xxAA.a(enc.c.obj)
                0x0002ae94                enc_aes_ccm_encrypt
 .text.enc_aes_ccm_decrypt
                0x0002ae98        0x4 mesh/core/libmesh_core_nrf52832_xxAA.a(enc.c.obj)
                0x0002ae98                enc_aes_ccm_decrypt
 .text.enc_nonce_generate
                0x0002ae9c       0xc4 mesh/core/libmesh_core_nrf52832_xxAA.a(enc.c.obj)
                0x0002ae9c                enc_nonce_generate
 .text.enc_s1   0x0002af60       0x40 mesh/core/libmesh_core_nrf52832_xxAA.a(enc.c.obj)
                0x0002af60                enc_s1
 .text.enc_k1   0x0002afa0       0x50 mesh/core/libmesh_core_nrf52832_xxAA.a(enc.c.obj)
                0x0002afa0                enc_k1
 .text.enc_k2   0x0002aff0       0xec mesh/core/libmesh_core_nrf52832_xxAA.a(enc.c.obj)
                0x0002aff0                enc_k2
 .text.enc_k3   0x0002b0dc       0x74 mesh/core/libmesh_core_nrf52832_xxAA.a(enc.c.obj)
                0x0002b0dc                enc_k3
 .text.enc_k4   0x0002b150       0x6c mesh/core/libmesh_core_nrf52832_xxAA.a(enc.c.obj)
                0x0002b150                enc_k4
 .text.network_init
                0x0002b1bc       0x28 mesh/core/libmesh_core_nrf52832_xxAA.a(network.c.obj)
                0x0002b1bc                network_init
 .text.network_opt_set
                0x0002b1e4       0x58 mesh/core/libmesh_core_nrf52832_xxAA.a(network.c.obj)
                0x0002b1e4                network_opt_set
 .text.network_opt_get
                0x0002b23c       0x4c mesh/core/libmesh_core_nrf52832_xxAA.a(network.c.obj)
                0x0002b23c                network_opt_get
 .text.network_packet_alloc
                0x0002b288      0x1a4 mesh/core/libmesh_core_nrf52832_xxAA.a(network.c.obj)
                0x0002b288                network_packet_alloc
 .text.network_packet_send
                0x0002b42c      0x1ec mesh/core/libmesh_core_nrf52832_xxAA.a(network.c.obj)
                0x0002b42c                network_packet_send
 .text.network_packet_in
                0x0002b618      0x6c8 mesh/core/libmesh_core_nrf52832_xxAA.a(network.c.obj)
                0x0002b618                network_packet_in
 .text.nrf_mesh_keygen_aid
                0x0002bce0       0x18 mesh/core/libmesh_core_nrf52832_xxAA.a(nrf_mesh_keygen.c.obj)
                0x0002bce0                nrf_mesh_keygen_aid
 .text.nrf_mesh_keygen_network_secmat
                0x0002bcf8       0x24 mesh/core/libmesh_core_nrf52832_xxAA.a(nrf_mesh_keygen.c.obj)
                0x0002bcf8                nrf_mesh_keygen_network_secmat
 .text.nrf_mesh_keygen_beacon_secmat
                0x0002bd1c       0x50 mesh/core/libmesh_core_nrf52832_xxAA.a(nrf_mesh_keygen.c.obj)
                0x0002bd1c                nrf_mesh_keygen_beacon_secmat
 .text.nrf_mesh_keygen_virtual_address
                0x0002bd6c       0x50 mesh/core/libmesh_core_nrf52832_xxAA.a(nrf_mesh_keygen.c.obj)
                0x0002bd6c                nrf_mesh_keygen_virtual_address
 .text.log_callback_rtt
                0x0002bdbc       0x2c mesh/core/libmesh_core_nrf52832_xxAA.a(log.c.obj)
                0x0002bdbc                log_callback_rtt
 .text.log_init
                0x0002bde8       0x20 mesh/core/libmesh_core_nrf52832_xxAA.a(log.c.obj)
                0x0002bde8                log_init
 .text.log_printf
                0x0002be08       0x20 mesh/core/libmesh_core_nrf52832_xxAA.a(log.c.obj)
                0x0002be08                log_printf
 .text.process_action_queue
                0x0002be28      0x834 mesh/core/libmesh_core_nrf52832_xxAA.a(flash_manager.c.obj)
 .text.flash_op_ended_callback
                0x0002c65c       0x24 mesh/core/libmesh_core_nrf52832_xxAA.a(flash_manager.c.obj)
 .text.flash_manager_init
                0x0002c680       0x68 mesh/core/libmesh_core_nrf52832_xxAA.a(flash_manager.c.obj)
                0x0002c680                flash_manager_init
 .text.flash_manager_remove
                0x0002c6e8       0x78 mesh/core/libmesh_core_nrf52832_xxAA.a(flash_manager.c.obj)
                0x0002c6e8                flash_manager_remove
 .text.flash_manager_entry_get
                0x0002c760       0x54 mesh/core/libmesh_core_nrf52832_xxAA.a(flash_manager.c.obj)
                0x0002c760                flash_manager_entry_get
 .text.flash_manager_entry_next_get
                0x0002c7b4      0x15c mesh/core/libmesh_core_nrf52832_xxAA.a(flash_manager.c.obj)
                0x0002c7b4                flash_manager_entry_next_get
 .text.flash_manager_entry_alloc
                0x0002c910       0x9c mesh/core/libmesh_core_nrf52832_xxAA.a(flash_manager.c.obj)
                0x0002c910                flash_manager_entry_alloc
 .text.flash_manager_entry_commit
                0x0002c9ac       0x6c mesh/core/libmesh_core_nrf52832_xxAA.a(flash_manager.c.obj)
                0x0002c9ac                flash_manager_entry_commit
 .text.flash_manager_entry_invalidate
                0x0002ca18       0xb8 mesh/core/libmesh_core_nrf52832_xxAA.a(flash_manager.c.obj)
                0x0002ca18                flash_manager_entry_invalidate
 .text.flash_manager_add
                0x0002cad0      0x474 mesh/core/libmesh_core_nrf52832_xxAA.a(flash_manager.c.obj)
                0x0002cad0                flash_manager_add
 .text.flash_manager_mem_listener_register
                0x0002cf44       0x50 mesh/core/libmesh_core_nrf52832_xxAA.a(flash_manager.c.obj)
                0x0002cf44                flash_manager_mem_listener_register
 .text.flash_manager_is_stable
                0x0002cf94       0x20 mesh/core/libmesh_core_nrf52832_xxAA.a(flash_manager.c.obj)
                0x0002cf94                flash_manager_is_stable
 .text.flash_manager_on_defrag_end
                0x0002cfb4       0x64 mesh/core/libmesh_core_nrf52832_xxAA.a(flash_manager.c.obj)
                0x0002cfb4                flash_manager_on_defrag_end
 .text.flash_manager_recovery_page_get
                0x0002d018        0x4 mesh/core/libmesh_core_nrf52832_xxAA.a(flash_manager.c.obj)
                0x0002d018                flash_manager_recovery_page_get
 .text.ccm_soft_crypt.constprop.0
                0x0002d01c      0x298 mesh/core/libmesh_core_nrf52832_xxAA.a(ccm_soft.c.obj)
 .text.ccm_soft_authenticate
                0x0002d2b4      0x324 mesh/core/libmesh_core_nrf52832_xxAA.a(ccm_soft.c.obj)
 .text.ccm_soft_encrypt
                0x0002d5d8       0x78 mesh/core/libmesh_core_nrf52832_xxAA.a(ccm_soft.c.obj)
                0x0002d5d8                ccm_soft_encrypt
 .text.ccm_soft_decrypt
                0x0002d650      0x10c mesh/core/libmesh_core_nrf52832_xxAA.a(ccm_soft.c.obj)
                0x0002d650                ccm_soft_decrypt
 .text.beacon_init
                0x0002d75c       0x48 mesh/core/libmesh_core_nrf52832_xxAA.a(beacon.c.obj)
                0x0002d75c                beacon_init
 .text.beacon_tx
                0x0002d7a4       0x6c mesh/core/libmesh_core_nrf52832_xxAA.a(beacon.c.obj)
                0x0002d7a4                beacon_tx
 .text.beacon_create
                0x0002d810       0x50 mesh/core/libmesh_core_nrf52832_xxAA.a(beacon.c.obj)
                0x0002d810                beacon_create
 .text.beacon_packet_in
                0x0002d860      0x180 mesh/core/libmesh_core_nrf52832_xxAA.a(beacon.c.obj)
                0x0002d860                beacon_packet_in
 .text.entry_get
                0x0002d9e0       0x8c mesh/core/libmesh_core_nrf52832_xxAA.a(flash_manager_internal.c.obj)
                0x0002d9e0                entry_get
 .text.adv_tx_complete_callback
                0x0002da6c       0x58 mesh/core/libmesh_core_nrf52832_xxAA.a(core_tx.c.obj)
 .text.core_tx_init
                0x0002dac4       0x4c mesh/core/libmesh_core_nrf52832_xxAA.a(core_tx.c.obj)
                0x0002dac4                core_tx_init
 .text.core_tx_complete_cb_set
                0x0002db10        0xc mesh/core/libmesh_core_nrf52832_xxAA.a(core_tx.c.obj)
                0x0002db10                core_tx_complete_cb_set
 .text.core_tx_packet_alloc
                0x0002db1c       0xa4 mesh/core/libmesh_core_nrf52832_xxAA.a(core_tx.c.obj)
                0x0002db1c                core_tx_packet_alloc
 .text.core_tx_packet_send
                0x0002dbc0       0x74 mesh/core/libmesh_core_nrf52832_xxAA.a(core_tx.c.obj)
                0x0002dbc0                core_tx_packet_send
 .text.core_tx_packet_discard
                0x0002dc34       0x74 mesh/core/libmesh_core_nrf52832_xxAA.a(core_tx.c.obj)
                0x0002dc34                core_tx_packet_discard
 .text.core_tx_adv_count_set
                0x0002dca8       0x40 mesh/core/libmesh_core_nrf52832_xxAA.a(core_tx.c.obj)
                0x0002dca8                core_tx_adv_count_set
 .text.core_tx_adv_count_get
                0x0002dce8       0x2c mesh/core/libmesh_core_nrf52832_xxAA.a(core_tx.c.obj)
                0x0002dce8                core_tx_adv_count_get
 .text.core_tx_adv_interval_set
                0x0002dd14       0x34 mesh/core/libmesh_core_nrf52832_xxAA.a(core_tx.c.obj)
                0x0002dd14                core_tx_adv_interval_set
 .text.core_tx_adv_interval_get
                0x0002dd48       0x38 mesh/core/libmesh_core_nrf52832_xxAA.a(core_tx.c.obj)
                0x0002dd48                core_tx_adv_interval_get
 .text.network_beacon_tx_cb
                0x0002dd80      0x10c mesh/core/libmesh_core_nrf52832_xxAA.a(net_beacon.c.obj)
 .text.net_beacon_init
                0x0002de8c       0x64 mesh/core/libmesh_core_nrf52832_xxAA.a(net_beacon.c.obj)
                0x0002de8c                net_beacon_init
 .text.net_beacon_state_set
                0x0002def0       0x3c mesh/core/libmesh_core_nrf52832_xxAA.a(net_beacon.c.obj)
                0x0002def0                net_beacon_state_set
 .text.net_beacon_state_get
                0x0002df2c        0xc mesh/core/libmesh_core_nrf52832_xxAA.a(net_beacon.c.obj)
                0x0002df2c                net_beacon_state_get
 .text.net_beacon_packet_in
                0x0002df38       0xe0 mesh/core/libmesh_core_nrf52832_xxAA.a(net_beacon.c.obj)
                0x0002df38                net_beacon_packet_in
 .text.tx_complete_event_callback
                0x0002e018       0x40 mesh/core/libmesh_core_nrf52832_xxAA.a(advertiser.c.obj)
 .text.broadcast_complete_cb
                0x0002e058       0x70 mesh/core/libmesh_core_nrf52832_xxAA.a(advertiser.c.obj)
 .text.timeout_event
                0x0002e0c8      0x13c mesh/core/libmesh_core_nrf52832_xxAA.a(advertiser.c.obj)
 .text.advertiser_init
                0x0002e204        0xc mesh/core/libmesh_core_nrf52832_xxAA.a(advertiser.c.obj)
                0x0002e204                advertiser_init
 .text.advertiser_instance_init
                0x0002e210      0x11c mesh/core/libmesh_core_nrf52832_xxAA.a(advertiser.c.obj)
                0x0002e210                advertiser_instance_init
 .text.advertiser_enable
                0x0002e32c       0x44 mesh/core/libmesh_core_nrf52832_xxAA.a(advertiser.c.obj)
                0x0002e32c                advertiser_enable
 .text.advertiser_packet_alloc
                0x0002e370       0x9c mesh/core/libmesh_core_nrf52832_xxAA.a(advertiser.c.obj)
                0x0002e370                advertiser_packet_alloc
 .text.advertiser_packet_send
                0x0002e40c       0x98 mesh/core/libmesh_core_nrf52832_xxAA.a(advertiser.c.obj)
                0x0002e40c                advertiser_packet_send
 .text.advertiser_packet_discard
                0x0002e4a4       0x34 mesh/core/libmesh_core_nrf52832_xxAA.a(advertiser.c.obj)
                0x0002e4a4                advertiser_packet_discard
 .text.advertiser_interval_set
                0x0002e4d8       0x80 mesh/core/libmesh_core_nrf52832_xxAA.a(advertiser.c.obj)
                0x0002e4d8                advertiser_interval_set
 .text.advertiser_flush
                0x0002e558       0x20 mesh/core/libmesh_core_nrf52832_xxAA.a(advertiser.c.obj)
                0x0002e558                advertiser_flush
 .text.action_switch.part.2
                0x0002e578       0xc0 mesh/core/libmesh_core_nrf52832_xxAA.a(bearer_handler.c.obj)
 .text.bearer_handler_init
                0x0002e638       0x2c mesh/core/libmesh_core_nrf52832_xxAA.a(bearer_handler.c.obj)
                0x0002e638                bearer_handler_init
 .text.bearer_handler_start
                0x0002e664       0x1c mesh/core/libmesh_core_nrf52832_xxAA.a(bearer_handler.c.obj)
                0x0002e664                bearer_handler_start
 .text.bearer_handler_action_enqueue
                0x0002e680       0xa0 mesh/core/libmesh_core_nrf52832_xxAA.a(bearer_handler.c.obj)
                0x0002e680                bearer_handler_action_enqueue
 .text.bearer_handler_action_end
                0x0002e720       0x84 mesh/core/libmesh_core_nrf52832_xxAA.a(bearer_handler.c.obj)
                0x0002e720                bearer_handler_action_end
 .text.bearer_handler_radio_irq_handler
                0x0002e7a4       0x70 mesh/core/libmesh_core_nrf52832_xxAA.a(bearer_handler.c.obj)
                0x0002e7a4                bearer_handler_radio_irq_handler
 .text.bearer_handler_timer_irq_handler
                0x0002e814       0x3c mesh/core/libmesh_core_nrf52832_xxAA.a(bearer_handler.c.obj)
                0x0002e814                bearer_handler_timer_irq_handler
 .text.bearer_handler_on_ts_begin
                0x0002e850       0x4c mesh/core/libmesh_core_nrf52832_xxAA.a(bearer_handler.c.obj)
                0x0002e850                bearer_handler_on_ts_begin
 .text.bearer_handler_on_ts_end
                0x0002e89c       0x48 mesh/core/libmesh_core_nrf52832_xxAA.a(bearer_handler.c.obj)
                0x0002e89c                bearer_handler_on_ts_end
 .text.radio_irq_handler
                0x0002e8e4       0xb4 mesh/core/libmesh_core_nrf52832_xxAA.a(broadcast.c.obj)
 .text.broadcast_start
                0x0002e998       0x8c mesh/core/libmesh_core_nrf52832_xxAA.a(broadcast.c.obj)
 .text.broadcast_send
                0x0002ea24       0x8c mesh/core/libmesh_core_nrf52832_xxAA.a(broadcast.c.obj)
                0x0002ea24                broadcast_send
 .text.radio_config_reset
                0x0002eab0       0x38 mesh/core/libmesh_core_nrf52832_xxAA.a(radio_config.c.obj)
                0x0002eab0                radio_config_reset
 .text.radio_config_channel_set
                0x0002eae8       0x34 mesh/core/libmesh_core_nrf52832_xxAA.a(radio_config.c.obj)
                0x0002eae8                radio_config_channel_set
 .text.radio_config_config
                0x0002eb1c       0x78 mesh/core/libmesh_core_nrf52832_xxAA.a(radio_config.c.obj)
                0x0002eb1c                radio_config_config