Archive member included to satisfy reference by file (symbol)

mesh/core/libmesh_core_nrf51422_xxAC.a(nrf_mesh_configure.c.obj)
                              examples/light_switch/client/CMakeFiles/light_switch_client_nrf51422_xxAC_s130_2.0.1.dir/__/__/__/mesh/prov/src/prov_beacon.c.obj (nrf_mesh_configure_device_uuid_get)
mesh/core/libmesh_core_nrf51422_xxAC.a(event.c.obj)
                              examples/light_switch/client/CMakeFiles/light_switch_client_nrf51422_xxAC_s130_2.0.1.dir/__/__/__/mesh/access/src/access.c.obj (event_handle)
mesh/core/libmesh_core_nrf51422_xxAC.a(packet_mgr.c.obj)
                              examples/light_switch/client/CMakeFiles/light_switch_client_nrf51422_xxAC_s130_2.0.1.dir/__/__/__/models/config/src/config_client.c.obj (packet_mgr_alloc)
mesh/core/libmesh_core_nrf51422_xxAC.a(net_state.c.obj)
                              examples/light_switch/client/CMakeFiles/light_switch_client_nrf51422_xxAC_s130_2.0.1.dir/__/__/__/mesh/access/src/device_state_manager.c.obj (net_state_flash_area_get)
mesh/core/libmesh_core_nrf51422_xxAC.a(nrf_mesh_utils.c.obj)
                              examples/light_switch/client/CMakeFiles/light_switch_client_nrf51422_xxAC_s130_2.0.1.dir/__/__/__/mesh/access/src/device_state_manager.c.obj (nrf_mesh_address_type_get)
mesh/core/libmesh_core_nrf51422_xxAC.a(nrf_mesh.c.obj)
                              examples/light_switch/client/CMakeFiles/light_switch_client_nrf51422_xxAC_s130_2.0.1.dir/__/__/nrf_mesh_sdk.c.obj (nrf_mesh_init)
mesh/core/libmesh_core_nrf51422_xxAC.a(hal.c.obj)
                              mesh/core/libmesh_core_nrf51422_xxAC.a(nrf_mesh.c.obj) (hal_lfclk_ppm_get)
mesh/core/libmesh_core_nrf51422_xxAC.a(timer_scheduler.c.obj)
                              mesh/core/libmesh_core_nrf51422_xxAC.a(nrf_mesh.c.obj) (timer_sch_init)
mesh/core/libmesh_core_nrf51422_xxAC.a(timer.c.obj)
                              mesh/core/libmesh_core_nrf51422_xxAC.a(timer_scheduler.c.obj) (timer_order_cb)
mesh/core/libmesh_core_nrf51422_xxAC.a(ticker.c.obj)
                              mesh/core/libmesh_core_nrf51422_xxAC.a(nrf_mesh.c.obj) (ticker_init)
mesh/core/libmesh_core_nrf51422_xxAC.a(rand.c.obj)
                              examples/light_switch/client/CMakeFiles/light_switch_client_nrf51422_xxAC_s130_2.0.1.dir/__/__/__/mesh/prov/src/prov_utils.c.obj (rand_hw_rng_get)
mesh/core/libmesh_core_nrf51422_xxAC.a(timeslot.c.obj)
                              mesh/core/libmesh_core_nrf51422_xxAC.a(nrf_mesh.c.obj) (timeslot_sd_event_handler)
mesh/core/libmesh_core_nrf51422_xxAC.a(bearer_event.c.obj)
                              mesh/core/libmesh_core_nrf51422_xxAC.a(nrf_mesh.c.obj) (bearer_event_init)
mesh/core/libmesh_core_nrf51422_xxAC.a(enc.c.obj)
                              examples/light_switch/client/CMakeFiles/light_switch_client_nrf51422_xxAC_s130_2.0.1.dir/__/__/__/mesh/prov/src/prov_utils.c.obj (enc_aes_cmac)
mesh/core/libmesh_core_nrf51422_xxAC.a(network.c.obj)
                              mesh/core/libmesh_core_nrf51422_xxAC.a(nrf_mesh.c.obj) (network_init)
mesh/core/libmesh_core_nrf51422_xxAC.a(nrf_mesh_keygen.c.obj)
                              examples/light_switch/client/CMakeFiles/light_switch_client_nrf51422_xxAC_s130_2.0.1.dir/__/__/__/mesh/access/src/device_state_manager.c.obj (nrf_mesh_keygen_aid)
mesh/core/libmesh_core_nrf51422_xxAC.a(log.c.obj)
                              examples/light_switch/client/CMakeFiles/light_switch_client_nrf51422_xxAC_s130_2.0.1.dir/src/main.c.obj (log_callback_rtt)
mesh/core/libmesh_core_nrf51422_xxAC.a(flash_manager.c.obj)
                              mesh/core/libmesh_core_nrf51422_xxAC.a(nrf_mesh.c.obj) (flash_manager_init)
mesh/core/libmesh_core_nrf51422_xxAC.a(ccm_soft.c.obj)
                              mesh/core/libmesh_core_nrf51422_xxAC.a(enc.c.obj) (ccm_soft_encrypt)
mesh/core/libmesh_core_nrf51422_xxAC.a(beacon.c.obj)
                              mesh/core/libmesh_core_nrf51422_xxAC.a(nrf_mesh.c.obj) (beacon_init)
mesh/core/libmesh_core_nrf51422_xxAC.a(flash_manager_internal.c.obj)
                              mesh/core/libmesh_core_nrf51422_xxAC.a(flash_manager.c.obj) (entry_get)
mesh/core/libmesh_core_nrf51422_xxAC.a(core_tx.c.obj)
                              mesh/core/libmesh_core_nrf51422_xxAC.a(nrf_mesh.c.obj) (core_tx_init)
mesh/core/libmesh_core_nrf51422_xxAC.a(net_beacon.c.obj)
                              mesh/core/libmesh_core_nrf51422_xxAC.a(network.c.obj) (net_beacon_init)
mesh/core/libmesh_core_nrf51422_xxAC.a(advertiser.c.obj)
                              mesh/core/libmesh_core_nrf51422_xxAC.a(nrf_mesh.c.obj) (advertiser_init)
mesh/core/libmesh_core_nrf51422_xxAC.a(bearer_handler.c.obj)
                              mesh/core/libmesh_core_nrf51422_xxAC.a(nrf_mesh.c.obj) (bearer_handler_init)
mesh/core/libmesh_core_nrf51422_xxAC.a(broadcast.c.obj)
                              mesh/core/libmesh_core_nrf51422_xxAC.a(advertiser.c.obj) (broadcast_send)
[...]
Memory Configuration

Name             Origin             Length             Attributes
FLASH            0x0001b000         0x0001f000         xr
RAM              0x200022d8         0x00005a28         xrw
*default*        0x00000000         0xffffffff

Linker script and memory map

LOAD c:/a/gcc_arm/6/bin/../lib/gcc/arm-none-eabi/6.3.1/thumb/v6-m/crti.o
LOAD c:/a/gcc_arm/6/bin/../lib/gcc/arm-none-eabi/6.3.1/thumb/v6-m/crtbegin.o
LOAD c:/a/gcc_arm/6/bin/../lib/gcc/arm-none-eabi/6.3.1/../../../../arm-none-eabi/lib/thumb/v6-m/crt0.o
LOAD examples/light_switch/client/CMakeFiles/light_switch_client_nrf51422_xxAC_s130_2.0.1.dir/src/main.c.obj
LOAD examples/light_switch/client/CMakeFiles/light_switch_client_nrf51422_xxAC_s130_2.0.1.dir/src/provisioner.c.obj
LOAD examples/light_switch/client/CMakeFiles/light_switch_client_nrf51422_xxAC_s130_2.0.1.dir/__/__/nrf_mesh_sdk.c.obj
LOAD examples/light_switch/client/CMakeFiles/light_switch_client_nrf51422_xxAC_s130_2.0.1.dir/__/__/hal/src/simple_hal.c.obj
LOAD examples/light_switch/client/CMakeFiles/light_switch_client_nrf51422_xxAC_s130_2.0.1.dir/__/__/nrf_mesh_weak.c.obj
LOAD examples/light_switch/client/CMakeFiles/light_switch_client_nrf51422_xxAC_s130_2.0.1.dir/__/__/__/models/simple_on_off/src/simple_on_off_client.c.obj
LOAD examples/light_switch/client/CMakeFiles/light_switch_client_nrf51422_xxAC_s130_2.0.1.dir/__/__/__/models/config/src/config_client.c.obj
LOAD examples/light_switch/client/CMakeFiles/light_switch_client_nrf51422_xxAC_s130_2.0.1.dir/__/__/__/models/health/src/health_client.c.obj
LOAD examples/light_switch/client/CMakeFiles/light_switch_client_nrf51422_xxAC_s130_2.0.1.dir/__/__/__/mesh/access/src/access_publish.c.obj
LOAD examples/light_switch/client/CMakeFiles/light_switch_client_nrf51422_xxAC_s130_2.0.1.dir/__/__/__/mesh/access/src/access.c.obj
LOAD examples/light_switch/client/CMakeFiles/light_switch_client_nrf51422_xxAC_s130_2.0.1.dir/__/__/__/mesh/access/src/access_reliable.c.obj
LOAD examples/light_switch/client/CMakeFiles/light_switch_client_nrf51422_xxAC_s130_2.0.1.dir/__/__/__/mesh/access/src/device_state_manager.c.obj
LOAD examples/light_switch/client/CMakeFiles/light_switch_client_nrf51422_xxAC_s130_2.0.1.dir/__/__/__/mesh/prov/src/prov_provisioner.c.obj
LOAD examples/light_switch/client/CMakeFiles/light_switch_client_nrf51422_xxAC_s130_2.0.1.dir/__/__/__/mesh/prov/src/nrf_mesh_prov.c.obj
LOAD examples/light_switch/client/CMakeFiles/light_switch_client_nrf51422_xxAC_s130_2.0.1.dir/__/__/__/mesh/prov/src/provisioning.c.obj
LOAD examples/light_switch/client/CMakeFiles/light_switch_client_nrf51422_xxAC_s130_2.0.1.dir/__/__/__/mesh/prov/src/prov_beacon.c.obj
LOAD examples/light_switch/client/CMakeFiles/light_switch_client_nrf51422_xxAC_s130_2.0.1.dir/__/__/__/mesh/prov/src/prov_utils.c.obj
LOAD examples/light_switch/client/CMakeFiles/light_switch_client_nrf51422_xxAC_s130_2.0.1.dir/__/__/__/mesh/prov/src/prov_bearer_adv.c.obj
LOAD examples/light_switch/client/CMakeFiles/light_switch_client_nrf51422_xxAC_s130_2.0.1.dir/__/__/__/external/nRF5_SDK_14.0.0_3bcc1f7/components/toolchain/system_nrf51.c.obj
LOAD examples/light_switch/client/CMakeFiles/light_switch_client_nrf51422_xxAC_s130_2.0.1.dir/__/__/__/external/nRF5_SDK_14.0.0_3bcc1f7/components/toolchain/gcc/gcc_startup_nrf51.S.obj
LOAD mesh/core/libmesh_core_nrf51422_xxAC.a
LOAD external/rtt/librtt_nrf51422_xxAC.a
LOAD external/micro-ecc/libuECC_nrf51422_xxAC.a
START GROUP
LOAD c:/a/gcc_arm/6/bin/../lib/gcc/arm-none-eabi/6.3.1/thumb/v6-m\libgcc.a
LOAD c:/a/gcc_arm/6/bin/../lib/gcc/arm-none-eabi/6.3.1/../../../../arm-none-eabi/lib/thumb/v6-m\libc_nano.a
END GROUP
START GROUP
LOAD c:/a/gcc_arm/6/bin/../lib/gcc/arm-none-eabi/6.3.1/thumb/v6-m\libgcc.a
LOAD c:/a/gcc_arm/6/bin/../lib/gcc/arm-none-eabi/6.3.1/../../../../arm-none-eabi/lib/thumb/v6-m\libc_nano.a
END GROUP
LOAD c:/a/gcc_arm/6/bin/../lib/gcc/arm-none-eabi/6.3.1/thumb/v6-m/crtend.o
LOAD c:/a/gcc_arm/6/bin/../lib/gcc/arm-none-eabi/6.3.1/thumb/v6-m/crtn.o
START GROUP
LOAD c:/a/gcc_arm/6/bin/../lib/gcc/arm-none-eabi/6.3.1/thumb/v6-m\libgcc.a
LOAD c:/a/gcc_arm/6/bin/../lib/gcc/arm-none-eabi/6.3.1/../../../../arm-none-eabi/lib/thumb/v6-m\libc.a
LOAD c:/a/gcc_arm/6/bin/../lib/gcc/arm-none-eabi/6.3.1/../../../../arm-none-eabi/lib/thumb/v6-m\libnosys.a
END GROUP

.text           0x0001b000    0x11768
 *(.isr_vector)
 .isr_vector    0x0001b000       0xc0 examples/light_switch/client/CMakeFiles/light_switch_client_nrf51422_xxAC_s130_2.0.1.dir/__/__/__/external/nRF5_SDK_14.0.0_3bcc1f7/components/toolchain/gcc/gcc_startup_nrf51.S.obj
                0x0001b000                __isr_vector
 *(.text*)
 .text          0x0001b0c0       0x60 c:/a/gcc_arm/6/bin/../lib/gcc/arm-none-eabi/6.3.1/thumb/v6-m/crtbegin.o
 .text          0x0001b120       0x78 c:/a/gcc_arm/6/bin/../lib/gcc/arm-none-eabi/6.3.1/../../../../arm-none-eabi/lib/thumb/v6-m/crt0.o
                0x0001b120                _start
                0x0001b120                _mainCRTStartup
 .text.client_status_cb
                0x0001b198       0x94 examples/light_switch/client/CMakeFiles/light_switch_client_nrf51422_xxAC_s130_2.0.1.dir/src/main.c.obj
 .text.button_event_handler
                0x0001b22c      0x1dc examples/light_switch/client/CMakeFiles/light_switch_client_nrf51422_xxAC_s130_2.0.1.dir/src/main.c.obj
 .text.health_event_cb
                0x0001b408       0x84 examples/light_switch/client/CMakeFiles/light_switch_client_nrf51422_xxAC_s130_2.0.1.dir/src/main.c.obj
 .text.provisioner_config_successful_cb
                0x0001b48c      0x130 examples/light_switch/client/CMakeFiles/light_switch_client_nrf51422_xxAC_s130_2.0.1.dir/src/main.c.obj
                0x0001b48c                provisioner_config_successful_cb
 .text.provisioner_config_failed_cb
                0x0001b5bc       0xc0 examples/light_switch/client/CMakeFiles/light_switch_client_nrf51422_xxAC_s130_2.0.1.dir/src/main.c.obj
                0x0001b5bc                provisioner_config_failed_cb
 .text.provisioner_prov_complete_cb
                0x0001b67c      0x128 examples/light_switch/client/CMakeFiles/light_switch_client_nrf51422_xxAC_s130_2.0.1.dir/src/main.c.obj
                0x0001b67c                provisioner_prov_complete_cb
 .text.startup.main
                0x0001b7a4      0x41c examples/light_switch/client/CMakeFiles/light_switch_client_nrf51422_xxAC_s130_2.0.1.dir/src/main.c.obj
                0x0001b7a4                main
 .text.do_config_step
                0x0001bbc0      0x3c4 examples/light_switch/client/CMakeFiles/light_switch_client_nrf51422_xxAC_s130_2.0.1.dir/src/provisioner.c.obj
 .text.mesh_evt_handler
                0x0001bf84      0x340 examples/light_switch/client/CMakeFiles/light_switch_client_nrf51422_xxAC_s130_2.0.1.dir/src/provisioner.c.obj
 .text.provisioner_configure
                0x0001c2c4       0x24 examples/light_switch/client/CMakeFiles/light_switch_client_nrf51422_xxAC_s130_2.0.1.dir/src/provisioner.c.obj
                0x0001c2c4                provisioner_configure
 .text.provisioner_wait_for_unprov
                0x0001c2e8       0x14 examples/light_switch/client/CMakeFiles/light_switch_client_nrf51422_xxAC_s130_2.0.1.dir/src/provisioner.c.obj
                0x0001c2e8                provisioner_wait_for_unprov
 .text.config_client_event_cb
                0x0001c2fc      0x21c examples/light_switch/client/CMakeFiles/light_switch_client_nrf51422_xxAC_s130_2.0.1.dir/src/provisioner.c.obj
                0x0001c2fc                config_client_event_cb
 .text.provisioner_init
                0x0001c518       0x48 examples/light_switch/client/CMakeFiles/light_switch_client_nrf51422_xxAC_s130_2.0.1.dir/src/provisioner.c.obj
                0x0001c518                provisioner_init
 .text.sd_evt_get
                0x0001c560        0x4 examples/light_switch/client/CMakeFiles/light_switch_client_nrf51422_xxAC_s130_2.0.1.dir/__/__/nrf_mesh_sdk.c.obj
 .text.sd_softdevice_enable
                0x0001c564        0x4 examples/light_switch/client/CMakeFiles/light_switch_client_nrf51422_xxAC_s130_2.0.1.dir/__/__/nrf_mesh_sdk.c.obj
 .text.sd_ble_enable
                0x0001c568        0x4 examples/light_switch/client/CMakeFiles/light_switch_client_nrf51422_xxAC_s130_2.0.1.dir/__/__/nrf_mesh_sdk.c.obj
 .text.sd_ble_evt_get
                0x0001c56c        0x4 examples/light_switch/client/CMakeFiles/light_switch_client_nrf51422_xxAC_s130_2.0.1.dir/__/__/nrf_mesh_sdk.c.obj
 .text.sleep_forever
                0x0001c570       0x24 examples/light_switch/client/CMakeFiles/light_switch_client_nrf51422_xxAC_s130_2.0.1.dir/__/__/nrf_mesh_sdk.c.obj
 .text.mesh_assert_handler
                0x0001c594       0x64 examples/light_switch/client/CMakeFiles/light_switch_client_nrf51422_xxAC_s130_2.0.1.dir/__/__/nrf_mesh_sdk.c.obj
                0x0001c594                mesh_assert_handler
 .text.softdevice_assert_handler
                0x0001c5f8       0x7c examples/light_switch/client/CMakeFiles/light_switch_client_nrf51422_xxAC_s130_2.0.1.dir/__/__/nrf_mesh_sdk.c.obj
                0x0001c5f8                softdevice_assert_handler
 .text.app_error_handler
                0x0001c674       0x7c examples/light_switch/client/CMakeFiles/light_switch_client_nrf51422_xxAC_s130_2.0.1.dir/__/__/nrf_mesh_sdk.c.obj
                0x0001c674                app_error_handler
 .text.HardFault_Handler
                0x0001c6f0       0x60 examples/light_switch/client/CMakeFiles/light_switch_client_nrf51422_xxAC_s130_2.0.1.dir/__/__/nrf_mesh_sdk.c.obj
                0x0001c6f0                HardFault_Handler
 .text.SWI2_IRQHandler
                0x0001c750       0x38 examples/light_switch/client/CMakeFiles/light_switch_client_nrf51422_xxAC_s130_2.0.1.dir/__/__/nrf_mesh_sdk.c.obj
                0x0001c750                SWI2_IRQHandler
 .text.mesh_softdevice_enable
                0x0001c788      0x12c examples/light_switch/client/CMakeFiles/light_switch_client_nrf51422_xxAC_s130_2.0.1.dir/__/__/nrf_mesh_sdk.c.obj
                0x0001c788                mesh_softdevice_enable
 .text.mesh_softdevice_setup
                0x0001c8b4       0x80 examples/light_switch/client/CMakeFiles/light_switch_client_nrf51422_xxAC_s130_2.0.1.dir/__/__/nrf_mesh_sdk.c.obj
                0x0001c8b4                mesh_softdevice_setup
 .text.mesh_core_setup
                0x0001c934      0x158 examples/light_switch/client/CMakeFiles/light_switch_client_nrf51422_xxAC_s130_2.0.1.dir/__/__/nrf_mesh_sdk.c.obj
                0x0001c934                mesh_core_setup
 .text.hal_led_pin_get
                0x0001ca8c       0x1c examples/light_switch/client/CMakeFiles/light_switch_client_nrf51422_xxAC_s130_2.0.1.dir/__/__/hal/src/simple_hal.c.obj
                0x0001ca8c                hal_led_pin_get
 .text.hal_led_pin_set
                0x0001caa8       0x1c examples/light_switch/client/CMakeFiles/light_switch_client_nrf51422_xxAC_s130_2.0.1.dir/__/__/hal/src/simple_hal.c.obj
                0x0001caa8                hal_led_pin_set
 .text.hal_led_blink_ms
                0x0001cac4       0x58 examples/light_switch/client/CMakeFiles/light_switch_client_nrf51422_xxAC_s130_2.0.1.dir/__/__/hal/src/simple_hal.c.obj
                0x0001cac4                hal_led_blink_ms
 .text.hal_leds_init
                0x0001cb1c       0x34 examples/light_switch/client/CMakeFiles/light_switch_client_nrf51422_xxAC_s130_2.0.1.dir/__/__/hal/src/simple_hal.c.obj
                0x0001cb1c                hal_leds_init
 .text.hal_buttons_init
                0x0001cb50        0x4 examples/light_switch/client/CMakeFiles/light_switch_client_nrf51422_xxAC_s130_2.0.1.dir/__/__/hal/src/simple_hal.c.obj
                0x0001cb50                hal_buttons_init
 .text._weak_handler
                0x0001cb54        0x4 examples/light_switch/client/CMakeFiles/light_switch_client_nrf51422_xxAC_s130_2.0.1.dir/__/__/nrf_mesh_weak.c.obj
                0x0001cb54                nrf_mesh_dfu_init
                0x0001cb54                nrf_mesh_dfu_jump_to_bootloader
                0x0001cb54                nrf_mesh_dfu_rx
                0x0001cb54                nrf_mesh_dfu_bank_info_get
                0x0001cb54                nrf_mesh_dfu_request
                0x0001cb54                nrf_mesh_dfu_bank_flash
                0x0001cb54                _weak_handler
                0x0001cb54                prov_provisionee_auth_data
                0x0001cb54                nrf_mesh_dfu_relay
                0x0001cb54                prov_provisionee_shared_secret
                0x0001cb54                nrf_mesh_dfu_abort
                0x0001cb54                mesh_flash_op_execute
                0x0001cb54                prov_provisionee_init
                0x0001cb54                nrf_mesh_dfu_state_get
 .text.reliable_status_cb
                0x0001cb58       0x48 examples/light_switch/client/CMakeFiles/light_switch_client_nrf51422_xxAC_s130_2.0.1.dir/__/__/__/models/simple_on_off/src/simple_on_off_client.c.obj
 .text.handle_status_cb
                0x0001cba0       0x64 examples/light_switch/client/CMakeFiles/light_switch_client_nrf51422_xxAC_s130_2.0.1.dir/__/__/__/models/simple_on_off/src/simple_on_off_client.c.obj
 .text.simple_on_off_client_init
                0x0001cc04       0x3c examples/light_switch/client/CMakeFiles/light_switch_client_nrf51422_xxAC_s130_2.0.1.dir/__/__/__/models/simple_on_off/src/simple_on_off_client.c.obj
                0x0001cc04                simple_on_off_client_init
 .text.simple_on_off_client_set
                0x0001cc40       0x68 examples/light_switch/client/CMakeFiles/light_switch_client_nrf51422_xxAC_s130_2.0.1.dir/__/__/__/models/simple_on_off/src/simple_on_off_client.c.obj
                0x0001cc40                simple_on_off_client_set
 .text.simple_on_off_client_set_unreliable
                0x0001cca8       0x48 examples/light_switch/client/CMakeFiles/light_switch_client_nrf51422_xxAC_s130_2.0.1.dir/__/__/__/models/simple_on_off/src/simple_on_off_client.c.obj
                0x0001cca8                simple_on_off_client_set_unreliable
 .text.reliable_status_cb
                0x0001ccf0       0x34 examples/light_switch/client/CMakeFiles/light_switch_client_nrf51422_xxAC_s130_2.0.1.dir/__/__/__/models/config/src/config_client.c.obj
 .text.send_reliable
                0x0001cd24       0x58 examples/light_switch/client/CMakeFiles/light_switch_client_nrf51422_xxAC_s130_2.0.1.dir/__/__/__/models/config/src/config_client.c.obj
 .text.subscription_add_del_owr_send.isra.1
                0x0001cd7c       0x84 examples/light_switch/client/CMakeFiles/light_switch_client_nrf51422_xxAC_s130_2.0.1.dir/__/__/__/models/config/src/config_client.c.obj
 .text.subscription_virtual_add_del_owr_send.isra.2
                0x0001ce00       0x7c examples/light_switch/client/CMakeFiles/light_switch_client_nrf51422_xxAC_s130_2.0.1.dir/__/__/__/models/config/src/config_client.c.obj
 .text.client_in_wrong_state.constprop.3
                0x0001ce7c       0x24 examples/light_switch/client/CMakeFiles/light_switch_client_nrf51422_xxAC_s130_2.0.1.dir/__/__/__/models/config/src/config_client.c.obj
 .text.app_bind_unbind_send
                0x0001cea0       0x98 examples/light_switch/client/CMakeFiles/light_switch_client_nrf51422_xxAC_s130_2.0.1.dir/__/__/__/models/config/src/config_client.c.obj
 .text.config_opcode_handler
                0x0001cf38       0x68 examples/light_switch/client/CMakeFiles/light_switch_client_nrf51422_xxAC_s130_2.0.1.dir/__/__/__/models/config/src/config_client.c.obj
 .text.config_client_init
                0x0001cfa0       0x64 examples/light_switch/client/CMakeFiles/light_switch_client_nrf51422_xxAC_s130_2.0.1.dir/__/__/__/models/config/src/config_client.c.obj
                0x0001cfa0                config_client_init
 .text.config_client_server_set
                0x0001d004       0x98 examples/light_switch/client/CMakeFiles/light_switch_client_nrf51422_xxAC_s130_2.0.1.dir/__/__/__/models/config/src/config_client.c.obj
                0x0001d004                config_client_server_set
 .text.config_client_server_bind
                0x0001d09c       0x30 examples/light_switch/client/CMakeFiles/light_switch_client_nrf51422_xxAC_s130_2.0.1.dir/__/__/__/models/config/src/config_client.c.obj
                0x0001d09c                config_client_server_bind
 .text.config_client_composition_data_get
                0x0001d0cc       0x58 examples/light_switch/client/CMakeFiles/light_switch_client_nrf51422_xxAC_s130_2.0.1.dir/__/__/__/models/config/src/config_client.c.obj
                0x0001d0cc                config_client_composition_data_get
 .text.config_client_appkey_add
                0x0001d124       0x9c examples/light_switch/client/CMakeFiles/light_switch_client_nrf51422_xxAC_s130_2.0.1.dir/__/__/__/models/config/src/config_client.c.obj
                0x0001d124                config_client_appkey_add
 .text.config_client_model_publication_set
                0x0001d1c0      0x188 examples/light_switch/client/CMakeFiles/light_switch_client_nrf51422_xxAC_s130_2.0.1.dir/__/__/__/models/config/src/config_client.c.obj
                0x0001d1c0                config_client_model_publication_set
 .text.config_client_model_subscription_add
                0x0001d348       0x4c examples/light_switch/client/CMakeFiles/light_switch_client_nrf51422_xxAC_s130_2.0.1.dir/__/__/__/models/config/src/config_client.c.obj
                0x0001d348                config_client_model_subscription_add
 .text.config_client_model_app_bind
                0x0001d394       0x10 examples/light_switch/client/CMakeFiles/light_switch_client_nrf51422_xxAC_s130_2.0.1.dir/__/__/__/models/config/src/config_client.c.obj
                0x0001d394                config_client_model_app_bind
 .text.handle_fault_status
                0x0001d3a4       0x50 examples/light_switch/client/CMakeFiles/light_switch_client_nrf51422_xxAC_s130_2.0.1.dir/__/__/__/models/health/src/health_client.c.obj
 .text.handle_period_status
                0x0001d3f4       0x26 examples/light_switch/client/CMakeFiles/light_switch_client_nrf51422_xxAC_s130_2.0.1.dir/__/__/__/models/health/src/health_client.c.obj
 .text.handle_attention_status
                0x0001d41a       0x26 examples/light_switch/client/CMakeFiles/light_switch_client_nrf51422_xxAC_s130_2.0.1.dir/__/__/__/models/health/src/health_client.c.obj
 .text.health_client_init
                0x0001d440       0x50 examples/light_switch/client/CMakeFiles/light_switch_client_nrf51422_xxAC_s130_2.0.1.dir/__/__/__/models/health/src/health_client.c.obj
                0x0001d440                health_client_init
 .text.add_to_publication_list
                0x0001d490       0x60 examples/light_switch/client/CMakeFiles/light_switch_client_nrf51422_xxAC_s130_2.0.1.dir/__/__/__/mesh/access/src/access_publish.c.obj
 .text.step_resolution_to_us
                0x0001d4f0       0x48 examples/light_switch/client/CMakeFiles/light_switch_client_nrf51422_xxAC_s130_2.0.1.dir/__/__/__/mesh/access/src/access_publish.c.obj
 .text.schedule_publication_timer
                0x0001d538      0x16c examples/light_switch/client/CMakeFiles/light_switch_client_nrf51422_xxAC_s130_2.0.1.dir/__/__/__/mesh/access/src/access_publish.c.obj
 .text.publish_timer_tick
                0x0001d6a4       0xac examples/light_switch/client/CMakeFiles/light_switch_client_nrf51422_xxAC_s130_2.0.1.dir/__/__/__/mesh/access/src/access_publish.c.obj
 .text.access_publish_init
                0x0001d750       0x38 examples/light_switch/client/CMakeFiles/light_switch_client_nrf51422_xxAC_s130_2.0.1.dir/__/__/__/mesh/access/src/access_publish.c.obj
                0x0001d750                access_publish_init
 .text.bitfield_get
                0x0001d788       0x18 examples/light_switch/client/CMakeFiles/light_switch_client_nrf51422_xxAC_s130_2.0.1.dir/__/__/__/mesh/access/src/access.c.obj
 .text.is_valid_opcode
                0x0001d7a0       0x4c examples/light_switch/client/CMakeFiles/light_switch_client_nrf51422_xxAC_s130_2.0.1.dir/__/__/__/mesh/access/src/access.c.obj
 .text.model_handle_valid_and_allocated
                0x0001d7ec       0x20 examples/light_switch/client/CMakeFiles/light_switch_client_nrf51422_xxAC_s130_2.0.1.dir/__/__/__/mesh/access/src/access.c.obj
 .text.flash_invalidate_complete
                0x0001d80c       0x18 examples/light_switch/client/CMakeFiles/light_switch_client_nrf51422_xxAC_s130_2.0.1.dir/__/__/__/mesh/access/src/access.c.obj
 .text.flash_manager_mem_available
                0x0001d824        0x6 examples/light_switch/client/CMakeFiles/light_switch_client_nrf51422_xxAC_s130_2.0.1.dir/__/__/__/mesh/access/src/access.c.obj
 *fill*         0x0001d82a        0x2 
 .text.restore_acquired_subscription
                0x0001d82c       0x2c examples/light_switch/client/CMakeFiles/light_switch_client_nrf51422_xxAC_s130_2.0.1.dir/__/__/__/mesh/access/src/access.c.obj
 .text.restore_acquired_element
                0x0001d858       0x20 examples/light_switch/client/CMakeFiles/light_switch_client_nrf51422_xxAC_s130_2.0.1.dir/__/__/__/mesh/access/src/access.c.obj
 .text.restore_flash_data
                0x0001d878       0x5c examples/light_switch/client/CMakeFiles/light_switch_client_nrf51422_xxAC_s130_2.0.1.dir/__/__/__/mesh/access/src/access.c.obj
 .text.access_flash_config_clear
                0x0001d8d4       0x28 examples/light_switch/client/CMakeFiles/light_switch_client_nrf51422_xxAC_s130_2.0.1.dir/__/__/__/mesh/access/src/access.c.obj
 .text.access_flash_config_store
                0x0001d8fc      0x144 examples/light_switch/client/CMakeFiles/light_switch_client_nrf51422_xxAC_s130_2.0.1.dir/__/__/__/mesh/access/src/access.c.obj
                0x0001d8fc                access_flash_config_store
 .text.access_state_clear
                0x0001da40       0x4c examples/light_switch/client/CMakeFiles/light_switch_client_nrf51422_xxAC_s130_2.0.1.dir/__/__/__/mesh/access/src/access.c.obj
 .text.add_flash_manager
                0x0001da8c       0x5c examples/light_switch/client/CMakeFiles/light_switch_client_nrf51422_xxAC_s130_2.0.1.dir/__/__/__/mesh/access/src/access.c.obj
 .text.flash_remove_complete
                0x0001dae8       0x6c examples/light_switch/client/CMakeFiles/light_switch_client_nrf51422_xxAC_s130_2.0.1.dir/__/__/__/mesh/access/src/access.c.obj
 .text.flash_write_complete
                0x0001db54       0x54 examples/light_switch/client/CMakeFiles/light_switch_client_nrf51422_xxAC_s130_2.0.1.dir/__/__/__/mesh/access/src/access.c.obj
 .text.unlikely.bitfield_next_get.part.0.constprop.3
                0x0001dba8       0x34 examples/light_switch/client/CMakeFiles/light_switch_client_nrf51422_xxAC_s130_2.0.1.dir/__/__/__/mesh/access/src/access.c.obj
 .text.restore_acquired_model
                0x0001dbdc       0x88 examples/light_switch/client/CMakeFiles/light_switch_client_nrf51422_xxAC_s130_2.0.1.dir/__/__/__/mesh/access/src/access.c.obj
 .text.handle_incoming
                0x0001dc64      0x168 examples/light_switch/client/CMakeFiles/light_switch_client_nrf51422_xxAC_s130_2.0.1.dir/__/__/__/mesh/access/src/access.c.obj
 .text.mesh_evt_cb
                0x0001ddcc      0x130 examples/light_switch/client/CMakeFiles/light_switch_client_nrf51422_xxAC_s130_2.0.1.dir/__/__/__/mesh/access/src/access.c.obj
 .text.packet_tx
                0x0001defc      0x2f8 examples/light_switch/client/CMakeFiles/light_switch_client_nrf51422_xxAC_s130_2.0.1.dir/__/__/__/mesh/access/src/access.c.obj
 .text.access_flash_config_load
                0x0001e1f4      0x134 examples/light_switch/client/CMakeFiles/light_switch_client_nrf51422_xxAC_s130_2.0.1.dir/__/__/__/mesh/access/src/access.c.obj
                0x0001e1f4                access_flash_config_load
 .text.access_init
                0x0001e328       0x28 examples/light_switch/client/CMakeFiles/light_switch_client_nrf51422_xxAC_s130_2.0.1.dir/__/__/__/mesh/access/src/access.c.obj
                0x0001e328                access_init
 .text.access_model_add
                0x0001e350      0x1ac examples/light_switch/client/CMakeFiles/light_switch_client_nrf51422_xxAC_s130_2.0.1.dir/__/__/__/mesh/access/src/access.c.obj
                0x0001e350                access_model_add
 .text.access_model_publish
                0x0001e4fc       0x14 examples/light_switch/client/CMakeFiles/light_switch_client_nrf51422_xxAC_s130_2.0.1.dir/__/__/__/mesh/access/src/access.c.obj
                0x0001e4fc                access_model_publish
 .text.access_model_publish_address_set
                0x0001e510       0x3c examples/light_switch/client/CMakeFiles/light_switch_client_nrf51422_xxAC_s130_2.0.1.dir/__/__/__/mesh/access/src/access.c.obj
                0x0001e510                access_model_publish_address_set
 .text.access_model_publish_address_get
                0x0001e54c       0x2c examples/light_switch/client/CMakeFiles/light_switch_client_nrf51422_xxAC_s130_2.0.1.dir/__/__/__/mesh/access/src/access.c.obj
                0x0001e54c                access_model_publish_address_get
 .text.access_model_subscription_list_alloc
                0x0001e578       0x50 examples/light_switch/client/CMakeFiles/light_switch_client_nrf51422_xxAC_s130_2.0.1.dir/__/__/__/mesh/access/src/access.c.obj
                0x0001e578                access_model_subscription_list_alloc
 .text.access_model_application_bind
                0x0001e5c8       0x50 examples/light_switch/client/CMakeFiles/light_switch_client_nrf51422_xxAC_s130_2.0.1.dir/__/__/__/mesh/access/src/access.c.obj
                0x0001e5c8                access_model_application_bind
 .text.access_model_publish_application_set
                0x0001e618       0x3c examples/light_switch/client/CMakeFiles/light_switch_client_nrf51422_xxAC_s130_2.0.1.dir/__/__/__/mesh/access/src/access.c.obj
                0x0001e618                access_model_publish_application_set
 .text.access_model_publish_ttl_get
                0x0001e654       0x2c examples/light_switch/client/CMakeFiles/light_switch_client_nrf51422_xxAC_s130_2.0.1.dir/__/__/__/mesh/access/src/access.c.obj
                0x0001e654                access_model_publish_ttl_get
 .text.access_model_p_args_get
                0x0001e680       0x2c examples/light_switch/client/CMakeFiles/light_switch_client_nrf51422_xxAC_s130_2.0.1.dir/__/__/__/mesh/access/src/access.c.obj
                0x0001e680                access_model_p_args_get
 .text.remove_and_reschedule
                0x0001e6ac       0xd4 examples/light_switch/client/CMakeFiles/light_switch_client_nrf51422_xxAC_s130_2.0.1.dir/__/__/__/mesh/access/src/access_reliable.c.obj
 .text.reliable_timer_cb
                0x0001e780      0x14c examples/light_switch/client/CMakeFiles/light_switch_client_nrf51422_xxAC_s130_2.0.1.dir/__/__/__/mesh/access/src/access_reliable.c.obj
 .text.access_reliable_message_rx_cb
                0x0001e8cc       0x80 examples/light_switch/client/CMakeFiles/light_switch_client_nrf51422_xxAC_s130_2.0.1.dir/__/__/__/mesh/access/src/access_reliable.c.obj
                0x0001e8cc                access_reliable_message_rx_cb
 .text.access_reliable_init
                0x0001e94c       0x20 examples/light_switch/client/CMakeFiles/light_switch_client_nrf51422_xxAC_s130_2.0.1.dir/__/__/__/mesh/access/src/access_reliable.c.obj
                0x0001e94c                access_reliable_init
 .text.access_model_reliable_publish
                0x0001e96c      0x1d0 examples/light_switch/client/CMakeFiles/light_switch_client_nrf51422_xxAC_s130_2.0.1.dir/__/__/__/mesh/access/src/access_reliable.c.obj
                0x0001e96c                access_model_reliable_publish
 .text.bitfield_get
                0x0001eb3c       0x18 examples/light_switch/client/CMakeFiles/light_switch_client_nrf51422_xxAC_s130_2.0.1.dir/__/__/__/mesh/access/src/device_state_manager.c.obj
 .text.bitfield_set
                0x0001eb54       0x16 examples/light_switch/client/CMakeFiles/light_switch_client_nrf51422_xxAC_s130_2.0.1.dir/__/__/__/mesh/access/src/device_state_manager.c.obj
 .text.bitfield_clear
                0x0001eb6a       0x16 examples/light_switch/client/CMakeFiles/light_switch_client_nrf51422_xxAC_s130_2.0.1.dir/__/__/__/mesh/access/src/device_state_manager.c.obj
 .text.bitfield_is_all_clear
                0x0001eb80       0x3a examples/light_switch/client/CMakeFiles/light_switch_client_nrf51422_xxAC_s130_2.0.1.dir/__/__/__/mesh/access/src/device_state_manager.c.obj
 *fill*         0x0001ebba        0x2 
 .text.address_handle_virtual_valid
                0x0001ebbc       0x18 examples/light_switch/client/CMakeFiles/light_switch_client_nrf51422_xxAC_s130_2.0.1.dir/__/__/__/mesh/access/src/device_state_manager.c.obj
 .text.net_key_handle_get
                0x0001ebd4       0x38 examples/light_switch/client/CMakeFiles/light_switch_client_nrf51422_xxAC_s130_2.0.1.dir/__/__/__/mesh/access/src/device_state_manager.c.obj
 .text.dev_key_handle_get
                0x0001ec0c       0x50 examples/light_switch/client/CMakeFiles/light_switch_client_nrf51422_xxAC_s130_2.0.1.dir/__/__/__/mesh/access/src/device_state_manager.c.obj
 .text.app_key_handle_get
                0x0001ec5c       0x38 examples/light_switch/client/CMakeFiles/light_switch_client_nrf51422_xxAC_s130_2.0.1.dir/__/__/__/mesh/access/src/device_state_manager.c.obj
 .text.addr_nonvirtual_to_flash_entry
                0x0001ec94       0x10 examples/light_switch/client/CMakeFiles/light_switch_client_nrf51422_xxAC_s130_2.0.1.dir/__/__/__/mesh/access/src/device_state_manager.c.obj
 .text.flash_mem_listener_callback
                0x0001eca4       0x20 examples/light_switch/client/CMakeFiles/light_switch_client_nrf51422_xxAC_s130_2.0.1.dir/__/__/__/mesh/access/src/device_state_manager.c.obj
 .text.devkey_set
                0x0001ecc4       0x4c examples/light_switch/client/CMakeFiles/light_switch_client_nrf51422_xxAC_s130_2.0.1.dir/__/__/__/mesh/access/src/device_state_manager.c.obj
 .text.devkey_to_dsm_entry
                0x0001ed10       0x14 examples/light_switch/client/CMakeFiles/light_switch_client_nrf51422_xxAC_s130_2.0.1.dir/__/__/__/mesh/access/src/device_state_manager.c.obj
 .text.devkey_to_flash_entry
                0x0001ed24       0x28 examples/light_switch/client/CMakeFiles/light_switch_client_nrf51422_xxAC_s130_2.0.1.dir/__/__/__/mesh/access/src/device_state_manager.c.obj
 .text.appkey_to_flash_entry
                0x0001ed4c       0x28 examples/light_switch/client/CMakeFiles/light_switch_client_nrf51422_xxAC_s130_2.0.1.dir/__/__/__/mesh/access/src/device_state_manager.c.obj
 .text.subnet_to_flash_entry
                0x0001ed74       0x20 examples/light_switch/client/CMakeFiles/light_switch_client_nrf51422_xxAC_s130_2.0.1.dir/__/__/__/mesh/access/src/device_state_manager.c.obj
 .text.addr_virtual_to_flash_entry
                0x0001ed94       0x1c examples/light_switch/client/CMakeFiles/light_switch_client_nrf51422_xxAC_s130_2.0.1.dir/__/__/__/mesh/access/src/device_state_manager.c.obj
 .text.addr_unicast_to_dsm_entry
                0x0001edb0       0x10 examples/light_switch/client/CMakeFiles/light_switch_client_nrf51422_xxAC_s130_2.0.1.dir/__/__/__/mesh/access/src/device_state_manager.c.obj
 .text.addr_unicast_to_flash_entry
                0x0001edc0       0x14 examples/light_switch/client/CMakeFiles/light_switch_client_nrf51422_xxAC_s130_2.0.1.dir/__/__/__/mesh/access/src/device_state_manager.c.obj
 .text.appkey_set
                0x0001edd4       0x74 examples/light_switch/client/CMakeFiles/light_switch_client_nrf51422_xxAC_s130_2.0.1.dir/__/__/__/mesh/access/src/device_state_manager.c.obj
 .text.appkey_to_dsm_entry
                0x0001ee48       0x12 examples/light_switch/client/CMakeFiles/light_switch_client_nrf51422_xxAC_s130_2.0.1.dir/__/__/__/mesh/access/src/device_state_manager.c.obj
 *fill*         0x0001ee5a        0x2 
 .text.subnet_set
                0x0001ee5c       0xa0 examples/light_switch/client/CMakeFiles/light_switch_client_nrf51422_xxAC_s130_2.0.1.dir/__/__/__/mesh/access/src/device_state_manager.c.obj
 .text.subnet_to_dsm_entry
                0x0001eefc       0x10 examples/light_switch/client/CMakeFiles/light_switch_client_nrf51422_xxAC_s130_2.0.1.dir/__/__/__/mesh/access/src/device_state_manager.c.obj
 .text.virtual_address_set
                0x0001ef0c       0x58 examples/light_switch/client/CMakeFiles/light_switch_client_nrf51422_xxAC_s130_2.0.1.dir/__/__/__/mesh/access/src/device_state_manager.c.obj
 .text.addr_virtual_to_dsm_entry
                0x0001ef64       0x10 examples/light_switch/client/CMakeFiles/light_switch_client_nrf51422_xxAC_s130_2.0.1.dir/__/__/__/mesh/access/src/device_state_manager.c.obj
 .text.flash_save
                0x0001ef74       0x88 examples/light_switch/client/CMakeFiles/light_switch_client_nrf51422_xxAC_s130_2.0.1.dir/__/__/__/mesh/access/src/device_state_manager.c.obj
 .text.flash_invalidate
                0x0001effc       0x6c examples/light_switch/client/CMakeFiles/light_switch_client_nrf51422_xxAC_s130_2.0.1.dir/__/__/__/mesh/access/src/device_state_manager.c.obj
 .text.flash_update_all
                0x0001f068       0x70 examples/light_switch/client/CMakeFiles/light_switch_client_nrf51422_xxAC_s130_2.0.1.dir/__/__/__/mesh/access/src/device_state_manager.c.obj
 .text.reset_flash_area
                0x0001f0d8       0x28 examples/light_switch/client/CMakeFiles/light_switch_client_nrf51422_xxAC_s130_2.0.1.dir/__/__/__/mesh/access/src/device_state_manager.c.obj
 .text.virtual_address_uuid_index_get
                0x0001f100       0x40 examples/light_switch/client/CMakeFiles/light_switch_client_nrf51422_xxAC_s130_2.0.1.dir/__/__/__/mesh/access/src/device_state_manager.c.obj
 .text.get_subnet_handle
                0x0001f140       0x38 examples/light_switch/client/CMakeFiles/light_switch_client_nrf51422_xxAC_s130_2.0.1.dir/__/__/__/mesh/access/src/device_state_manager.c.obj
 .text.get_app_handle
                0x0001f178       0x50 examples/light_switch/client/CMakeFiles/light_switch_client_nrf51422_xxAC_s130_2.0.1.dir/__/__/__/mesh/access/src/device_state_manager.c.obj
 .text.flash_operation_complete
                0x0001f1c8       0x58 examples/light_switch/client/CMakeFiles/light_switch_client_nrf51422_xxAC_s130_2.0.1.dir/__/__/__/mesh/access/src/device_state_manager.c.obj
 .text.flash_invalidate_complete
                0x0001f220        0xc examples/light_switch/client/CMakeFiles/light_switch_client_nrf51422_xxAC_s130_2.0.1.dir/__/__/__/mesh/access/src/device_state_manager.c.obj
 .text.flash_write_complete
                0x0001f22c        0xc examples/light_switch/client/CMakeFiles/light_switch_client_nrf51422_xxAC_s130_2.0.1.dir/__/__/__/mesh/access/src/device_state_manager.c.obj
 .text.add_address.part.5
                0x0001f238      0x138 examples/light_switch/client/CMakeFiles/light_switch_client_nrf51422_xxAC_s130_2.0.1.dir/__/__/__/mesh/access/src/device_state_manager.c.obj
 .text.address_handle_valid
                0x0001f370       0x28 examples/light_switch/client/CMakeFiles/light_switch_client_nrf51422_xxAC_s130_2.0.1.dir/__/__/__/mesh/access/src/device_state_manager.c.obj
 .text.address_handle_nonvirtual_valid
                0x0001f398       0x18 examples/light_switch/client/CMakeFiles/light_switch_client_nrf51422_xxAC_s130_2.0.1.dir/__/__/__/mesh/access/src/device_state_manager.c.obj
 .text.address_delete_if_unused
                0x0001f3b0       0x7c examples/light_switch/client/CMakeFiles/light_switch_client_nrf51422_xxAC_s130_2.0.1.dir/__/__/__/mesh/access/src/device_state_manager.c.obj
 .text.addr_nonvirtual_to_dsm_entry
                0x0001f42c       0x34 examples/light_switch/client/CMakeFiles/light_switch_client_nrf51422_xxAC_s130_2.0.1.dir/__/__/__/mesh/access/src/device_state_manager.c.obj
 .text.dsm_flash_config_load
                0x0001f460       0xf0 examples/light_switch/client/CMakeFiles/light_switch_client_nrf51422_xxAC_s130_2.0.1.dir/__/__/__/mesh/access/src/device_state_manager.c.obj
                0x0001f460                dsm_flash_config_load
 .text.dsm_flash_area_get
                0x0001f550       0x10 examples/light_switch/client/CMakeFiles/light_switch_client_nrf51422_xxAC_s130_2.0.1.dir/__/__/__/mesh/access/src/device_state_manager.c.obj
                0x0001f550                dsm_flash_area_get
 .text.build_flash_area
                0x0001f560       0x8c examples/light_switch/client/CMakeFiles/light_switch_client_nrf51422_xxAC_s130_2.0.1.dir/__/__/__/mesh/access/src/device_state_manager.c.obj
 .text.dsm_init
                0x0001f5ec       0x28 examples/light_switch/client/CMakeFiles/light_switch_client_nrf51422_xxAC_s130_2.0.1.dir/__/__/__/mesh/access/src/device_state_manager.c.obj
                0x0001f5ec                dsm_init
 .text.flash_remove_complete
                0x0001f614        0x8 examples/light_switch/client/CMakeFiles/light_switch_client_nrf51422_xxAC_s130_2.0.1.dir/__/__/__/mesh/access/src/device_state_manager.c.obj
 .text.dsm_local_unicast_addresses_set
                0x0001f61c       0x74 examples/light_switch/client/CMakeFiles/light_switch_client_nrf51422_xxAC_s130_2.0.1.dir/__/__/__/mesh/access/src/device_state_manager.c.obj
                0x0001f61c                dsm_local_unicast_addresses_set
 .text.dsm_local_unicast_addresses_get
                0x0001f690       0x2c examples/light_switch/client/CMakeFiles/light_switch_client_nrf51422_xxAC_s130_2.0.1.dir/__/__/__/mesh/access/src/device_state_manager.c.obj
                0x0001f690                dsm_local_unicast_addresses_get
 .text.dsm_address_publish_add
                0x0001f6bc       0x14 examples/light_switch/client/CMakeFiles/light_switch_client_nrf51422_xxAC_s130_2.0.1.dir/__/__/__/mesh/access/src/device_state_manager.c.obj
                0x0001f6bc                dsm_address_publish_add
 .text.dsm_address_publish_add_handle
                0x0001f6d0       0x38 examples/light_switch/client/CMakeFiles/light_switch_client_nrf51422_xxAC_s130_2.0.1.dir/__/__/__/mesh/access/src/device_state_manager.c.obj
                0x0001f6d0                dsm_address_publish_add_handle
 .text.dsm_address_publish_remove
                0x0001f708       0x40 examples/light_switch/client/CMakeFiles/light_switch_client_nrf51422_xxAC_s130_2.0.1.dir/__/__/__/mesh/access/src/device_state_manager.c.obj
                0x0001f708                dsm_address_publish_remove
 .text.dsm_address_subscription_add_handle
                0x0001f748       0x38 examples/light_switch/client/CMakeFiles/light_switch_client_nrf51422_xxAC_s130_2.0.1.dir/__/__/__/mesh/access/src/device_state_manager.c.obj
                0x0001f748                dsm_address_subscription_add_handle
 .text.dsm_address_subscription_get
                0x0001f780       0x34 examples/light_switch/client/CMakeFiles/light_switch_client_nrf51422_xxAC_s130_2.0.1.dir/__/__/__/mesh/access/src/device_state_manager.c.obj
                0x0001f780                dsm_address_subscription_get
 .text.dsm_address_get
                0x0001f7b4       0x5c examples/light_switch/client/CMakeFiles/light_switch_client_nrf51422_xxAC_s130_2.0.1.dir/__/__/__/mesh/access/src/device_state_manager.c.obj
                0x0001f7b4                dsm_address_get
 .text.dsm_address_get_all
                0x0001f810       0x5c examples/light_switch/client/CMakeFiles/light_switch_client_nrf51422_xxAC_s130_2.0.1.dir/__/__/__/mesh/access/src/device_state_manager.c.obj
                0x0001f810                dsm_address_get_all
 .text.dsm_address_handle_get
                0x0001f86c       0x98 examples/light_switch/client/CMakeFiles/light_switch_client_nrf51422_xxAC_s130_2.0.1.dir/__/__/__/mesh/access/src/device_state_manager.c.obj
                0x0001f86c                dsm_address_handle_get
 .text.dsm_appkey_handle_get
                0x0001f904       0x14 examples/light_switch/client/CMakeFiles/light_switch_client_nrf51422_xxAC_s130_2.0.1.dir/__/__/__/mesh/access/src/device_state_manager.c.obj
                0x0001f904                dsm_appkey_handle_get
 .text.dsm_subnet_add
                0x0001f918       0x60 examples/light_switch/client/CMakeFiles/light_switch_client_nrf51422_xxAC_s130_2.0.1.dir/__/__/__/mesh/access/src/device_state_manager.c.obj
                0x0001f918                dsm_subnet_add
 .text.dsm_subnet_get_all
                0x0001f978       0x44 examples/light_switch/client/CMakeFiles/light_switch_client_nrf51422_xxAC_s130_2.0.1.dir/__/__/__/mesh/access/src/device_state_manager.c.obj
                0x0001f978                dsm_subnet_get_all
 .text.dsm_devkey_add
                0x0001f9bc       0x7c examples/light_switch/client/CMakeFiles/light_switch_client_nrf51422_xxAC_s130_2.0.1.dir/__/__/__/mesh/access/src/device_state_manager.c.obj
                0x0001f9bc                dsm_devkey_add
 .text.dsm_devkey_delete
                0x0001fa38       0x44 examples/light_switch/client/CMakeFiles/light_switch_client_nrf51422_xxAC_s130_2.0.1.dir/__/__/__/mesh/access/src/device_state_manager.c.obj
                0x0001fa38                dsm_devkey_delete
 .text.dsm_devkey_handle_get
                0x0001fa7c       0x30 examples/light_switch/client/CMakeFiles/light_switch_client_nrf51422_xxAC_s130_2.0.1.dir/__/__/__/mesh/access/src/device_state_manager.c.obj
                0x0001fa7c                dsm_devkey_handle_get
 .text.dsm_appkey_add
                0x0001faac       0x78 examples/light_switch/client/CMakeFiles/light_switch_client_nrf51422_xxAC_s130_2.0.1.dir/__/__/__/mesh/access/src/device_state_manager.c.obj
                0x0001faac                dsm_appkey_add
 .text.dsm_appkey_get_all
                0x0001fb24       0x64 examples/light_switch/client/CMakeFiles/light_switch_client_nrf51422_xxAC_s130_2.0.1.dir/__/__/__/mesh/access/src/device_state_manager.c.obj
                0x0001fb24                dsm_appkey_get_all
 .text.dsm_tx_secmat_get
                0x0001fb88       0xf8 examples/light_switch/client/CMakeFiles/light_switch_client_nrf51422_xxAC_s130_2.0.1.dir/__/__/__/mesh/access/src/device_state_manager.c.obj
                0x0001fb88                dsm_tx_secmat_get
 .text.nrf_mesh_net_secmat_next_get
                0x0001fc80       0x54 examples/light_switch/client/CMakeFiles/light_switch_client_nrf51422_xxAC_s130_2.0.1.dir/__/__/__/mesh/access/src/device_state_manager.c.obj
                0x0001fc80                nrf_mesh_net_secmat_next_get
 .text.nrf_mesh_app_secmat_next_get
                0x0001fcd4       0x88 examples/light_switch/client/CMakeFiles/light_switch_client_nrf51422_xxAC_s130_2.0.1.dir/__/__/__/mesh/access/src/device_state_manager.c.obj
                0x0001fcd4                nrf_mesh_app_secmat_next_get
 .text.nrf_mesh_devkey_secmat_get
                0x0001fd5c       0x50 examples/light_switch/client/CMakeFiles/light_switch_client_nrf51422_xxAC_s130_2.0.1.dir/__/__/__/mesh/access/src/device_state_manager.c.obj
                0x0001fd5c                nrf_mesh_devkey_secmat_get
 .text.nrf_mesh_beacon_info_next_get
                0x0001fdac       0x78 examples/light_switch/client/CMakeFiles/light_switch_client_nrf51422_xxAC_s130_2.0.1.dir/__/__/__/mesh/access/src/device_state_manager.c.obj
                0x0001fdac                nrf_mesh_beacon_info_next_get
 .text.nrf_mesh_rx_address_get
                0x0001fe24       0xec examples/light_switch/client/CMakeFiles/light_switch_client_nrf51422_xxAC_s130_2.0.1.dir/__/__/__/mesh/access/src/device_state_manager.c.obj
                0x0001fe24                nrf_mesh_rx_address_get
 .text.send_confirmation
                0x0001ff10       0x34 examples/light_switch/client/CMakeFiles/light_switch_client_nrf51422_xxAC_s130_2.0.1.dir/__/__/__/mesh/prov/src/prov_provisioner.c.obj
 .text.prov_provisioner_cb_link_closed
                0x0001ff44       0x28 examples/light_switch/client/CMakeFiles/light_switch_client_nrf51422_xxAC_s130_2.0.1.dir/__/__/__/mesh/prov/src/prov_provisioner.c.obj
 .text.prov_provisioner_cb_link_established
                0x0001ff6c       0x44 examples/light_switch/client/CMakeFiles/light_switch_client_nrf51422_xxAC_s130_2.0.1.dir/__/__/__/mesh/prov/src/prov_provisioner.c.obj
 .text.prov_provisioner_cb_ack_received
                0x0001ffb0       0x50 examples/light_switch/client/CMakeFiles/light_switch_client_nrf51422_xxAC_s130_2.0.1.dir/__/__/__/mesh/prov/src/prov_provisioner.c.obj
 .text.request_authentication
                0x00020000       0x98 examples/light_switch/client/CMakeFiles/light_switch_client_nrf51422_xxAC_s130_2.0.1.dir/__/__/__/mesh/prov/src/prov_provisioner.c.obj
 .text.prov_provisioner_pkt_in
                0x00020098      0x2ec examples/light_switch/client/CMakeFiles/light_switch_client_nrf51422_xxAC_s130_2.0.1.dir/__/__/__/mesh/prov/src/prov_provisioner.c.obj
 .text.prov_provisioner_provision
                0x00020384       0x54 examples/light_switch/client/CMakeFiles/light_switch_client_nrf51422_xxAC_s130_2.0.1.dir/__/__/__/mesh/prov/src/prov_provisioner.c.obj
                0x00020384                prov_provisioner_provision
 .text.prov_provisioner_oob_use
                0x000203d8       0x8c examples/light_switch/client/CMakeFiles/light_switch_client_nrf51422_xxAC_s130_2.0.1.dir/__/__/__/mesh/prov/src/prov_provisioner.c.obj
                0x000203d8                prov_provisioner_oob_use
 .text.prov_provisioner_auth_data
                0x00020464       0x4c examples/light_switch/client/CMakeFiles/light_switch_client_nrf51422_xxAC_s130_2.0.1.dir/__/__/__/mesh/prov/src/prov_provisioner.c.obj
                0x00020464                prov_provisioner_auth_data
 .text.nrf_mesh_prov_init
                0x000204b0       0x34 examples/light_switch/client/CMakeFiles/light_switch_client_nrf51422_xxAC_s130_2.0.1.dir/__/__/__/mesh/prov/src/nrf_mesh_prov.c.obj
                0x000204b0                nrf_mesh_prov_init
 .text.nrf_mesh_prov_generate_keys
                0x000204e4        0x8 examples/light_switch/client/CMakeFiles/light_switch_client_nrf51422_xxAC_s130_2.0.1.dir/__/__/__/mesh/prov/src/nrf_mesh_prov.c.obj
                0x000204e4                nrf_mesh_prov_generate_keys
 .text.nrf_mesh_prov_provision
                0x000204ec       0x5c examples/light_switch/client/CMakeFiles/light_switch_client_nrf51422_xxAC_s130_2.0.1.dir/__/__/__/mesh/prov/src/nrf_mesh_prov.c.obj
                0x000204ec                nrf_mesh_prov_provision
 .text.nrf_mesh_prov_oob_use
                0x00020548       0x1c examples/light_switch/client/CMakeFiles/light_switch_client_nrf51422_xxAC_s130_2.0.1.dir/__/__/__/mesh/prov/src/nrf_mesh_prov.c.obj
                0x00020548                nrf_mesh_prov_oob_use
 .text.nrf_mesh_prov_auth_data_provide
                0x00020564       0x1c examples/light_switch/client/CMakeFiles/light_switch_client_nrf51422_xxAC_s130_2.0.1.dir/__/__/__/mesh/prov/src/nrf_mesh_prov.c.obj
                0x00020564                nrf_mesh_prov_auth_data_provide
 .text.send_data
                0x00020580       0x48 examples/light_switch/client/CMakeFiles/light_switch_client_nrf51422_xxAC_s130_2.0.1.dir/__/__/__/mesh/prov/src/provisioning.c.obj
 .text.prov_packet_length_valid
                0x000205c8       0x20 examples/light_switch/client/CMakeFiles/light_switch_client_nrf51422_xxAC_s130_2.0.1.dir/__/__/__/mesh/prov/src/provisioning.c.obj
                0x000205c8                prov_packet_length_valid
 .text.prov_init
                0x000205e8       0x34 examples/light_switch/client/CMakeFiles/light_switch_client_nrf51422_xxAC_s130_2.0.1.dir/__/__/__/mesh/prov/src/provisioning.c.obj
                0x000205e8                prov_init
 .text.prov_link_open
                0x0002061c       0x14 examples/light_switch/client/CMakeFiles/light_switch_client_nrf51422_xxAC_s130_2.0.1.dir/__/__/__/mesh/prov/src/provisioning.c.obj
                0x0002061c                prov_link_open
 .text.prov_link_close
                0x00020630        0xe examples/light_switch/client/CMakeFiles/light_switch_client_nrf51422_xxAC_s130_2.0.1.dir/__/__/__/mesh/prov/src/provisioning.c.obj
                0x00020630                prov_link_close
 .text.prov_tx_invite
                0x0002063e       0x24 examples/light_switch/client/CMakeFiles/light_switch_client_nrf51422_xxAC_s130_2.0.1.dir/__/__/__/mesh/prov/src/provisioning.c.obj
                0x0002063e                prov_tx_invite
 .text.prov_tx_start
                0x00020662       0x1e examples/light_switch/client/CMakeFiles/light_switch_client_nrf51422_xxAC_s130_2.0.1.dir/__/__/__/mesh/prov/src/provisioning.c.obj
                0x00020662                prov_tx_start
 .text.prov_tx_public_key
                0x00020680       0x24 examples/light_switch/client/CMakeFiles/light_switch_client_nrf51422_xxAC_s130_2.0.1.dir/__/__/__/mesh/prov/src/provisioning.c.obj
                0x00020680                prov_tx_public_key
 .text.prov_tx_confirmation
                0x000206a4       0x24 examples/light_switch/client/CMakeFiles/light_switch_client_nrf51422_xxAC_s130_2.0.1.dir/__/__/__/mesh/prov/src/provisioning.c.obj
                0x000206a4                prov_tx_confirmation
 .text.prov_tx_random
                0x000206c8       0x24 examples/light_switch/client/CMakeFiles/light_switch_client_nrf51422_xxAC_s130_2.0.1.dir/__/__/__/mesh/prov/src/provisioning.c.obj
                0x000206c8                prov_tx_random
 .text.prov_tx_data
                0x000206ec        0xa examples/light_switch/client/CMakeFiles/light_switch_client_nrf51422_xxAC_s130_2.0.1.dir/__/__/__/mesh/prov/src/provisioning.c.obj
                0x000206ec                prov_tx_data
 .text.prov_cb_link_opened
                0x000206f6        0xe examples/light_switch/client/CMakeFiles/light_switch_client_nrf51422_xxAC_s130_2.0.1.dir/__/__/__/mesh/prov/src/provisioning.c.obj
                0x000206f6                prov_cb_link_opened
 .text.prov_cb_link_closed
                0x00020704        0xe examples/light_switch/client/CMakeFiles/light_switch_client_nrf51422_xxAC_s130_2.0.1.dir/__/__/__/mesh/prov/src/provisioning.c.obj
                0x00020704                prov_cb_link_closed
 *fill*         0x00020712        0x2 
 .text.prov_cb_pkt_in
                0x00020714       0x80 examples/light_switch/client/CMakeFiles/light_switch_client_nrf51422_xxAC_s130_2.0.1.dir/__/__/__/mesh/prov/src/provisioning.c.obj
                0x00020714                prov_cb_pkt_in
 .text.prov_cb_ack_in
                0x00020794        0xe examples/light_switch/client/CMakeFiles/light_switch_client_nrf51422_xxAC_s130_2.0.1.dir/__/__/__/mesh/prov/src/provisioning.c.obj
                0x00020794                prov_cb_ack_in
 .text.prov_beacon_unprov_build
                0x000207a2       0x52 examples/light_switch/client/CMakeFiles/light_switch_client_nrf51422_xxAC_s130_2.0.1.dir/__/__/__/mesh/prov/src/prov_beacon.c.obj
                0x000207a2                prov_beacon_unprov_build
 .text.prov_beacon_unprov_packet_in
                0x000207f4       0xb8 examples/light_switch/client/CMakeFiles/light_switch_client_nrf51422_xxAC_s130_2.0.1.dir/__/__/__/mesh/prov/src/prov_beacon.c.obj
                0x000207f4                prov_beacon_unprov_packet_in
 .text.oob_gen_alphanumeric
                0x000208ac       0x34 examples/light_switch/client/CMakeFiles/light_switch_client_nrf51422_xxAC_s130_2.0.1.dir/__/__/__/mesh/prov/src/prov_utils.c.obj
 .text.oob_gen_numeric
                0x000208e0       0x30 examples/light_switch/client/CMakeFiles/light_switch_client_nrf51422_xxAC_s130_2.0.1.dir/__/__/__/mesh/prov/src/prov_utils.c.obj
 .text.prov_utils_use_ecdh_offloading
                0x00020910        0xc examples/light_switch/client/CMakeFiles/light_switch_client_nrf51422_xxAC_s130_2.0.1.dir/__/__/__/mesh/prov/src/prov_utils.c.obj
                0x00020910                prov_utils_use_ecdh_offloading
 .text.prov_utils_authentication_values_derive
                0x0002091c       0xc0 examples/light_switch/client/CMakeFiles/light_switch_client_nrf51422_xxAC_s130_2.0.1.dir/__/__/__/mesh/prov/src/prov_utils.c.obj
                0x0002091c                prov_utils_authentication_values_derive
 .text.prov_utils_keys_generate
                0x000209dc       0x20 examples/light_switch/client/CMakeFiles/light_switch_client_nrf51422_xxAC_s130_2.0.1.dir/__/__/__/mesh/prov/src/prov_utils.c.obj
                0x000209dc                prov_utils_keys_generate
 .text.prov_utils_derive_keys
                0x000209fc       0xc0 examples/light_switch/client/CMakeFiles/light_switch_client_nrf51422_xxAC_s130_2.0.1.dir/__/__/__/mesh/prov/src/prov_utils.c.obj
                0x000209fc                prov_utils_derive_keys
 .text.prov_utils_calculate_shared_secret
                0x00020abc       0x3e examples/light_switch/client/CMakeFiles/light_switch_client_nrf51422_xxAC_s130_2.0.1.dir/__/__/__/mesh/prov/src/prov_utils.c.obj
                0x00020abc                prov_utils_calculate_shared_secret
 *fill*         0x00020afa        0x2 
 .text.prov_utils_generate_oob_data
                0x00020afc       0x9c examples/light_switch/client/CMakeFiles/light_switch_client_nrf51422_xxAC_s130_2.0.1.dir/__/__/__/mesh/prov/src/prov_utils.c.obj
                0x00020afc                prov_utils_generate_oob_data
 .text.prov_utils_confirmation_check
                0x00020b98       0x70 examples/light_switch/client/CMakeFiles/light_switch_client_nrf51422_xxAC_s130_2.0.1.dir/__/__/__/mesh/prov/src/prov_utils.c.obj
                0x00020b98                prov_utils_confirmation_check
 .text.remove_active_bearer
                0x00020c08       0x68 examples/light_switch/client/CMakeFiles/light_switch_client_nrf51422_xxAC_s130_2.0.1.dir/__/__/__/mesh/prov/src/prov_bearer_adv.c.obj
 .text.prov_bearer_adv_listen_stop
                0x00020c70       0x38 examples/light_switch/client/CMakeFiles/light_switch_client_nrf51422_xxAC_s130_2.0.1.dir/__/__/__/mesh/prov/src/prov_bearer_adv.c.obj
 .text.close_link
                0x00020ca8       0x6c examples/light_switch/client/CMakeFiles/light_switch_client_nrf51422_xxAC_s130_2.0.1.dir/__/__/__/mesh/prov/src/prov_bearer_adv.c.obj
 .text.send_packet
                0x00020d14       0x70 examples/light_switch/client/CMakeFiles/light_switch_client_nrf51422_xxAC_s130_2.0.1.dir/__/__/__/mesh/prov/src/prov_bearer_adv.c.obj
 .text.prov_buffer_tx
                0x00020d84      0x168 examples/light_switch/client/CMakeFiles/light_switch_client_nrf51422_xxAC_s130_2.0.1.dir/__/__/__/mesh/prov/src/prov_bearer_adv.c.obj
 .text.send_link_close
                0x00020eec       0x28 examples/light_switch/client/CMakeFiles/light_switch_client_nrf51422_xxAC_s130_2.0.1.dir/__/__/__/mesh/prov/src/prov_bearer_adv.c.obj
 .text.prov_bearer_adv_link_close
                0x00020f14       0x78 examples/light_switch/client/CMakeFiles/light_switch_client_nrf51422_xxAC_s130_2.0.1.dir/__/__/__/mesh/prov/src/prov_bearer_adv.c.obj
 .text.send_transaction_ack
                0x00020f8c       0x24 examples/light_switch/client/CMakeFiles/light_switch_client_nrf51422_xxAC_s130_2.0.1.dir/__/__/__/mesh/prov/src/prov_bearer_adv.c.obj
 .text.send_link_ack
                0x00020fb0       0x26 examples/light_switch/client/CMakeFiles/light_switch_client_nrf51422_xxAC_s130_2.0.1.dir/__/__/__/mesh/prov/src/prov_bearer_adv.c.obj
 .text.link_timeout_cb
                0x00020fd6        0xc examples/light_switch/client/CMakeFiles/light_switch_client_nrf51422_xxAC_s130_2.0.1.dir/__/__/__/mesh/prov/src/prov_bearer_adv.c.obj
 .text.reset_timeout_timer
                0x00020fe2       0x1a examples/light_switch/client/CMakeFiles/light_switch_client_nrf51422_xxAC_s130_2.0.1.dir/__/__/__/mesh/prov/src/prov_bearer_adv.c.obj
 .text.tx_complete_cb
                0x00020ffc       0x24 examples/light_switch/client/CMakeFiles/light_switch_client_nrf51422_xxAC_s130_2.0.1.dir/__/__/__/mesh/prov/src/prov_bearer_adv.c.obj
 .text.tx_retry_cb
                0x00021020       0xd4 examples/light_switch/client/CMakeFiles/light_switch_client_nrf51422_xxAC_s130_2.0.1.dir/__/__/__/mesh/prov/src/prov_bearer_adv.c.obj
 .text.add_active_bearer
                0x000210f4       0x88 examples/light_switch/client/CMakeFiles/light_switch_client_nrf51422_xxAC_s130_2.0.1.dir/__/__/__/mesh/prov/src/prov_bearer_adv.c.obj
 .text.prov_bearer_adv_link_open
                0x0002117c       0xf0 examples/light_switch/client/CMakeFiles/light_switch_client_nrf51422_xxAC_s130_2.0.1.dir/__/__/__/mesh/prov/src/prov_bearer_adv.c.obj
 .text.async_process
                0x0002126c       0x58 examples/light_switch/client/CMakeFiles/light_switch_client_nrf51422_xxAC_s130_2.0.1.dir/__/__/__/mesh/prov/src/prov_bearer_adv.c.obj
 .text.prov_bearer_adv_listen
                0x000212c4       0xf4 examples/light_switch/client/CMakeFiles/light_switch_client_nrf51422_xxAC_s130_2.0.1.dir/__/__/__/mesh/prov/src/prov_bearer_adv.c.obj
 .text.calculate_3GPP_CRC
                0x000213b8       0x24 examples/light_switch/client/CMakeFiles/light_switch_client_nrf51422_xxAC_s130_2.0.1.dir/__/__/__/mesh/prov/src/prov_bearer_adv.c.obj
                0x000213b8                calculate_3GPP_CRC
 .text.prov_bearer_adv_tx
                0x000213dc       0xac examples/light_switch/client/CMakeFiles/light_switch_client_nrf51422_xxAC_s130_2.0.1.dir/__/__/__/mesh/prov/src/prov_bearer_adv.c.obj
 .text.prov_buffer_rx
                0x00021488       0x74 examples/light_switch/client/CMakeFiles/light_switch_client_nrf51422_xxAC_s130_2.0.1.dir/__/__/__/mesh/prov/src/prov_bearer_adv.c.obj
 .text.prov_bearer_adv_interface_get
                0x000214fc       0x24 examples/light_switch/client/CMakeFiles/light_switch_client_nrf51422_xxAC_s130_2.0.1.dir/__/__/__/mesh/prov/src/prov_bearer_adv.c.obj
                0x000214fc                prov_bearer_adv_interface_get
 .text.prov_bearer_adv_packet_in
                0x00021520      0x898 examples/light_switch/client/CMakeFiles/light_switch_client_nrf51422_xxAC_s130_2.0.1.dir/__/__/__/mesh/prov/src/prov_bearer_adv.c.obj
                0x00021520                prov_bearer_adv_packet_in
 .text.SystemInit
                0x00021db8       0xe0 examples/light_switch/client/CMakeFiles/light_switch_client_nrf51422_xxAC_s130_2.0.1.dir/__/__/__/external/nRF5_SDK_14.0.0_3bcc1f7/components/toolchain/system_nrf51.c.obj
                0x00021db8                SystemInit
 .text          0x00021e98       0x4c examples/light_switch/client/CMakeFiles/light_switch_client_nrf51422_xxAC_s130_2.0.1.dir/__/__/__/external/nRF5_SDK_14.0.0_3bcc1f7/components/toolchain/gcc/gcc_startup_nrf51.S.obj
                0x00021e98                Reset_Handler
                0x00021ed8                NMI_Handler
                0x00021edc                SVC_Handler
                0x00021ede                PendSV_Handler
                0x00021ee0                SysTick_Handler
                0x00021ee2                GPIOTE_IRQHandler
                0x00021ee2                RTC0_IRQHandler
                0x00021ee2                POWER_CLOCK_IRQHandler
                0x00021ee2                SPI0_TWI0_IRQHandler
                0x00021ee2                LPCOMP_IRQHandler
                0x00021ee2                SWI4_IRQHandler
                0x00021ee2                TEMP_IRQHandler
                0x00021ee2                UART0_IRQHandler
                0x00021ee2                SWI5_IRQHandler
                0x00021ee2                TIMER0_IRQHandler
                0x00021ee2                RADIO_IRQHandler
                0x00021ee2                SWI0_IRQHandler
                0x00021ee2                TIMER1_IRQHandler
                0x00021ee2                ECB_IRQHandler
                0x00021ee2                Default_Handler
                0x00021ee2                ADC_IRQHandler
                0x00021ee2                SWI3_IRQHandler
                0x00021ee2                CCM_AAR_IRQHandler
                0x00021ee2                WDT_IRQHandler
                0x00021ee2                TIMER2_IRQHandler
                0x00021ee2                RNG_IRQHandler
                0x00021ee2                SPI1_TWI1_IRQHandler
                0x00021ee2                RTC1_IRQHandler
                0x00021ee2                SWI1_IRQHandler
 .text.nrf_mesh_configure_device_uuid_reset
                0x00021ee4       0x28 mesh/core/libmesh_core_nrf51422_xxAC.a(nrf_mesh_configure.c.obj)
                0x00021ee4                nrf_mesh_configure_device_uuid_reset
 .text.nrf_mesh_configure_device_uuid_get
                0x00021f0c        0x8 mesh/core/libmesh_core_nrf51422_xxAC.a(nrf_mesh_configure.c.obj)
                0x00021f0c                nrf_mesh_configure_device_uuid_get
 .text.event_handle
                0x00021f14       0x34 mesh/core/libmesh_core_nrf51422_xxAC.a(event.c.obj)
                0x00021f14                event_handle
 .text.event_handler_add
                0x00021f48       0x7c mesh/core/libmesh_core_nrf51422_xxAC.a(event.c.obj)
                0x00021f48                event_handler_add
 .text.packet_mgr_init
                0x00021fc4       0x54 mesh/core/libmesh_core_nrf51422_xxAC.a(packet_mgr.c.obj)
                0x00021fc4                packet_mgr_init
 .text.packet_mgr_alloc
                0x00022018      0x18c mesh/core/libmesh_core_nrf51422_xxAC.a(packet_mgr.c.obj)
                0x00022018                packet_mgr_alloc
 .text.packet_mgr_free
                0x000221a4       0x6c mesh/core/libmesh_core_nrf51422_xxAC.a(packet_mgr.c.obj)
                0x000221a4                packet_mgr_free
 .text.flash_mem_available
                0x00022210       0x20 mesh/core/libmesh_core_nrf51422_xxAC.a(net_state.c.obj)
 .text.flash_store_iv_index
                0x00022230       0x34 mesh/core/libmesh_core_nrf51422_xxAC.a(net_state.c.obj)
 .text.seqnum_block_allocate
                0x00022264       0x50 mesh/core/libmesh_core_nrf51422_xxAC.a(net_state.c.obj)
 .text.flash_write_complete
                0x000222b4       0x80 mesh/core/libmesh_core_nrf51422_xxAC.a(net_state.c.obj)
 .text.net_state_recover_from_flash
                0x00022334       0x8c mesh/core/libmesh_core_nrf51422_xxAC.a(net_state.c.obj)
                0x00022334                net_state_recover_from_flash
 .text.net_state_flash_area_get
                0x000223c0       0x10 mesh/core/libmesh_core_nrf51422_xxAC.a(net_state.c.obj)
                0x000223c0                net_state_flash_area_get
 .text.init_flash_storage
                0x000223d0       0x40 mesh/core/libmesh_core_nrf51422_xxAC.a(net_state.c.obj)
 .text.net_state_init
                0x00022410       0x48 mesh/core/libmesh_core_nrf51422_xxAC.a(net_state.c.obj)
                0x00022410                net_state_init
 .text.net_state_iv_update_start
                0x00022458       0x64 mesh/core/libmesh_core_nrf51422_xxAC.a(net_state.c.obj)
                0x00022458                net_state_iv_update_start
 .text.iv_update_trigger_if_pending
                0x000224bc       0x94 mesh/core/libmesh_core_nrf51422_xxAC.a(net_state.c.obj)
 .text.iv_update_timer_handler
                0x00022550       0x80 mesh/core/libmesh_core_nrf51422_xxAC.a(net_state.c.obj)
 .text.net_state_seqnum_alloc
                0x000225d0       0x68 mesh/core/libmesh_core_nrf51422_xxAC.a(net_state.c.obj)
                0x000225d0                net_state_seqnum_alloc
 .text.net_state_iv_index_lock
                0x00022638       0x4c mesh/core/libmesh_core_nrf51422_xxAC.a(net_state.c.obj)
                0x00022638                net_state_iv_index_lock
 .text.net_state_beacon_received
                0x00022684       0x98 mesh/core/libmesh_core_nrf51422_xxAC.a(net_state.c.obj)
                0x00022684                net_state_beacon_received
 .text.net_state_beacon_iv_index_get
                0x0002271c        0xc mesh/core/libmesh_core_nrf51422_xxAC.a(net_state.c.obj)
                0x0002271c                net_state_beacon_iv_index_get
 .text.net_state_tx_iv_index_get
                0x00022728       0x14 mesh/core/libmesh_core_nrf51422_xxAC.a(net_state.c.obj)
                0x00022728                net_state_tx_iv_index_get
 .text.net_state_rx_iv_index_get
                0x0002273c       0x14 mesh/core/libmesh_core_nrf51422_xxAC.a(net_state.c.obj)
                0x0002273c                net_state_rx_iv_index_get
 .text.net_state_iv_update_get
                0x00022750        0xc mesh/core/libmesh_core_nrf51422_xxAC.a(net_state.c.obj)
                0x00022750                net_state_iv_update_get
 .text.nrf_mesh_address_type_get
                0x0002275c       0x14 mesh/core/libmesh_core_nrf51422_xxAC.a(nrf_mesh_utils.c.obj)
                0x0002275c                nrf_mesh_address_type_get
 .text.sd_softdevice_is_enabled
                0x00022770        0x4 mesh/core/libmesh_core_nrf51422_xxAC.a(nrf_mesh.c.obj)
 .text.nrf_mesh_init
                0x00022774       0xb8 mesh/core/libmesh_core_nrf51422_xxAC.a(nrf_mesh.c.obj)
                0x00022774                nrf_mesh_init
 .text.nrf_mesh_enable
                0x0002282c       0x4c mesh/core/libmesh_core_nrf51422_xxAC.a(nrf_mesh.c.obj)
                0x0002282c                nrf_mesh_enable
 .text.nrf_mesh_packet_send
                0x00022878        0x8 mesh/core/libmesh_core_nrf51422_xxAC.a(nrf_mesh.c.obj)
                0x00022878                nrf_mesh_packet_send
 .text.nrf_mesh_process
                0x00022880      0x1c4 mesh/core/libmesh_core_nrf51422_xxAC.a(nrf_mesh.c.obj)
                0x00022880                nrf_mesh_process
 .text.nrf_mesh_on_ble_evt
                0x00022a44        0x4 mesh/core/libmesh_core_nrf51422_xxAC.a(nrf_mesh.c.obj)
                0x00022a44                nrf_mesh_on_ble_evt
 .text.nrf_mesh_on_sd_evt
                0x00022a48        0xa mesh/core/libmesh_core_nrf51422_xxAC.a(nrf_mesh.c.obj)
                0x00022a48                nrf_mesh_on_sd_evt
 .text.nrf_mesh_evt_handler_add
                0x00022a52        0x8 mesh/core/libmesh_core_nrf51422_xxAC.a(nrf_mesh.c.obj)
                0x00022a52                nrf_mesh_evt_handler_add
 *fill*         0x00022a5a        0x2 
 .text.hal_lfclk_ppm_get
                0x00022a5c       0x14 mesh/core/libmesh_core_nrf51422_xxAC.a(hal.c.obj)
                0x00022a5c                hal_lfclk_ppm_get
 .text.add_to_add_list
                0x00022a70       0x4c mesh/core/libmesh_core_nrf51422_xxAC.a(timer_scheduler.c.obj)
 .text.process_dirty_events
                0x00022abc       0x64 mesh/core/libmesh_core_nrf51422_xxAC.a(timer_scheduler.c.obj)
 .text.timer_cb
                0x00022b20       0x10 mesh/core/libmesh_core_nrf51422_xxAC.a(timer_scheduler.c.obj)
 .text.add_evt.constprop.0
                0x00022b30       0x70 mesh/core/libmesh_core_nrf51422_xxAC.a(timer_scheduler.c.obj)
 .text.process_add_list
                0x00022ba0       0x4c mesh/core/libmesh_core_nrf51422_xxAC.a(timer_scheduler.c.obj)
 .text.flag_event_cb
                0x00022bec      0x104 mesh/core/libmesh_core_nrf51422_xxAC.a(timer_scheduler.c.obj)
 .text.timer_sch_init
                0x00022cf0       0x24 mesh/core/libmesh_core_nrf51422_xxAC.a(timer_scheduler.c.obj)
                0x00022cf0                timer_sch_init
 .text.timer_sch_schedule
                0x00022d14       0x54 mesh/core/libmesh_core_nrf51422_xxAC.a(timer_scheduler.c.obj)
                0x00022d14                timer_sch_schedule
 .text.timer_sch_abort
                0x00022d68       0x68 mesh/core/libmesh_core_nrf51422_xxAC.a(timer_scheduler.c.obj)
                0x00022d68                timer_sch_abort
 .text.timer_sch_reschedule
                0x00022dd0       0x78 mesh/core/libmesh_core_nrf51422_xxAC.a(timer_scheduler.c.obj)
                0x00022dd0                timer_sch_reschedule
 .text.timer_mut_unlock
                0x00022e48       0x10 mesh/core/libmesh_core_nrf51422_xxAC.a(timer.c.obj)
 .text.timer_order_cb
                0x00022e58       0x90 mesh/core/libmesh_core_nrf51422_xxAC.a(timer.c.obj)
                0x00022e58                timer_order_cb
 .text.timer_now
                0x00022ee8       0x54 mesh/core/libmesh_core_nrf51422_xxAC.a(timer.c.obj)
                0x00022ee8                timer_now
 .text.timer_event_handler
                0x00022f3c       0x94 mesh/core/libmesh_core_nrf51422_xxAC.a(timer.c.obj)
                0x00022f3c                timer_event_handler
 .text.timer_on_ts_begin
                0x00022fd0      0x104 mesh/core/libmesh_core_nrf51422_xxAC.a(timer.c.obj)
                0x00022fd0                timer_on_ts_begin
 .text.timer_on_ts_end
                0x000230d4       0x64 mesh/core/libmesh_core_nrf51422_xxAC.a(timer.c.obj)
                0x000230d4                timer_on_ts_end
 .text.timer_cb
                0x00023138       0x10 mesh/core/libmesh_core_nrf51422_xxAC.a(ticker.c.obj)
 .text.ticker_init
                0x00023148       0x38 mesh/core/libmesh_core_nrf51422_xxAC.a(ticker.c.obj)
                0x00023148                ticker_init
 .text.sd_rand_application_bytes_available_get
                0x00023180        0x4 mesh/core/libmesh_core_nrf51422_xxAC.a(rand.c.obj)
 .text.sd_rand_application_vector_get
                0x00023184        0x4 mesh/core/libmesh_core_nrf51422_xxAC.a(rand.c.obj)
 .text.rand_prng_get
                0x00023188       0x2e mesh/core/libmesh_core_nrf51422_xxAC.a(rand.c.obj)
                0x00023188                rand_prng_get
 *fill*         0x000231b6        0x2 
 .text.rand_hw_rng_get
                0x000231b8       0x4c mesh/core/libmesh_core_nrf51422_xxAC.a(rand.c.obj)
                0x000231b8                rand_hw_rng_get
 .text.rand_prng_seed
                0x00023204       0x30 mesh/core/libmesh_core_nrf51422_xxAC.a(rand.c.obj)
                0x00023204                rand_prng_seed
 .text.sd_radio_session_open
                0x00023234        0x4 mesh/core/libmesh_core_nrf51422_xxAC.a(timeslot.c.obj)
 .text.sd_radio_session_close
                0x00023238        0x4 mesh/core/libmesh_core_nrf51422_xxAC.a(timeslot.c.obj)
 .text.sd_radio_request
                0x0002323c        0x4 mesh/core/libmesh_core_nrf51422_xxAC.a(timeslot.c.obj)
 .text.end_timer_handler
                0x00023240       0x2c mesh/core/libmesh_core_nrf51422_xxAC.a(timeslot.c.obj)
 .text.get_end_time.constprop.10
                0x0002326c       0x28 mesh/core/libmesh_core_nrf51422_xxAC.a(timeslot.c.obj)
 .text.handle_extend_end.constprop.3
                0x00023294       0xc4 mesh/core/libmesh_core_nrf51422_xxAC.a(timeslot.c.obj)
 .text.radio_signal_callback
                0x00023358      0x160 mesh/core/libmesh_core_nrf51422_xxAC.a(timeslot.c.obj)
 .text.timeslot_sd_event_handler
                0x000234b8       0x48 mesh/core/libmesh_core_nrf51422_xxAC.a(timeslot.c.obj)
                0x000234b8                timeslot_sd_event_handler
 .text.timeslot_init
                0x00023500       0x4c mesh/core/libmesh_core_nrf51422_xxAC.a(timeslot.c.obj)
                0x00023500                timeslot_init
 .text.timeslot_start
                0x0002354c       0x1c mesh/core/libmesh_core_nrf51422_xxAC.a(timeslot.c.obj)
                0x0002354c                timeslot_start
 .text.timeslot_end_is_pending
                0x00023568       0x2c mesh/core/libmesh_core_nrf51422_xxAC.a(timeslot.c.obj)
                0x00023568                timeslot_end_is_pending
 .text.timeslot_start_time_get
                0x00023594        0xc mesh/core/libmesh_core_nrf51422_xxAC.a(timeslot.c.obj)
                0x00023594                timeslot_start_time_get
 .text.timeslot_remaining_time_get
                0x000235a0       0x24 mesh/core/libmesh_core_nrf51422_xxAC.a(timeslot.c.obj)
                0x000235a0                timeslot_remaining_time_get
 .text.timeslot_is_in_cb
                0x000235c4        0xc mesh/core/libmesh_core_nrf51422_xxAC.a(timeslot.c.obj)
                0x000235c4                timeslot_is_in_cb
 .text.timeslot_trigger
                0x000235d0       0x28 mesh/core/libmesh_core_nrf51422_xxAC.a(timeslot.c.obj)
                0x000235d0                timeslot_trigger
 .text.timeslot_stop
                0x000235f8       0x14 mesh/core/libmesh_core_nrf51422_xxAC.a(timeslot.c.obj)
                0x000235f8                timeslot_stop
 .text.timeslot_state_lock
                0x0002360c       0x2c mesh/core/libmesh_core_nrf51422_xxAC.a(timeslot.c.obj)
                0x0002360c                timeslot_state_lock
 .text.evt_push
                0x00023638       0x24 mesh/core/libmesh_core_nrf51422_xxAC.a(bearer_event.c.obj)
 .text.QDEC_IRQHandler
                0x0002365c       0xc4 mesh/core/libmesh_core_nrf51422_xxAC.a(bearer_event.c.obj)
                0x0002365c                QDEC_IRQHandler
 .text.bearer_event_init
                0x00023720       0x48 mesh/core/libmesh_core_nrf51422_xxAC.a(bearer_event.c.obj)
                0x00023720                bearer_event_init
 .text.bearer_event_timer_post
                0x00023768       0x34 mesh/core/libmesh_core_nrf51422_xxAC.a(bearer_event.c.obj)
                0x00023768                bearer_event_timer_post
 .text.bearer_event_critical_section_begin
                0x0002379c       0x48 mesh/core/libmesh_core_nrf51422_xxAC.a(bearer_event.c.obj)
                0x0002379c                bearer_event_critical_section_begin
 .text.bearer_event_critical_section_end
                0x000237e4       0x48 mesh/core/libmesh_core_nrf51422_xxAC.a(bearer_event.c.obj)
                0x000237e4                bearer_event_critical_section_end
 .text.bearer_event_flag_add
                0x0002382c       0x54 mesh/core/libmesh_core_nrf51422_xxAC.a(bearer_event.c.obj)
                0x0002382c                bearer_event_flag_add
 .text.bearer_event_flag_set
                0x00023880       0x58 mesh/core/libmesh_core_nrf51422_xxAC.a(bearer_event.c.obj)
                0x00023880                bearer_event_flag_set
 .text.bearer_event_sequential_add
                0x000238d8       0x4c mesh/core/libmesh_core_nrf51422_xxAC.a(bearer_event.c.obj)
                0x000238d8                bearer_event_sequential_add
 .text.bearer_event_sequential_post
                0x00023924       0x68 mesh/core/libmesh_core_nrf51422_xxAC.a(bearer_event.c.obj)
                0x00023924                bearer_event_sequential_post
 .text.bearer_event_sequential_pending
                0x0002398c       0x20 mesh/core/libmesh_core_nrf51422_xxAC.a(bearer_event.c.obj)
                0x0002398c                bearer_event_sequential_pending
 .text.enc_aes_encrypt
                0x000239ac        0x8 mesh/core/libmesh_core_nrf51422_xxAC.a(enc.c.obj)
                0x000239ac                enc_aes_encrypt
 .text.enc_aes_cmac
                0x000239b4        0x8 mesh/core/libmesh_core_nrf51422_xxAC.a(enc.c.obj)
                0x000239b4                enc_aes_cmac
 .text.enc_aes_ccm_encrypt
                0x000239bc        0x8 mesh/core/libmesh_core_nrf51422_xxAC.a(enc.c.obj)
                0x000239bc                enc_aes_ccm_encrypt
 .text.enc_aes_ccm_decrypt
                0x000239c4        0x8 mesh/core/libmesh_core_nrf51422_xxAC.a(enc.c.obj)
                0x000239c4                enc_aes_ccm_decrypt
 .text.enc_nonce_generate
                0x000239cc       0xd8 mesh/core/libmesh_core_nrf51422_xxAC.a(enc.c.obj)
                0x000239cc                enc_nonce_generate
 .text.enc_s1   0x00023aa4       0x3c mesh/core/libmesh_core_nrf51422_xxAC.a(enc.c.obj)
                0x00023aa4                enc_s1
 .text.enc_k1   0x00023ae0       0x58 mesh/core/libmesh_core_nrf51422_xxAC.a(enc.c.obj)
                0x00023ae0                enc_k1
 .text.enc_k2   0x00023b38      0x110 mesh/core/libmesh_core_nrf51422_xxAC.a(enc.c.obj)
                0x00023b38                enc_k2
 .text.enc_k3   0x00023c48       0x70 mesh/core/libmesh_core_nrf51422_xxAC.a(enc.c.obj)
                0x00023c48                enc_k3
 .text.enc_k4   0x00023cb8       0x74 mesh/core/libmesh_core_nrf51422_xxAC.a(enc.c.obj)
                0x00023cb8                enc_k4
 .text.header_transfuscate
                0x00023d2c       0x58 mesh/core/libmesh_core_nrf51422_xxAC.a(network.c.obj)
 .text.allocate_packet
                0x00023d84      0x140 mesh/core/libmesh_core_nrf51422_xxAC.a(network.c.obj)
 .text.network_init
                0x00023ec4       0x2c mesh/core/libmesh_core_nrf51422_xxAC.a(network.c.obj)
                0x00023ec4                network_init
 .text.network_packet_alloc
                0x00023ef0       0x58 mesh/core/libmesh_core_nrf51422_xxAC.a(network.c.obj)
                0x00023ef0                network_packet_alloc
 .text.network_packet_send
                0x00023f48      0x154 mesh/core/libmesh_core_nrf51422_xxAC.a(network.c.obj)
                0x00023f48                network_packet_send
 .text.network_packet_in
                0x0002409c      0x484 mesh/core/libmesh_core_nrf51422_xxAC.a(network.c.obj)
                0x0002409c                network_packet_in
 .text.nrf_mesh_keygen_aid
                0x00024520       0x16 mesh/core/libmesh_core_nrf51422_xxAC.a(nrf_mesh_keygen.c.obj)
                0x00024520                nrf_mesh_keygen_aid
 .text.nrf_mesh_keygen_network_secmat
                0x00024536       0x20 mesh/core/libmesh_core_nrf51422_xxAC.a(nrf_mesh_keygen.c.obj)
                0x00024536                nrf_mesh_keygen_network_secmat
 *fill*         0x00024556        0x2 
 .text.nrf_mesh_keygen_beacon_secmat
                0x00024558       0x54 mesh/core/libmesh_core_nrf51422_xxAC.a(nrf_mesh_keygen.c.obj)
                0x00024558                nrf_mesh_keygen_beacon_secmat
 .text.nrf_mesh_keygen_virtual_address
                0x000245ac       0x50 mesh/core/libmesh_core_nrf51422_xxAC.a(nrf_mesh_keygen.c.obj)
                0x000245ac                nrf_mesh_keygen_virtual_address
 .text.log_callback_rtt
                0x000245fc       0x28 mesh/core/libmesh_core_nrf51422_xxAC.a(log.c.obj)
                0x000245fc                log_callback_rtt
 .text.log_init
                0x00024624       0x1c mesh/core/libmesh_core_nrf51422_xxAC.a(log.c.obj)
                0x00024624                log_init
 .text.log_vprintf
                0x00024640       0x1c mesh/core/libmesh_core_nrf51422_xxAC.a(log.c.obj)
                0x00024640                log_vprintf
 .text.log_printf
                0x0002465c       0x16 mesh/core/libmesh_core_nrf51422_xxAC.a(log.c.obj)
                0x0002465c                log_printf
 .text.get_area_end
                0x00024672        0xc mesh/core/libmesh_core_nrf51422_xxAC.a(flash_manager.c.obj)
 *fill*         0x0002467e        0x2 
 .text.handle_matches_filter
                0x00024680       0x28 mesh/core/libmesh_core_nrf51422_xxAC.a(flash_manager.c.obj)
 .text.get_packet_buffer
                0x000246a8       0x30 mesh/core/libmesh_core_nrf51422_xxAC.a(flash_manager.c.obj)
 .text.get_entry_action
                0x000246d8       0x30 mesh/core/libmesh_core_nrf51422_xxAC.a(flash_manager.c.obj)
 .text.flash_area_is_blank
                0x00024708       0x50 mesh/core/libmesh_core_nrf51422_xxAC.a(flash_manager.c.obj)
 .text.flash    0x00024758       0x1e mesh/core/libmesh_core_nrf51422_xxAC.a(flash_manager.c.obj)
 *fill*         0x00024776        0x2 
 .text.free_packet_buffer
                0x00024778       0x4c mesh/core/libmesh_core_nrf51422_xxAC.a(flash_manager.c.obj)
 .text.reserve_action_buffer
                0x000247c4       0x20 mesh/core/libmesh_core_nrf51422_xxAC.a(flash_manager.c.obj)
 .text.commit_action_buffer
                0x000247e4       0x18 mesh/core/libmesh_core_nrf51422_xxAC.a(flash_manager.c.obj)
 .text.schedule_processing
                0x000247fc       0x10 mesh/core/libmesh_core_nrf51422_xxAC.a(flash_manager.c.obj)
 .text.get_next_entry
                0x0002480c       0x44 mesh/core/libmesh_core_nrf51422_xxAC.a(flash_manager.c.obj)
 .text.get_last_entry.isra.1
                0x00024850       0x34 mesh/core/libmesh_core_nrf51422_xxAC.a(flash_manager.c.obj)
 .text.process_action_queue
                0x00024884      0x49c mesh/core/libmesh_core_nrf51422_xxAC.a(flash_manager.c.obj)
 .text.flash_op_ended_callback
                0x00024d20       0x24 mesh/core/libmesh_core_nrf51422_xxAC.a(flash_manager.c.obj)
 .text.flash_manager_init
                0x00024d44       0x68 mesh/core/libmesh_core_nrf51422_xxAC.a(flash_manager.c.obj)
                0x00024d44                flash_manager_init
 .text.flash_manager_remove
                0x00024dac       0x24 mesh/core/libmesh_core_nrf51422_xxAC.a(flash_manager.c.obj)
                0x00024dac                flash_manager_remove
 .text.flash_manager_entry_get
                0x00024dd0       0x4c mesh/core/libmesh_core_nrf51422_xxAC.a(flash_manager.c.obj)
                0x00024dd0                flash_manager_entry_get
 .text.flash_manager_entry_next_get
                0x00024e1c       0x74 mesh/core/libmesh_core_nrf51422_xxAC.a(flash_manager.c.obj)
                0x00024e1c                flash_manager_entry_next_get
 .text.flash_manager_entry_alloc
                0x00024e90       0x88 mesh/core/libmesh_core_nrf51422_xxAC.a(flash_manager.c.obj)
                0x00024e90                flash_manager_entry_alloc
 .text.flash_manager_entry_commit
                0x00024f18       0x10 mesh/core/libmesh_core_nrf51422_xxAC.a(flash_manager.c.obj)
                0x00024f18                flash_manager_entry_commit
 .text.flash_manager_entry_invalidate
                0x00024f28       0x70 mesh/core/libmesh_core_nrf51422_xxAC.a(flash_manager.c.obj)
                0x00024f28                flash_manager_entry_invalidate
 .text.flash_manager_add
                0x00024f98      0x250 mesh/core/libmesh_core_nrf51422_xxAC.a(flash_manager.c.obj)
                0x00024f98                flash_manager_add
 .text.flash_manager_mem_listener_register
                0x000251e8       0x48 mesh/core/libmesh_core_nrf51422_xxAC.a(flash_manager.c.obj)
                0x000251e8                flash_manager_mem_listener_register
 .text.flash_manager_is_stable
                0x00025230       0x24 mesh/core/libmesh_core_nrf51422_xxAC.a(flash_manager.c.obj)
                0x00025230                flash_manager_is_stable
 .text.flash_manager_on_defrag_end
                0x00025254       0x5c mesh/core/libmesh_core_nrf51422_xxAC.a(flash_manager.c.obj)
                0x00025254                flash_manager_on_defrag_end
 .text.flash_manager_recovery_page_get
                0x000252b0        0x8 mesh/core/libmesh_core_nrf51422_xxAC.a(flash_manager.c.obj)
                0x000252b0                flash_manager_recovery_page_get
 .text.utils_xor
                0x000252b8       0x16 mesh/core/libmesh_core_nrf51422_xxAC.a(ccm_soft.c.obj)
 .text.ccm_soft_authenticate_blocks
                0x000252ce       0x66 mesh/core/libmesh_core_nrf51422_xxAC.a(ccm_soft.c.obj)
 .text.utils_reverse_memcpy.constprop.0
                0x00025334        0xa mesh/core/libmesh_core_nrf51422_xxAC.a(ccm_soft.c.obj)
 .text.ccm_soft_authenticate
                0x0002533e       0x94 mesh/core/libmesh_core_nrf51422_xxAC.a(ccm_soft.c.obj)
 .text.ccm_soft_crypt
                0x000253d2       0x58 mesh/core/libmesh_core_nrf51422_xxAC.a(ccm_soft.c.obj)
 .text.ccm_soft_encrypt
                0x0002542a       0x6e mesh/core/libmesh_core_nrf51422_xxAC.a(ccm_soft.c.obj)
                0x0002542a                ccm_soft_encrypt
 .text.ccm_soft_decrypt
                0x00025498      0x10c mesh/core/libmesh_core_nrf51422_xxAC.a(ccm_soft.c.obj)
                0x00025498                ccm_soft_decrypt
 .text.beacon_init
                0x000255a4       0x4c mesh/core/libmesh_core_nrf51422_xxAC.a(beacon.c.obj)
                0x000255a4                beacon_init
 .text.beacon_create
                0x000255f0       0x46 mesh/core/libmesh_core_nrf51422_xxAC.a(beacon.c.obj)
                0x000255f0                beacon_create
 *fill*         0x00025636        0x2 
 .text.beacon_tx
                0x00025638       0x40 mesh/core/libmesh_core_nrf51422_xxAC.a(beacon.c.obj)
                0x00025638                beacon_tx
 .text.beacon_packet_in
                0x00025678      0x164 mesh/core/libmesh_core_nrf51422_xxAC.a(beacon.c.obj)
                0x00025678                beacon_packet_in
 .text.entry_get
                0x000257dc       0x80 mesh/core/libmesh_core_nrf51422_xxAC.a(flash_manager_internal.c.obj)
                0x000257dc                entry_get
 .text.adv_tx_complete_callback
                0x0002585c       0x50 mesh/core/libmesh_core_nrf51422_xxAC.a(core_tx.c.obj)
 .text.core_tx_init
                0x000258ac       0x4c mesh/core/libmesh_core_nrf51422_xxAC.a(core_tx.c.obj)
                0x000258ac                core_tx_init
 .text.core_tx_complete_cb_set
                0x000258f8        0xc mesh/core/libmesh_core_nrf51422_xxAC.a(core_tx.c.obj)
                0x000258f8                core_tx_complete_cb_set
 .text.core_tx_packet_alloc
                0x00025904       0xa4 mesh/core/libmesh_core_nrf51422_xxAC.a(core_tx.c.obj)
                0x00025904                core_tx_packet_alloc
 .text.core_tx_packet_send
                0x000259a8       0x78 mesh/core/libmesh_core_nrf51422_xxAC.a(core_tx.c.obj)
                0x000259a8                core_tx_packet_send
 .text.core_tx_packet_discard
                0x00025a20       0x78 mesh/core/libmesh_core_nrf51422_xxAC.a(core_tx.c.obj)
                0x00025a20                core_tx_packet_discard
 .text.network_beacon_tx_cb
                0x00025a98       0xf0 mesh/core/libmesh_core_nrf51422_xxAC.a(net_beacon.c.obj)
 .text.net_beacon_init
                0x00025b88       0x5c mesh/core/libmesh_core_nrf51422_xxAC.a(net_beacon.c.obj)
                0x00025b88                net_beacon_init
 .text.net_beacon_packet_in
                0x00025be4       0xd8 mesh/core/libmesh_core_nrf51422_xxAC.a(net_beacon.c.obj)
                0x00025be4                net_beacon_packet_in
 .text.set_gap_addr_type
                0x00025cbc       0x30 mesh/core/libmesh_core_nrf51422_xxAC.a(advertiser.c.obj)
 .text.tx_complete_event_callback
                0x00025cec       0x44 mesh/core/libmesh_core_nrf51422_xxAC.a(advertiser.c.obj)
 .text.broadcast_complete_cb
                0x00025d30       0x68 mesh/core/libmesh_core_nrf51422_xxAC.a(advertiser.c.obj)
 .text.schedule_first_time
                0x00025d98       0x28 mesh/core/libmesh_core_nrf51422_xxAC.a(advertiser.c.obj)
 .text.timeout_event
                0x00025dc0      0x12c mesh/core/libmesh_core_nrf51422_xxAC.a(advertiser.c.obj)
 .text.advertiser_init
                0x00025eec       0x10 mesh/core/libmesh_core_nrf51422_xxAC.a(advertiser.c.obj)
                0x00025eec                advertiser_init
 .text.advertiser_enable
                0x00025efc       0x2c mesh/core/libmesh_core_nrf51422_xxAC.a(advertiser.c.obj)
                0x00025efc                advertiser_enable
 .text.advertiser_packet_alloc
                0x00025f28       0xac mesh/core/libmesh_core_nrf51422_xxAC.a(advertiser.c.obj)
                0x00025f28                advertiser_packet_alloc
 .text.advertiser_packet_send
                0x00025fd4       0x74 mesh/core/libmesh_core_nrf51422_xxAC.a(advertiser.c.obj)
                0x00025fd4                advertiser_packet_send
 .text.advertiser_packet_discard
                0x00026048       0x2c mesh/core/libmesh_core_nrf51422_xxAC.a(advertiser.c.obj)
                0x00026048                advertiser_packet_discard
 .text.advertiser_interval_set
                0x00026074       0x68 mesh/core/libmesh_core_nrf51422_xxAC.a(advertiser.c.obj)
                0x00026074                advertiser_interval_set
 .text.advertiser_flush
                0x000260dc       0x22 mesh/core/libmesh_core_nrf51422_xxAC.a(advertiser.c.obj)
                0x000260dc                advertiser_flush
 *fill*         0x000260fe        0x2 
 .text.advertiser_address_default_get
                0x00026100       0x30 mesh/core/libmesh_core_nrf51422_xxAC.a(advertiser.c.obj)
                0x00026100                advertiser_address_default_get
 .text.advertiser_instance_init
                0x00026130       0xb4 mesh/core/libmesh_core_nrf51422_xxAC.a(advertiser.c.obj)
                0x00026130                advertiser_instance_init
 .text.action_switch
                0x000261e4       0xc4 mesh/core/libmesh_core_nrf51422_xxAC.a(bearer_handler.c.obj)
 .text.bearer_handler_init
                0x000262a8       0x2c mesh/core/libmesh_core_nrf51422_xxAC.a(bearer_handler.c.obj)
                0x000262a8                bearer_handler_init
 .text.bearer_handler_start
                0x000262d4       0x1c mesh/core/libmesh_core_nrf51422_xxAC.a(bearer_handler.c.obj)
                0x000262d4                bearer_handler_start
 .text.bearer_handler_action_enqueue
                0x000262f0       0x9c mesh/core/libmesh_core_nrf51422_xxAC.a(bearer_handler.c.obj)
                0x000262f0                bearer_handler_action_enqueue
 .text.bearer_handler_action_end
                0x0002638c       0x7c mesh/core/libmesh_core_nrf51422_xxAC.a(bearer_handler.c.obj)
                0x0002638c                bearer_handler_action_end
 .text.bearer_handler_radio_irq_handler
                0x00026408       0x6c mesh/core/libmesh_core_nrf51422_xxAC.a(bearer_handler.c.obj)
                0x00026408                bearer_handler_radio_irq_handler
 .text.bearer_handler_timer_irq_handler
                0x00026474       0x30 mesh/core/libmesh_core_nrf51422_xxAC.a(bearer_handler.c.obj)
                0x00026474                bearer_handler_timer_irq_handler
 .text.bearer_handler_on_ts_begin
                0x000264a4       0x4c mesh/core/libmesh_core_nrf51422_xxAC.a(bearer_handler.c.obj)
                0x000264a4                bearer_handler_on_ts_begin
 .text.bearer_handler_on_ts_end
                0x000264f0       0x50 mesh/core/libmesh_core_nrf51422_xxAC.a(bearer_handler.c.obj)
                0x000264f0                bearer_handler_on_ts_end
 .text.radio_irq_handler
                0x00026540       0xbc mesh/core/libmesh_core_nrf51422_xxAC.a(broadcast.c.obj)
 .text.broadcast_start
                0x000265fc       0x98 mesh/core/libmesh_core_nrf51422_xxAC.a(broadcast.c.obj)
 .text.broadcast_send
                0x00026694       0x80 mesh/core/libmesh_core_nrf51422_xxAC.a(broadcast.c.obj)
                0x00026694                broadcast_send
 .text.radio_config_reset
                0x00026714       0x48 mesh/core/libmesh_core_nrf51422_xxAC.a(radio_config.c.obj)
                0x00026714                radio_config_reset
 .text.radio_config_channel_set
                0x0002675c       0x3c mesh/core/libmesh_core_nrf51422_xxAC.a(radio_config.c.obj)
                0x0002675c                radio_config_channel_set
 .text.radio_config_config
                0x00026798       0xb0 mesh/core/libmesh_core_nrf51422_xxAC.a(radio_config.c.obj)
                0x00026798                radio_config_config
 .text.radio_config_access_addr_set
                0x00026848       0x74 mesh/core/libmesh_core_nrf51422_xxAC.a(radio_config.c.obj)
                0x00026848                radio_config_access_addr_set
 .text.radio_trigger
                0x000268bc       0x24 mesh/core/libmesh_core_nrf51422_xxAC.a(scanner.c.obj)
 .text.scan_window_end
                0x000268e0       0x14 mesh/core/libmesh_core_nrf51422_xxAC.a(scanner.c.obj)
 .text.scan_window_start
                0x000268f4       0x28 mesh/core/libmesh_core_nrf51422_xxAC.a(scanner.c.obj)
 .text.radio_configure
                0x0002691c       0x88 mesh/core/libmesh_core_nrf51422_xxAC.a(scanner.c.obj)
 .text.radio_set_packet
                0x000269a4       0x58 mesh/core/libmesh_core_nrf51422_xxAC.a(scanner.c.obj)
 .text.radio_start
                0x000269fc       0x54 mesh/core/libmesh_core_nrf51422_xxAC.a(scanner.c.obj)
 .text.radio_stop
                0x00026a50       0x38 mesh/core/libmesh_core_nrf51422_xxAC.a(scanner.c.obj)
 .text.schedule_timers
                0x00026a88       0x34 mesh/core/libmesh_core_nrf51422_xxAC.a(scanner.c.obj)
 .text.scanner_radio_start
                0x00026abc       0x28 mesh/core/libmesh_core_nrf51422_xxAC.a(scanner.c.obj)
                0x00026abc                scanner_radio_start
 .text.scanner_radio_stop
                0x00026ae4       0x14 mesh/core/libmesh_core_nrf51422_xxAC.a(scanner.c.obj)
                0x00026ae4                scanner_radio_stop
 .text.scanner_radio_irq_handler
                0x00026af8      0x124 mesh/core/libmesh_core_nrf51422_xxAC.a(scanner.c.obj)
                0x00026af8                scanner_radio_irq_handler
 .text.scanner_enable
                0x00026c1c       0x34 mesh/core/libmesh_core_nrf51422_xxAC.a(scanner.c.obj)
                0x00026c1c                scanner_enable
 .text.scanner_packet_release
                0x00026c50       0x38 mesh/core/libmesh_core_nrf51422_xxAC.a(scanner.c.obj)
                0x00026c50                scanner_packet_release
 .text.scanner_rx
                0x00026c88       0x34 mesh/core/libmesh_core_nrf51422_xxAC.a(scanner.c.obj)
                0x00026c88                scanner_rx
 .text.scanner_config_scan_time_set
                0x00026cbc       0x6c mesh/core/libmesh_core_nrf51422_xxAC.a(scanner.c.obj)
                0x00026cbc                scanner_config_scan_time_set
 .text.scanner_config_channels_set
                0x00026d28       0x68 mesh/core/libmesh_core_nrf51422_xxAC.a(scanner.c.obj)
                0x00026d28                scanner_config_channels_set
 .text.scanner_config_access_addresses_set
                0x00026d90       0x44 mesh/core/libmesh_core_nrf51422_xxAC.a(scanner.c.obj)
                0x00026d90                scanner_config_access_addresses_set
 .text.scanner_config_reset
                0x00026dd4       0x44 mesh/core/libmesh_core_nrf51422_xxAC.a(scanner.c.obj)
                0x00026dd4                scanner_config_reset
 .text.scanner_init
                0x00026e18       0x48 mesh/core/libmesh_core_nrf51422_xxAC.a(scanner.c.obj)
                0x00026e18                scanner_init
 .text.internal_event_push
                0x00026e60       0x30 mesh/core/libmesh_core_nrf51422_xxAC.a(internal_event.c.obj)
                0x00026e60                internal_event_push
 .text.sd_ecb_block_encrypt