Archive member included to satisfy reference by file (symbol)

mesh/core/libmesh_core_nrf51422_xxAC.a(nrf_mesh_configure.c.obj)
                              examples/light_switch/server/CMakeFiles/light_switch_server_nrf51422_xxAC_s130_2.0.1.dir/__/__/__/mesh/prov/src/prov_beacon.c.obj (nrf_mesh_configure_device_uuid_get)
mesh/core/libmesh_core_nrf51422_xxAC.a(event.c.obj)
                              examples/light_switch/server/CMakeFiles/light_switch_server_nrf51422_xxAC_s130_2.0.1.dir/__/__/__/mesh/access/src/access.c.obj (event_handle)
mesh/core/libmesh_core_nrf51422_xxAC.a(net_state.c.obj)
                              examples/light_switch/server/CMakeFiles/light_switch_server_nrf51422_xxAC_s130_2.0.1.dir/__/__/__/mesh/access/src/nrf_mesh_node_config.c.obj (net_state_reset)
mesh/core/libmesh_core_nrf51422_xxAC.a(nrf_mesh_utils.c.obj)
                              examples/light_switch/server/CMakeFiles/light_switch_server_nrf51422_xxAC_s130_2.0.1.dir/__/__/__/models/config/src/config_server.c.obj (nrf_mesh_address_type_get)
mesh/core/libmesh_core_nrf51422_xxAC.a(nrf_mesh.c.obj)
                              examples/light_switch/server/CMakeFiles/light_switch_server_nrf51422_xxAC_s130_2.0.1.dir/__/__/nrf_mesh_sdk.c.obj (nrf_mesh_init)
mesh/core/libmesh_core_nrf51422_xxAC.a(hal.c.obj)
                              mesh/core/libmesh_core_nrf51422_xxAC.a(nrf_mesh.c.obj) (hal_lfclk_ppm_get)
mesh/core/libmesh_core_nrf51422_xxAC.a(timer_scheduler.c.obj)
                              mesh/core/libmesh_core_nrf51422_xxAC.a(nrf_mesh.c.obj) (timer_sch_init)
mesh/core/libmesh_core_nrf51422_xxAC.a(timer.c.obj)
                              mesh/core/libmesh_core_nrf51422_xxAC.a(timer_scheduler.c.obj) (timer_order_cb)
mesh/core/libmesh_core_nrf51422_xxAC.a(ticker.c.obj)
                              mesh/core/libmesh_core_nrf51422_xxAC.a(nrf_mesh.c.obj) (ticker_init)
mesh/core/libmesh_core_nrf51422_xxAC.a(rand.c.obj)
                              examples/light_switch/server/CMakeFiles/light_switch_server_nrf51422_xxAC_s130_2.0.1.dir/__/__/__/mesh/prov/src/prov_utils.c.obj (rand_hw_rng_get)
mesh/core/libmesh_core_nrf51422_xxAC.a(nrf_mesh_opt.c.obj)
                              examples/light_switch/server/CMakeFiles/light_switch_server_nrf51422_xxAC_s130_2.0.1.dir/__/__/__/models/config/src/config_server.c.obj (nrf_mesh_opt_set)
mesh/core/libmesh_core_nrf51422_xxAC.a(timeslot.c.obj)
                              mesh/core/libmesh_core_nrf51422_xxAC.a(nrf_mesh.c.obj) (timeslot_sd_event_handler)
mesh/core/libmesh_core_nrf51422_xxAC.a(bearer_event.c.obj)
                              mesh/core/libmesh_core_nrf51422_xxAC.a(nrf_mesh.c.obj) (bearer_event_init)
mesh/core/libmesh_core_nrf51422_xxAC.a(enc.c.obj)
                              examples/light_switch/server/CMakeFiles/light_switch_server_nrf51422_xxAC_s130_2.0.1.dir/__/__/__/mesh/prov/src/prov_utils.c.obj (enc_aes_cmac)
mesh/core/libmesh_core_nrf51422_xxAC.a(network.c.obj)
                              mesh/core/libmesh_core_nrf51422_xxAC.a(nrf_mesh.c.obj) (network_init)
mesh/core/libmesh_core_nrf51422_xxAC.a(nrf_mesh_keygen.c.obj)
                              examples/light_switch/server/CMakeFiles/light_switch_server_nrf51422_xxAC_s130_2.0.1.dir/__/__/__/mesh/access/src/device_state_manager.c.obj (nrf_mesh_keygen_aid)
mesh/core/libmesh_core_nrf51422_xxAC.a(log.c.obj)
                              examples/light_switch/server/CMakeFiles/light_switch_server_nrf51422_xxAC_s130_2.0.1.dir/src/main.c.obj (log_callback_rtt)
mesh/core/libmesh_core_nrf51422_xxAC.a(flash_manager.c.obj)
                              mesh/core/libmesh_core_nrf51422_xxAC.a(nrf_mesh.c.obj) (flash_manager_init)
mesh/core/libmesh_core_nrf51422_xxAC.a(ccm_soft.c.obj)
                              mesh/core/libmesh_core_nrf51422_xxAC.a(enc.c.obj) (ccm_soft_encrypt)
mesh/core/libmesh_core_nrf51422_xxAC.a(beacon.c.obj)
                              mesh/core/libmesh_core_nrf51422_xxAC.a(nrf_mesh.c.obj) (beacon_init)
mesh/core/libmesh_core_nrf51422_xxAC.a(flash_manager_internal.c.obj)
                              mesh/core/libmesh_core_nrf51422_xxAC.a(flash_manager.c.obj) (entry_get)
mesh/core/libmesh_core_nrf51422_xxAC.a(core_tx.c.obj)
                              mesh/core/libmesh_core_nrf51422_xxAC.a(nrf_mesh.c.obj) (core_tx_init)
mesh/core/libmesh_core_nrf51422_xxAC.a(net_beacon.c.obj)
                              mesh/core/libmesh_core_nrf51422_xxAC.a(network.c.obj) (net_beacon_init)
mesh/core/libmesh_core_nrf51422_xxAC.a(advertiser.c.obj)
                              mesh/core/libmesh_core_nrf51422_xxAC.a(nrf_mesh.c.obj) (advertiser_init)
mesh/core/libmesh_core_nrf51422_xxAC.a(bearer_handler.c.obj)
                              mesh/core/libmesh_core_nrf51422_xxAC.a(nrf_mesh.c.obj) (bearer_handler_init)
mesh/core/libmesh_core_nrf51422_xxAC.a(broadcast.c.obj)
                              mesh/core/libmesh_core_nrf51422_xxAC.a(advertiser.c.obj) (broadcast_send)
[...]
Memory Configuration

Name             Origin             Length             Attributes
FLASH            0x0001b000         0x0001f000         xr
RAM              0x200022d8         0x00005a28         xrw
*default*        0x00000000         0xffffffff

Linker script and memory map

LOAD c:/a/gcc_arm/6/bin/../lib/gcc/arm-none-eabi/6.3.1/thumb/v6-m/crti.o
LOAD c:/a/gcc_arm/6/bin/../lib/gcc/arm-none-eabi/6.3.1/thumb/v6-m/crtbegin.o
LOAD c:/a/gcc_arm/6/bin/../lib/gcc/arm-none-eabi/6.3.1/../../../../arm-none-eabi/lib/thumb/v6-m/crt0.o
LOAD examples/light_switch/server/CMakeFiles/light_switch_server_nrf51422_xxAC_s130_2.0.1.dir/src/main.c.obj
LOAD examples/light_switch/server/CMakeFiles/light_switch_server_nrf51422_xxAC_s130_2.0.1.dir/__/__/nrf_mesh_sdk.c.obj
LOAD examples/light_switch/server/CMakeFiles/light_switch_server_nrf51422_xxAC_s130_2.0.1.dir/__/__/hal/src/simple_hal.c.obj
LOAD examples/light_switch/server/CMakeFiles/light_switch_server_nrf51422_xxAC_s130_2.0.1.dir/__/__/nrf_mesh_weak.c.obj
LOAD examples/light_switch/server/CMakeFiles/light_switch_server_nrf51422_xxAC_s130_2.0.1.dir/__/__/__/models/simple_on_off/src/simple_on_off_server.c.obj
LOAD examples/light_switch/server/CMakeFiles/light_switch_server_nrf51422_xxAC_s130_2.0.1.dir/__/__/__/models/config/src/composition_data.c.obj
LOAD examples/light_switch/server/CMakeFiles/light_switch_server_nrf51422_xxAC_s130_2.0.1.dir/__/__/__/models/config/src/config_server.c.obj
LOAD examples/light_switch/server/CMakeFiles/light_switch_server_nrf51422_xxAC_s130_2.0.1.dir/__/__/__/models/config/src/packed_index_list.c.obj
LOAD examples/light_switch/server/CMakeFiles/light_switch_server_nrf51422_xxAC_s130_2.0.1.dir/__/__/__/models/health/src/health_server.c.obj
LOAD examples/light_switch/server/CMakeFiles/light_switch_server_nrf51422_xxAC_s130_2.0.1.dir/__/__/__/mesh/access/src/access_publish.c.obj
LOAD examples/light_switch/server/CMakeFiles/light_switch_server_nrf51422_xxAC_s130_2.0.1.dir/__/__/__/mesh/access/src/access.c.obj
LOAD examples/light_switch/server/CMakeFiles/light_switch_server_nrf51422_xxAC_s130_2.0.1.dir/__/__/__/mesh/access/src/access_reliable.c.obj
LOAD examples/light_switch/server/CMakeFiles/light_switch_server_nrf51422_xxAC_s130_2.0.1.dir/__/__/__/mesh/access/src/device_state_manager.c.obj
LOAD examples/light_switch/server/CMakeFiles/light_switch_server_nrf51422_xxAC_s130_2.0.1.dir/__/__/__/mesh/prov/src/prov_provisionee.c.obj
LOAD examples/light_switch/server/CMakeFiles/light_switch_server_nrf51422_xxAC_s130_2.0.1.dir/__/__/__/mesh/prov/src/nrf_mesh_prov.c.obj
LOAD examples/light_switch/server/CMakeFiles/light_switch_server_nrf51422_xxAC_s130_2.0.1.dir/__/__/__/mesh/prov/src/provisioning.c.obj
LOAD examples/light_switch/server/CMakeFiles/light_switch_server_nrf51422_xxAC_s130_2.0.1.dir/__/__/__/mesh/prov/src/prov_beacon.c.obj
LOAD examples/light_switch/server/CMakeFiles/light_switch_server_nrf51422_xxAC_s130_2.0.1.dir/__/__/__/mesh/prov/src/prov_utils.c.obj
LOAD examples/light_switch/server/CMakeFiles/light_switch_server_nrf51422_xxAC_s130_2.0.1.dir/__/__/__/mesh/prov/src/prov_bearer_adv.c.obj
LOAD examples/light_switch/server/CMakeFiles/light_switch_server_nrf51422_xxAC_s130_2.0.1.dir/__/__/__/mesh/access/src/nrf_mesh_node_config.c.obj
LOAD examples/light_switch/server/CMakeFiles/light_switch_server_nrf51422_xxAC_s130_2.0.1.dir/__/__/__/external/nRF5_SDK_14.0.0_3bcc1f7/components/toolchain/system_nrf51.c.obj
LOAD examples/light_switch/server/CMakeFiles/light_switch_server_nrf51422_xxAC_s130_2.0.1.dir/__/__/__/external/nRF5_SDK_14.0.0_3bcc1f7/components/toolchain/gcc/gcc_startup_nrf51.S.obj
LOAD mesh/core/libmesh_core_nrf51422_xxAC.a
LOAD external/rtt/librtt_nrf51422_xxAC.a
LOAD external/micro-ecc/libuECC_nrf51422_xxAC.a
START GROUP
LOAD c:/a/gcc_arm/6/bin/../lib/gcc/arm-none-eabi/6.3.1/thumb/v6-m\libgcc.a
LOAD c:/a/gcc_arm/6/bin/../lib/gcc/arm-none-eabi/6.3.1/../../../../arm-none-eabi/lib/thumb/v6-m\libc_nano.a
END GROUP
START GROUP
LOAD c:/a/gcc_arm/6/bin/../lib/gcc/arm-none-eabi/6.3.1/thumb/v6-m\libgcc.a
LOAD c:/a/gcc_arm/6/bin/../lib/gcc/arm-none-eabi/6.3.1/../../../../arm-none-eabi/lib/thumb/v6-m\libc_nano.a
END GROUP
LOAD c:/a/gcc_arm/6/bin/../lib/gcc/arm-none-eabi/6.3.1/thumb/v6-m/crtend.o
LOAD c:/a/gcc_arm/6/bin/../lib/gcc/arm-none-eabi/6.3.1/thumb/v6-m/crtn.o
START GROUP
LOAD c:/a/gcc_arm/6/bin/../lib/gcc/arm-none-eabi/6.3.1/thumb/v6-m\libgcc.a
LOAD c:/a/gcc_arm/6/bin/../lib/gcc/arm-none-eabi/6.3.1/../../../../arm-none-eabi/lib/thumb/v6-m\libc.a
LOAD c:/a/gcc_arm/6/bin/../lib/gcc/arm-none-eabi/6.3.1/../../../../arm-none-eabi/lib/thumb/v6-m\libnosys.a
END GROUP

.text           0x0001b000    0x121b8
 *(.isr_vector)
 .isr_vector    0x0001b000       0xc0 examples/light_switch/server/CMakeFiles/light_switch_server_nrf51422_xxAC_s130_2.0.1.dir/__/__/__/external/nRF5_SDK_14.0.0_3bcc1f7/components/toolchain/gcc/gcc_startup_nrf51.S.obj
                0x0001b000                __isr_vector
 *(.text*)
 .text          0x0001b0c0       0x60 c:/a/gcc_arm/6/bin/../lib/gcc/arm-none-eabi/6.3.1/thumb/v6-m/crtbegin.o
 .text          0x0001b120       0x78 c:/a/gcc_arm/6/bin/../lib/gcc/arm-none-eabi/6.3.1/../../../../arm-none-eabi/lib/thumb/v6-m/crt0.o
                0x0001b120                _start
                0x0001b120                _mainCRTStartup
 .text.configuration_setup
                0x0001b198       0xac examples/light_switch/server/CMakeFiles/light_switch_server_nrf51422_xxAC_s130_2.0.1.dir/src/main.c.obj
 .text.set_cb   0x0001b244       0x74 examples/light_switch/server/CMakeFiles/light_switch_server_nrf51422_xxAC_s130_2.0.1.dir/src/main.c.obj
 .text.get_cb   0x0001b2b8        0xa examples/light_switch/server/CMakeFiles/light_switch_server_nrf51422_xxAC_s130_2.0.1.dir/src/main.c.obj
 *fill*         0x0001b2c2        0x2 
 .text.configuration_complete
                0x0001b2c4       0x7c examples/light_switch/server/CMakeFiles/light_switch_server_nrf51422_xxAC_s130_2.0.1.dir/src/main.c.obj
 .text.startup.main
                0x0001b340       0xc0 examples/light_switch/server/CMakeFiles/light_switch_server_nrf51422_xxAC_s130_2.0.1.dir/src/main.c.obj
                0x0001b340                main
 .text.sd_evt_get
                0x0001b400        0x4 examples/light_switch/server/CMakeFiles/light_switch_server_nrf51422_xxAC_s130_2.0.1.dir/__/__/nrf_mesh_sdk.c.obj
 .text.sd_ble_evt_get
                0x0001b404        0x4 examples/light_switch/server/CMakeFiles/light_switch_server_nrf51422_xxAC_s130_2.0.1.dir/__/__/nrf_mesh_sdk.c.obj
 .text.sleep_forever
                0x0001b408       0x24 examples/light_switch/server/CMakeFiles/light_switch_server_nrf51422_xxAC_s130_2.0.1.dir/__/__/nrf_mesh_sdk.c.obj
 .text.app_error_handler
                0x0001b42c       0x7c examples/light_switch/server/CMakeFiles/light_switch_server_nrf51422_xxAC_s130_2.0.1.dir/__/__/nrf_mesh_sdk.c.obj
                0x0001b42c                app_error_handler
 .text.HardFault_Handler
                0x0001b4a8       0x60 examples/light_switch/server/CMakeFiles/light_switch_server_nrf51422_xxAC_s130_2.0.1.dir/__/__/nrf_mesh_sdk.c.obj
                0x0001b4a8                HardFault_Handler
 .text.SWI2_IRQHandler
                0x0001b508       0x38 examples/light_switch/server/CMakeFiles/light_switch_server_nrf51422_xxAC_s130_2.0.1.dir/__/__/nrf_mesh_sdk.c.obj
                0x0001b508                SWI2_IRQHandler
 .text.hal_led_pin_get
                0x0001b540       0x1c examples/light_switch/server/CMakeFiles/light_switch_server_nrf51422_xxAC_s130_2.0.1.dir/__/__/hal/src/simple_hal.c.obj
                0x0001b540                hal_led_pin_get
 .text.hal_led_pin_set
                0x0001b55c       0x1c examples/light_switch/server/CMakeFiles/light_switch_server_nrf51422_xxAC_s130_2.0.1.dir/__/__/hal/src/simple_hal.c.obj
                0x0001b55c                hal_led_pin_set
 .text.hal_led_mask_set
                0x0001b578       0x18 examples/light_switch/server/CMakeFiles/light_switch_server_nrf51422_xxAC_s130_2.0.1.dir/__/__/hal/src/simple_hal.c.obj
                0x0001b578                hal_led_mask_set
 .text.hal_led_blink_ms
                0x0001b590       0x58 examples/light_switch/server/CMakeFiles/light_switch_server_nrf51422_xxAC_s130_2.0.1.dir/__/__/hal/src/simple_hal.c.obj
                0x0001b590                hal_led_blink_ms
 .text.hal_leds_init
                0x0001b5e8       0x34 examples/light_switch/server/CMakeFiles/light_switch_server_nrf51422_xxAC_s130_2.0.1.dir/__/__/hal/src/simple_hal.c.obj
                0x0001b5e8                hal_leds_init
 .text._weak_handler
                0x0001b61c        0x4 examples/light_switch/server/CMakeFiles/light_switch_server_nrf51422_xxAC_s130_2.0.1.dir/__/__/nrf_mesh_weak.c.obj
                0x0001b61c                nrf_mesh_dfu_init
                0x0001b61c                nrf_mesh_dfu_jump_to_bootloader
                0x0001b61c                nrf_mesh_dfu_rx
                0x0001b61c                prov_provisioner_provision
                0x0001b61c                nrf_mesh_dfu_bank_info_get
                0x0001b61c                prov_provisioner_oob_pubkey
                0x0001b61c                nrf_mesh_dfu_request
                0x0001b61c                nrf_mesh_dfu_bank_flash
                0x0001b61c                _weak_handler
                0x0001b61c                nrf_mesh_dfu_relay
                0x0001b61c                nrf_mesh_dfu_abort
                0x0001b61c                mesh_flash_op_execute
                0x0001b61c                nrf_mesh_dfu_state_get
                0x0001b61c                prov_provisioner_shared_secret
                0x0001b61c                prov_provisioner_auth_data
                0x0001b61c                prov_provisioner_oob_use
 .text.handle_set_cb
                0x0001b620       0x74 examples/light_switch/server/CMakeFiles/light_switch_server_nrf51422_xxAC_s130_2.0.1.dir/__/__/__/models/simple_on_off/src/simple_on_off_server.c.obj
 .text.handle_get_cb
                0x0001b694       0x4c examples/light_switch/server/CMakeFiles/light_switch_server_nrf51422_xxAC_s130_2.0.1.dir/__/__/__/models/simple_on_off/src/simple_on_off_server.c.obj
 .text.handle_set_unreliable_cb
                0x0001b6e0       0x54 examples/light_switch/server/CMakeFiles/light_switch_server_nrf51422_xxAC_s130_2.0.1.dir/__/__/__/models/simple_on_off/src/simple_on_off_server.c.obj
 .text.simple_on_off_server_init
                0x0001b734       0x40 examples/light_switch/server/CMakeFiles/light_switch_server_nrf51422_xxAC_s130_2.0.1.dir/__/__/__/models/simple_on_off/src/simple_on_off_server.c.obj
                0x0001b734                simple_on_off_server_init
 .text.config_composition_data_get
                0x0001b774      0x198 examples/light_switch/server/CMakeFiles/light_switch_server_nrf51422_xxAC_s130_2.0.1.dir/__/__/__/models/config/src/composition_data.c.obj
                0x0001b774                config_composition_data_get
 .text.extract_model_id
                0x0001b90c       0x22 examples/light_switch/server/CMakeFiles/light_switch_server_nrf51422_xxAC_s130_2.0.1.dir/__/__/__/models/config/src/config_server.c.obj
 *fill*         0x0001b92e        0x2 
 .text.get_element_index
                0x0001b930       0x28 examples/light_switch/server/CMakeFiles/light_switch_server_nrf51422_xxAC_s130_2.0.1.dir/__/__/__/models/config/src/config_server.c.obj
 .text.send_reply
                0x0001b958       0x20 examples/light_switch/server/CMakeFiles/light_switch_server_nrf51422_xxAC_s130_2.0.1.dir/__/__/__/models/config/src/config_server.c.obj
 .text.send_generic_error_reply
                0x0001b978       0x40 examples/light_switch/server/CMakeFiles/light_switch_server_nrf51422_xxAC_s130_2.0.1.dir/__/__/__/models/config/src/config_server.c.obj
 .text.handle_model_app_get
                0x0001b9b8      0x1d4 examples/light_switch/server/CMakeFiles/light_switch_server_nrf51422_xxAC_s130_2.0.1.dir/__/__/__/models/config/src/config_server.c.obj
 .text.handle_node_reset
                0x0001bb8c       0x1c examples/light_switch/server/CMakeFiles/light_switch_server_nrf51422_xxAC_s130_2.0.1.dir/__/__/__/models/config/src/config_server.c.obj
 .text.handle_heartbeat_subscription_set
                0x0001bba8       0x30 examples/light_switch/server/CMakeFiles/light_switch_server_nrf51422_xxAC_s130_2.0.1.dir/__/__/__/models/config/src/config_server.c.obj
 .text.handle_heartbeat_subscription_get
                0x0001bbd8        0x8 examples/light_switch/server/CMakeFiles/light_switch_server_nrf51422_xxAC_s130_2.0.1.dir/__/__/__/models/config/src/config_server.c.obj
 .text.handle_heartbeat_publication_set
                0x0001bbe0       0x2a examples/light_switch/server/CMakeFiles/light_switch_server_nrf51422_xxAC_s130_2.0.1.dir/__/__/__/models/config/src/config_server.c.obj
 .text.handle_heartbeat_publication_get
                0x0001bc0a        0x8 examples/light_switch/server/CMakeFiles/light_switch_server_nrf51422_xxAC_s130_2.0.1.dir/__/__/__/models/config/src/config_server.c.obj
 *fill*         0x0001bc12        0x2 
 .text.send_subscription_status
                0x0001bc14       0x50 examples/light_switch/server/CMakeFiles/light_switch_server_nrf51422_xxAC_s130_2.0.1.dir/__/__/__/models/config/src/config_server.c.obj
 .text.handle_netkey_get
                0x0001bc64       0x64 examples/light_switch/server/CMakeFiles/light_switch_server_nrf51422_xxAC_s130_2.0.1.dir/__/__/__/models/config/src/config_server.c.obj
 .text.handle_netkey_add_update
                0x0001bcc8       0x98 examples/light_switch/server/CMakeFiles/light_switch_server_nrf51422_xxAC_s130_2.0.1.dir/__/__/__/models/config/src/config_server.c.obj
 .text.handle_model_app_bind_unbind
                0x0001bd60      0x10c examples/light_switch/server/CMakeFiles/light_switch_server_nrf51422_xxAC_s130_2.0.1.dir/__/__/__/models/config/src/config_server.c.obj
 .text.send_relay_status
                0x0001be6c       0x80 examples/light_switch/server/CMakeFiles/light_switch_server_nrf51422_xxAC_s130_2.0.1.dir/__/__/__/models/config/src/config_server.c.obj
 .text.handle_config_relay_set
                0x0001beec       0x7c examples/light_switch/server/CMakeFiles/light_switch_server_nrf51422_xxAC_s130_2.0.1.dir/__/__/__/models/config/src/config_server.c.obj
 .text.handle_config_relay_get
                0x0001bf68        0xe examples/light_switch/server/CMakeFiles/light_switch_server_nrf51422_xxAC_s130_2.0.1.dir/__/__/__/models/config/src/config_server.c.obj
 *fill*         0x0001bf76        0x2 
 .text.handle_config_model_subscription_virtual_address_add
                0x0001bf78      0x12c examples/light_switch/server/CMakeFiles/light_switch_server_nrf51422_xxAC_s130_2.0.1.dir/__/__/__/models/config/src/config_server.c.obj
 .text.delete_all_subscriptions
                0x0001c0a4       0x88 examples/light_switch/server/CMakeFiles/light_switch_server_nrf51422_xxAC_s130_2.0.1.dir/__/__/__/models/config/src/config_server.c.obj
 .text.handle_config_model_subscription_virtual_address_overwrite
                0x0001c12c      0x158 examples/light_switch/server/CMakeFiles/light_switch_server_nrf51422_xxAC_s130_2.0.1.dir/__/__/__/models/config/src/config_server.c.obj
 .text.handle_config_model_subscription_delete_all
                0x0001c284       0xb0 examples/light_switch/server/CMakeFiles/light_switch_server_nrf51422_xxAC_s130_2.0.1.dir/__/__/__/models/config/src/config_server.c.obj
 .text.handle_config_model_subscription_virtual_address_delete
                0x0001c334      0x134 examples/light_switch/server/CMakeFiles/light_switch_server_nrf51422_xxAC_s130_2.0.1.dir/__/__/__/models/config/src/config_server.c.obj
 .text.handle_config_model_subscription_delete
                0x0001c468      0x138 examples/light_switch/server/CMakeFiles/light_switch_server_nrf51422_xxAC_s130_2.0.1.dir/__/__/__/models/config/src/config_server.c.obj
 .text.handle_config_model_subscription_overwrite
                0x0001c5a0      0x158 examples/light_switch/server/CMakeFiles/light_switch_server_nrf51422_xxAC_s130_2.0.1.dir/__/__/__/models/config/src/config_server.c.obj
 .text.handle_config_model_subscription_add
                0x0001c6f8      0x138 examples/light_switch/server/CMakeFiles/light_switch_server_nrf51422_xxAC_s130_2.0.1.dir/__/__/__/models/config/src/config_server.c.obj
 .text.send_publication_status
                0x0001c830      0x188 examples/light_switch/server/CMakeFiles/light_switch_server_nrf51422_xxAC_s130_2.0.1.dir/__/__/__/models/config/src/config_server.c.obj
 .text.handle_config_model_publication_get
                0x0001c9b8       0x78 examples/light_switch/server/CMakeFiles/light_switch_server_nrf51422_xxAC_s130_2.0.1.dir/__/__/__/models/config/src/config_server.c.obj
 .text.handle_config_default_ttl_getset
                0x0001ca30       0x50 examples/light_switch/server/CMakeFiles/light_switch_server_nrf51422_xxAC_s130_2.0.1.dir/__/__/__/models/config/src/config_server.c.obj
 .text.send_net_beacon_state
                0x0001ca80       0x28 examples/light_switch/server/CMakeFiles/light_switch_server_nrf51422_xxAC_s130_2.0.1.dir/__/__/__/models/config/src/config_server.c.obj
 .text.handle_config_beacon_get
                0x0001caa8        0xe examples/light_switch/server/CMakeFiles/light_switch_server_nrf51422_xxAC_s130_2.0.1.dir/__/__/__/models/config/src/config_server.c.obj
 *fill*         0x0001cab6        0x2 
 .text.handle_composition_data_get
                0x0001cab8       0x50 examples/light_switch/server/CMakeFiles/light_switch_server_nrf51422_xxAC_s130_2.0.1.dir/__/__/__/models/config/src/config_server.c.obj
 .text.handle_appkey_get
                0x0001cb08       0xb8 examples/light_switch/server/CMakeFiles/light_switch_server_nrf51422_xxAC_s130_2.0.1.dir/__/__/__/models/config/src/config_server.c.obj
 .text.handle_config_model_publication_set
                0x0001cbc0      0x1fc examples/light_switch/server/CMakeFiles/light_switch_server_nrf51422_xxAC_s130_2.0.1.dir/__/__/__/models/config/src/config_server.c.obj
 .text.handle_node_identity_set
                0x0001cdbc       0x3c examples/light_switch/server/CMakeFiles/light_switch_server_nrf51422_xxAC_s130_2.0.1.dir/__/__/__/models/config/src/config_server.c.obj
 .text.handle_node_identity_get
                0x0001cdf8       0x34 examples/light_switch/server/CMakeFiles/light_switch_server_nrf51422_xxAC_s130_2.0.1.dir/__/__/__/models/config/src/config_server.c.obj
 .text.handle_config_gatt_proxy_set
                0x0001ce2c       0x1c examples/light_switch/server/CMakeFiles/light_switch_server_nrf51422_xxAC_s130_2.0.1.dir/__/__/__/models/config/src/config_server.c.obj
 .text.handle_config_friend_set
                0x0001ce48       0x1c examples/light_switch/server/CMakeFiles/light_switch_server_nrf51422_xxAC_s130_2.0.1.dir/__/__/__/models/config/src/config_server.c.obj
 .text.handle_config_beacon_set
                0x0001ce64       0x26 examples/light_switch/server/CMakeFiles/light_switch_server_nrf51422_xxAC_s130_2.0.1.dir/__/__/__/models/config/src/config_server.c.obj
 *fill*         0x0001ce8a        0x2 
 .text.handle_appkey_delete
                0x0001ce8c       0x78 examples/light_switch/server/CMakeFiles/light_switch_server_nrf51422_xxAC_s130_2.0.1.dir/__/__/__/models/config/src/config_server.c.obj
 .text.handle_config_vendor_model_subscription_get
                0x0001cf04      0x10c examples/light_switch/server/CMakeFiles/light_switch_server_nrf51422_xxAC_s130_2.0.1.dir/__/__/__/models/config/src/config_server.c.obj
 .text.handle_config_sig_model_subscription_get
                0x0001d010       0xf4 examples/light_switch/server/CMakeFiles/light_switch_server_nrf51422_xxAC_s130_2.0.1.dir/__/__/__/models/config/src/config_server.c.obj
 .text.handle_config_friend_get
                0x0001d104       0x20 examples/light_switch/server/CMakeFiles/light_switch_server_nrf51422_xxAC_s130_2.0.1.dir/__/__/__/models/config/src/config_server.c.obj
 .text.handle_config_gatt_proxy_get
                0x0001d124       0x20 examples/light_switch/server/CMakeFiles/light_switch_server_nrf51422_xxAC_s130_2.0.1.dir/__/__/__/models/config/src/config_server.c.obj
 .text.handle_appkey_add_update
                0x0001d144       0xc4 examples/light_switch/server/CMakeFiles/light_switch_server_nrf51422_xxAC_s130_2.0.1.dir/__/__/__/models/config/src/config_server.c.obj
 .text.handle_netkey_delete
                0x0001d208       0x68 examples/light_switch/server/CMakeFiles/light_switch_server_nrf51422_xxAC_s130_2.0.1.dir/__/__/__/models/config/src/config_server.c.obj
 .text.config_server_init
                0x0001d270       0x54 examples/light_switch/server/CMakeFiles/light_switch_server_nrf51422_xxAC_s130_2.0.1.dir/__/__/__/models/config/src/config_server.c.obj
                0x0001d270                config_server_init
 .text.config_server_bind
                0x0001d2c4       0x14 examples/light_switch/server/CMakeFiles/light_switch_server_nrf51422_xxAC_s130_2.0.1.dir/__/__/__/models/config/src/config_server.c.obj
                0x0001d2c4                config_server_bind
 .text.packed_index_list_size
                0x0001d2d8       0x10 examples/light_switch/server/CMakeFiles/light_switch_server_nrf51422_xxAC_s130_2.0.1.dir/__/__/__/models/config/src/packed_index_list.c.obj
                0x0001d2d8                packed_index_list_size
 .text.packed_index_list_create
                0x0001d2e8       0x30 examples/light_switch/server/CMakeFiles/light_switch_server_nrf51422_xxAC_s130_2.0.1.dir/__/__/__/models/config/src/packed_index_list.c.obj
                0x0001d2e8                packed_index_list_create
 .text.attention_timer_set
                0x0001d318       0xa4 examples/light_switch/server/CMakeFiles/light_switch_server_nrf51422_xxAC_s130_2.0.1.dir/__/__/__/models/health/src/health_server.c.obj
 .text.attention_timer_handler
                0x0001d3bc       0x6c examples/light_switch/server/CMakeFiles/light_switch_server_nrf51422_xxAC_s130_2.0.1.dir/__/__/__/models/health/src/health_server.c.obj
 .text.bitfield_next_get.part.0.constprop.13
                0x0001d428       0x48 examples/light_switch/server/CMakeFiles/light_switch_server_nrf51422_xxAC_s130_2.0.1.dir/__/__/__/models/health/src/health_server.c.obj
 .text.bitfield_popcount.constprop.11
                0x0001d470       0x2a examples/light_switch/server/CMakeFiles/light_switch_server_nrf51422_xxAC_s130_2.0.1.dir/__/__/__/models/health/src/health_server.c.obj
 .text.send_fault_status
                0x0001d49a       0xa2 examples/light_switch/server/CMakeFiles/light_switch_server_nrf51422_xxAC_s130_2.0.1.dir/__/__/__/models/health/src/health_server.c.obj
 .text.health_publish_timeout_handler
                0x0001d53c        0xe examples/light_switch/server/CMakeFiles/light_switch_server_nrf51422_xxAC_s130_2.0.1.dir/__/__/__/models/health/src/health_server.c.obj
 *fill*         0x0001d54a        0x2 
 .text.handle_fault_test
                0x0001d54c       0x78 examples/light_switch/server/CMakeFiles/light_switch_server_nrf51422_xxAC_s130_2.0.1.dir/__/__/__/models/health/src/health_server.c.obj
 .text.handle_fault_get
                0x0001d5c4       0x44 examples/light_switch/server/CMakeFiles/light_switch_server_nrf51422_xxAC_s130_2.0.1.dir/__/__/__/models/health/src/health_server.c.obj
 .text.handle_fault_clear
                0x0001d608       0x5c examples/light_switch/server/CMakeFiles/light_switch_server_nrf51422_xxAC_s130_2.0.1.dir/__/__/__/models/health/src/health_server.c.obj
 .text.handle_attention_get
                0x0001d664       0x34 examples/light_switch/server/CMakeFiles/light_switch_server_nrf51422_xxAC_s130_2.0.1.dir/__/__/__/models/health/src/health_server.c.obj
 .text.handle_period_get
                0x0001d698       0x30 examples/light_switch/server/CMakeFiles/light_switch_server_nrf51422_xxAC_s130_2.0.1.dir/__/__/__/models/health/src/health_server.c.obj
 .text.handle_attention_set
                0x0001d6c8       0x4c examples/light_switch/server/CMakeFiles/light_switch_server_nrf51422_xxAC_s130_2.0.1.dir/__/__/__/models/health/src/health_server.c.obj
 .text.handle_period_set
                0x0001d714       0x48 examples/light_switch/server/CMakeFiles/light_switch_server_nrf51422_xxAC_s130_2.0.1.dir/__/__/__/models/health/src/health_server.c.obj
 .text.health_server_init
                0x0001d75c       0x6c examples/light_switch/server/CMakeFiles/light_switch_server_nrf51422_xxAC_s130_2.0.1.dir/__/__/__/models/health/src/health_server.c.obj
                0x0001d75c                health_server_init
 .text.add_to_publication_list
                0x0001d7c8       0x60 examples/light_switch/server/CMakeFiles/light_switch_server_nrf51422_xxAC_s130_2.0.1.dir/__/__/__/mesh/access/src/access_publish.c.obj
 .text.step_resolution_to_us
                0x0001d828       0x48 examples/light_switch/server/CMakeFiles/light_switch_server_nrf51422_xxAC_s130_2.0.1.dir/__/__/__/mesh/access/src/access_publish.c.obj
 .text.schedule_publication_timer
                0x0001d870      0x16c examples/light_switch/server/CMakeFiles/light_switch_server_nrf51422_xxAC_s130_2.0.1.dir/__/__/__/mesh/access/src/access_publish.c.obj
 .text.publish_timer_tick
                0x0001d9dc       0xac examples/light_switch/server/CMakeFiles/light_switch_server_nrf51422_xxAC_s130_2.0.1.dir/__/__/__/mesh/access/src/access_publish.c.obj
 .text.access_publish_init
                0x0001da88       0x38 examples/light_switch/server/CMakeFiles/light_switch_server_nrf51422_xxAC_s130_2.0.1.dir/__/__/__/mesh/access/src/access_publish.c.obj
                0x0001da88                access_publish_init
 .text.access_publish_period_set
                0x0001dac0       0x84 examples/light_switch/server/CMakeFiles/light_switch_server_nrf51422_xxAC_s130_2.0.1.dir/__/__/__/mesh/access/src/access_publish.c.obj
                0x0001dac0                access_publish_period_set
 .text.access_publish_period_get
                0x0001db44       0x30 examples/light_switch/server/CMakeFiles/light_switch_server_nrf51422_xxAC_s130_2.0.1.dir/__/__/__/mesh/access/src/access_publish.c.obj
                0x0001db44                access_publish_period_get
 .text.bitfield_get
                0x0001db74       0x18 examples/light_switch/server/CMakeFiles/light_switch_server_nrf51422_xxAC_s130_2.0.1.dir/__/__/__/mesh/access/src/access.c.obj
 .text.is_valid_opcode
                0x0001db8c       0x4c examples/light_switch/server/CMakeFiles/light_switch_server_nrf51422_xxAC_s130_2.0.1.dir/__/__/__/mesh/access/src/access.c.obj
 .text.model_handle_valid_and_allocated
                0x0001dbd8       0x20 examples/light_switch/server/CMakeFiles/light_switch_server_nrf51422_xxAC_s130_2.0.1.dir/__/__/__/mesh/access/src/access.c.obj
 .text.flash_invalidate_complete
                0x0001dbf8       0x18 examples/light_switch/server/CMakeFiles/light_switch_server_nrf51422_xxAC_s130_2.0.1.dir/__/__/__/mesh/access/src/access.c.obj
 .text.flash_manager_mem_available
                0x0001dc10        0x6 examples/light_switch/server/CMakeFiles/light_switch_server_nrf51422_xxAC_s130_2.0.1.dir/__/__/__/mesh/access/src/access.c.obj
 *fill*         0x0001dc16        0x2 
 .text.restore_acquired_subscription
                0x0001dc18       0x24 examples/light_switch/server/CMakeFiles/light_switch_server_nrf51422_xxAC_s130_2.0.1.dir/__/__/__/mesh/access/src/access.c.obj
 .text.restore_acquired_element
                0x0001dc3c       0x1c examples/light_switch/server/CMakeFiles/light_switch_server_nrf51422_xxAC_s130_2.0.1.dir/__/__/__/mesh/access/src/access.c.obj
 .text.restore_flash_data
                0x0001dc58       0x5c examples/light_switch/server/CMakeFiles/light_switch_server_nrf51422_xxAC_s130_2.0.1.dir/__/__/__/mesh/access/src/access.c.obj
 .text.access_flash_config_clear
                0x0001dcb4       0x28 examples/light_switch/server/CMakeFiles/light_switch_server_nrf51422_xxAC_s130_2.0.1.dir/__/__/__/mesh/access/src/access.c.obj
 .text.access_flash_config_store
                0x0001dcdc      0x10c examples/light_switch/server/CMakeFiles/light_switch_server_nrf51422_xxAC_s130_2.0.1.dir/__/__/__/mesh/access/src/access.c.obj
                0x0001dcdc                access_flash_config_store
 .text.access_state_clear
                0x0001dde8       0x48 examples/light_switch/server/CMakeFiles/light_switch_server_nrf51422_xxAC_s130_2.0.1.dir/__/__/__/mesh/access/src/access.c.obj
 .text.add_flash_manager
                0x0001de30       0x5c examples/light_switch/server/CMakeFiles/light_switch_server_nrf51422_xxAC_s130_2.0.1.dir/__/__/__/mesh/access/src/access.c.obj
 .text.flash_remove_complete
                0x0001de8c       0x50 examples/light_switch/server/CMakeFiles/light_switch_server_nrf51422_xxAC_s130_2.0.1.dir/__/__/__/mesh/access/src/access.c.obj
 .text.flash_write_complete
                0x0001dedc       0x54 examples/light_switch/server/CMakeFiles/light_switch_server_nrf51422_xxAC_s130_2.0.1.dir/__/__/__/mesh/access/src/access.c.obj
 .text.unlikely.bitfield_next_get.part.0.constprop.3
                0x0001df30       0x34 examples/light_switch/server/CMakeFiles/light_switch_server_nrf51422_xxAC_s130_2.0.1.dir/__/__/__/mesh/access/src/access.c.obj
 .text.restore_acquired_model
                0x0001df64       0x84 examples/light_switch/server/CMakeFiles/light_switch_server_nrf51422_xxAC_s130_2.0.1.dir/__/__/__/mesh/access/src/access.c.obj
 .text.handle_incoming
                0x0001dfe8      0x160 examples/light_switch/server/CMakeFiles/light_switch_server_nrf51422_xxAC_s130_2.0.1.dir/__/__/__/mesh/access/src/access.c.obj
 .text.mesh_evt_cb
                0x0001e148      0x130 examples/light_switch/server/CMakeFiles/light_switch_server_nrf51422_xxAC_s130_2.0.1.dir/__/__/__/mesh/access/src/access.c.obj
 .text.packet_tx
                0x0001e278      0x2f8 examples/light_switch/server/CMakeFiles/light_switch_server_nrf51422_xxAC_s130_2.0.1.dir/__/__/__/mesh/access/src/access.c.obj
 .text.access_flash_config_load
                0x0001e570      0x128 examples/light_switch/server/CMakeFiles/light_switch_server_nrf51422_xxAC_s130_2.0.1.dir/__/__/__/mesh/access/src/access.c.obj
                0x0001e570                access_flash_config_load
 .text.access_init
                0x0001e698       0x28 examples/light_switch/server/CMakeFiles/light_switch_server_nrf51422_xxAC_s130_2.0.1.dir/__/__/__/mesh/access/src/access.c.obj
                0x0001e698                access_init
 .text.access_model_add
                0x0001e6c0      0x1a0 examples/light_switch/server/CMakeFiles/light_switch_server_nrf51422_xxAC_s130_2.0.1.dir/__/__/__/mesh/access/src/access.c.obj
                0x0001e6c0                access_model_add
 .text.access_model_publish
                0x0001e860       0x14 examples/light_switch/server/CMakeFiles/light_switch_server_nrf51422_xxAC_s130_2.0.1.dir/__/__/__/mesh/access/src/access.c.obj
                0x0001e860                access_model_publish
 .text.access_model_reply
                0x0001e874       0x1c examples/light_switch/server/CMakeFiles/light_switch_server_nrf51422_xxAC_s130_2.0.1.dir/__/__/__/mesh/access/src/access.c.obj
                0x0001e874                access_model_reply
 .text.access_model_publish_address_set
                0x0001e890       0x3c examples/light_switch/server/CMakeFiles/light_switch_server_nrf51422_xxAC_s130_2.0.1.dir/__/__/__/mesh/access/src/access.c.obj
                0x0001e890                access_model_publish_address_set
 .text.access_model_publish_address_get
                0x0001e8cc       0x2c examples/light_switch/server/CMakeFiles/light_switch_server_nrf51422_xxAC_s130_2.0.1.dir/__/__/__/mesh/access/src/access.c.obj
                0x0001e8cc                access_model_publish_address_get
 .text.access_model_publish_period_set
                0x0001e8f8       0x80 examples/light_switch/server/CMakeFiles/light_switch_server_nrf51422_xxAC_s130_2.0.1.dir/__/__/__/mesh/access/src/access.c.obj
                0x0001e8f8                access_model_publish_period_set
 .text.access_model_publish_period_get
                0x0001e978       0x44 examples/light_switch/server/CMakeFiles/light_switch_server_nrf51422_xxAC_s130_2.0.1.dir/__/__/__/mesh/access/src/access.c.obj
                0x0001e978                access_model_publish_period_get
 .text.access_model_subscription_list_alloc
                0x0001e9bc       0x40 examples/light_switch/server/CMakeFiles/light_switch_server_nrf51422_xxAC_s130_2.0.1.dir/__/__/__/mesh/access/src/access.c.obj
                0x0001e9bc                access_model_subscription_list_alloc
 .text.access_model_subscription_add
                0x0001e9fc       0x5c examples/light_switch/server/CMakeFiles/light_switch_server_nrf51422_xxAC_s130_2.0.1.dir/__/__/__/mesh/access/src/access.c.obj
                0x0001e9fc                access_model_subscription_add
 .text.access_model_subscription_remove
                0x0001ea58       0x5c examples/light_switch/server/CMakeFiles/light_switch_server_nrf51422_xxAC_s130_2.0.1.dir/__/__/__/mesh/access/src/access.c.obj
                0x0001ea58                access_model_subscription_remove
 .text.access_model_subscriptions_get
                0x0001eab4       0x7c examples/light_switch/server/CMakeFiles/light_switch_server_nrf51422_xxAC_s130_2.0.1.dir/__/__/__/mesh/access/src/access.c.obj
                0x0001eab4                access_model_subscriptions_get
 .text.access_model_application_bind
                0x0001eb30       0x50 examples/light_switch/server/CMakeFiles/light_switch_server_nrf51422_xxAC_s130_2.0.1.dir/__/__/__/mesh/access/src/access.c.obj
                0x0001eb30                access_model_application_bind
 .text.access_model_application_unbind
                0x0001eb80       0x50 examples/light_switch/server/CMakeFiles/light_switch_server_nrf51422_xxAC_s130_2.0.1.dir/__/__/__/mesh/access/src/access.c.obj
                0x0001eb80                access_model_application_unbind
 .text.access_model_applications_get
                0x0001ebd0       0x54 examples/light_switch/server/CMakeFiles/light_switch_server_nrf51422_xxAC_s130_2.0.1.dir/__/__/__/mesh/access/src/access.c.obj
                0x0001ebd0                access_model_applications_get
 .text.access_model_publish_application_set
                0x0001ec24       0x3c examples/light_switch/server/CMakeFiles/light_switch_server_nrf51422_xxAC_s130_2.0.1.dir/__/__/__/mesh/access/src/access.c.obj
                0x0001ec24                access_model_publish_application_set
 .text.access_model_publish_application_get
                0x0001ec60       0x2c examples/light_switch/server/CMakeFiles/light_switch_server_nrf51422_xxAC_s130_2.0.1.dir/__/__/__/mesh/access/src/access.c.obj
                0x0001ec60                access_model_publish_application_get
 .text.access_default_ttl_set
                0x0001ec8c       0x10 examples/light_switch/server/CMakeFiles/light_switch_server_nrf51422_xxAC_s130_2.0.1.dir/__/__/__/mesh/access/src/access.c.obj
                0x0001ec8c                access_default_ttl_set
 .text.access_default_ttl_get
                0x0001ec9c        0xc examples/light_switch/server/CMakeFiles/light_switch_server_nrf51422_xxAC_s130_2.0.1.dir/__/__/__/mesh/access/src/access.c.obj
                0x0001ec9c                access_default_ttl_get
 .text.access_model_publish_ttl_set
                0x0001eca8       0x44 examples/light_switch/server/CMakeFiles/light_switch_server_nrf51422_xxAC_s130_2.0.1.dir/__/__/__/mesh/access/src/access.c.obj
                0x0001eca8                access_model_publish_ttl_set
 .text.access_model_publish_ttl_get
                0x0001ecec       0x2c examples/light_switch/server/CMakeFiles/light_switch_server_nrf51422_xxAC_s130_2.0.1.dir/__/__/__/mesh/access/src/access.c.obj
                0x0001ecec                access_model_publish_ttl_get
 .text.access_element_location_get
                0x0001ed18       0x1c examples/light_switch/server/CMakeFiles/light_switch_server_nrf51422_xxAC_s130_2.0.1.dir/__/__/__/mesh/access/src/access.c.obj
                0x0001ed18                access_element_location_get
 .text.access_element_sig_model_count_get
                0x0001ed34       0x1c examples/light_switch/server/CMakeFiles/light_switch_server_nrf51422_xxAC_s130_2.0.1.dir/__/__/__/mesh/access/src/access.c.obj
                0x0001ed34                access_element_sig_model_count_get
 .text.access_element_vendor_model_count_get
                0x0001ed50       0x1c examples/light_switch/server/CMakeFiles/light_switch_server_nrf51422_xxAC_s130_2.0.1.dir/__/__/__/mesh/access/src/access.c.obj
                0x0001ed50                access_element_vendor_model_count_get
 .text.access_model_id_get
                0x0001ed6c       0x38 examples/light_switch/server/CMakeFiles/light_switch_server_nrf51422_xxAC_s130_2.0.1.dir/__/__/__/mesh/access/src/access.c.obj
                0x0001ed6c                access_model_id_get
 .text.access_handle_get
                0x0001eda4       0x48 examples/light_switch/server/CMakeFiles/light_switch_server_nrf51422_xxAC_s130_2.0.1.dir/__/__/__/mesh/access/src/access.c.obj
                0x0001eda4                access_handle_get
 .text.access_element_models_get
                0x0001edec       0x60 examples/light_switch/server/CMakeFiles/light_switch_server_nrf51422_xxAC_s130_2.0.1.dir/__/__/__/mesh/access/src/access.c.obj
                0x0001edec                access_element_models_get
 .text.access_model_p_args_get
                0x0001ee4c       0x2c examples/light_switch/server/CMakeFiles/light_switch_server_nrf51422_xxAC_s130_2.0.1.dir/__/__/__/mesh/access/src/access.c.obj
                0x0001ee4c                access_model_p_args_get
 .text.remove_and_reschedule
                0x0001ee78       0xd8 examples/light_switch/server/CMakeFiles/light_switch_server_nrf51422_xxAC_s130_2.0.1.dir/__/__/__/mesh/access/src/access_reliable.c.obj
 .text.reliable_timer_cb
                0x0001ef50      0x150 examples/light_switch/server/CMakeFiles/light_switch_server_nrf51422_xxAC_s130_2.0.1.dir/__/__/__/mesh/access/src/access_reliable.c.obj
 .text.access_reliable_message_rx_cb
                0x0001f0a0       0x80 examples/light_switch/server/CMakeFiles/light_switch_server_nrf51422_xxAC_s130_2.0.1.dir/__/__/__/mesh/access/src/access_reliable.c.obj
                0x0001f0a0                access_reliable_message_rx_cb
 .text.access_reliable_init
                0x0001f120       0x1c examples/light_switch/server/CMakeFiles/light_switch_server_nrf51422_xxAC_s130_2.0.1.dir/__/__/__/mesh/access/src/access_reliable.c.obj
                0x0001f120                access_reliable_init
 .text.bitfield_get
                0x0001f13c       0x18 examples/light_switch/server/CMakeFiles/light_switch_server_nrf51422_xxAC_s130_2.0.1.dir/__/__/__/mesh/access/src/device_state_manager.c.obj
 .text.bitfield_set
                0x0001f154       0x16 examples/light_switch/server/CMakeFiles/light_switch_server_nrf51422_xxAC_s130_2.0.1.dir/__/__/__/mesh/access/src/device_state_manager.c.obj
 .text.bitfield_clear
                0x0001f16a       0x16 examples/light_switch/server/CMakeFiles/light_switch_server_nrf51422_xxAC_s130_2.0.1.dir/__/__/__/mesh/access/src/device_state_manager.c.obj
 .text.bitfield_is_all_clear
                0x0001f180       0x3a examples/light_switch/server/CMakeFiles/light_switch_server_nrf51422_xxAC_s130_2.0.1.dir/__/__/__/mesh/access/src/device_state_manager.c.obj
 *fill*         0x0001f1ba        0x2 
 .text.address_handle_virtual_valid
                0x0001f1bc       0x18 examples/light_switch/server/CMakeFiles/light_switch_server_nrf51422_xxAC_s130_2.0.1.dir/__/__/__/mesh/access/src/device_state_manager.c.obj
 .text.net_key_handle_get
                0x0001f1d4       0x38 examples/light_switch/server/CMakeFiles/light_switch_server_nrf51422_xxAC_s130_2.0.1.dir/__/__/__/mesh/access/src/device_state_manager.c.obj
 .text.dev_key_handle_get
                0x0001f20c       0x34 examples/light_switch/server/CMakeFiles/light_switch_server_nrf51422_xxAC_s130_2.0.1.dir/__/__/__/mesh/access/src/device_state_manager.c.obj
 .text.app_key_handle_get
                0x0001f240       0x38 examples/light_switch/server/CMakeFiles/light_switch_server_nrf51422_xxAC_s130_2.0.1.dir/__/__/__/mesh/access/src/device_state_manager.c.obj
 .text.addr_nonvirtual_to_flash_entry
                0x0001f278       0x10 examples/light_switch/server/CMakeFiles/light_switch_server_nrf51422_xxAC_s130_2.0.1.dir/__/__/__/mesh/access/src/device_state_manager.c.obj
 .text.flash_mem_listener_callback
                0x0001f288       0x20 examples/light_switch/server/CMakeFiles/light_switch_server_nrf51422_xxAC_s130_2.0.1.dir/__/__/__/mesh/access/src/device_state_manager.c.obj
 .text.devkey_set
                0x0001f2a8       0x4c examples/light_switch/server/CMakeFiles/light_switch_server_nrf51422_xxAC_s130_2.0.1.dir/__/__/__/mesh/access/src/device_state_manager.c.obj
 .text.devkey_to_dsm_entry
                0x0001f2f4       0x14 examples/light_switch/server/CMakeFiles/light_switch_server_nrf51422_xxAC_s130_2.0.1.dir/__/__/__/mesh/access/src/device_state_manager.c.obj
 .text.devkey_to_flash_entry
                0x0001f308       0x28 examples/light_switch/server/CMakeFiles/light_switch_server_nrf51422_xxAC_s130_2.0.1.dir/__/__/__/mesh/access/src/device_state_manager.c.obj
 .text.appkey_to_flash_entry
                0x0001f330       0x28 examples/light_switch/server/CMakeFiles/light_switch_server_nrf51422_xxAC_s130_2.0.1.dir/__/__/__/mesh/access/src/device_state_manager.c.obj
 .text.subnet_to_flash_entry
                0x0001f358       0x20 examples/light_switch/server/CMakeFiles/light_switch_server_nrf51422_xxAC_s130_2.0.1.dir/__/__/__/mesh/access/src/device_state_manager.c.obj
 .text.addr_virtual_to_flash_entry
                0x0001f378       0x1c examples/light_switch/server/CMakeFiles/light_switch_server_nrf51422_xxAC_s130_2.0.1.dir/__/__/__/mesh/access/src/device_state_manager.c.obj
 .text.addr_unicast_to_dsm_entry
                0x0001f394       0x10 examples/light_switch/server/CMakeFiles/light_switch_server_nrf51422_xxAC_s130_2.0.1.dir/__/__/__/mesh/access/src/device_state_manager.c.obj
 .text.addr_unicast_to_flash_entry
                0x0001f3a4       0x14 examples/light_switch/server/CMakeFiles/light_switch_server_nrf51422_xxAC_s130_2.0.1.dir/__/__/__/mesh/access/src/device_state_manager.c.obj
 .text.appkey_set
                0x0001f3b8       0x74 examples/light_switch/server/CMakeFiles/light_switch_server_nrf51422_xxAC_s130_2.0.1.dir/__/__/__/mesh/access/src/device_state_manager.c.obj
 .text.appkey_to_dsm_entry
                0x0001f42c       0x12 examples/light_switch/server/CMakeFiles/light_switch_server_nrf51422_xxAC_s130_2.0.1.dir/__/__/__/mesh/access/src/device_state_manager.c.obj
 *fill*         0x0001f43e        0x2 
 .text.subnet_set
                0x0001f440       0xa0 examples/light_switch/server/CMakeFiles/light_switch_server_nrf51422_xxAC_s130_2.0.1.dir/__/__/__/mesh/access/src/device_state_manager.c.obj
 .text.subnet_to_dsm_entry
                0x0001f4e0       0x10 examples/light_switch/server/CMakeFiles/light_switch_server_nrf51422_xxAC_s130_2.0.1.dir/__/__/__/mesh/access/src/device_state_manager.c.obj
 .text.virtual_address_set
                0x0001f4f0       0x58 examples/light_switch/server/CMakeFiles/light_switch_server_nrf51422_xxAC_s130_2.0.1.dir/__/__/__/mesh/access/src/device_state_manager.c.obj
 .text.addr_virtual_to_dsm_entry
                0x0001f548       0x10 examples/light_switch/server/CMakeFiles/light_switch_server_nrf51422_xxAC_s130_2.0.1.dir/__/__/__/mesh/access/src/device_state_manager.c.obj
 .text.flash_save
                0x0001f558       0x88 examples/light_switch/server/CMakeFiles/light_switch_server_nrf51422_xxAC_s130_2.0.1.dir/__/__/__/mesh/access/src/device_state_manager.c.obj
 .text.flash_invalidate
                0x0001f5e0       0x6c examples/light_switch/server/CMakeFiles/light_switch_server_nrf51422_xxAC_s130_2.0.1.dir/__/__/__/mesh/access/src/device_state_manager.c.obj
 .text.flash_update_all
                0x0001f64c       0x70 examples/light_switch/server/CMakeFiles/light_switch_server_nrf51422_xxAC_s130_2.0.1.dir/__/__/__/mesh/access/src/device_state_manager.c.obj
 .text.reset_flash_area
                0x0001f6bc       0x28 examples/light_switch/server/CMakeFiles/light_switch_server_nrf51422_xxAC_s130_2.0.1.dir/__/__/__/mesh/access/src/device_state_manager.c.obj
 .text.virtual_address_uuid_index_get
                0x0001f6e4       0x40 examples/light_switch/server/CMakeFiles/light_switch_server_nrf51422_xxAC_s130_2.0.1.dir/__/__/__/mesh/access/src/device_state_manager.c.obj
 .text.add_address_virtual
                0x0001f724       0x7c examples/light_switch/server/CMakeFiles/light_switch_server_nrf51422_xxAC_s130_2.0.1.dir/__/__/__/mesh/access/src/device_state_manager.c.obj
 .text.get_subnet_handle
                0x0001f7a0       0x38 examples/light_switch/server/CMakeFiles/light_switch_server_nrf51422_xxAC_s130_2.0.1.dir/__/__/__/mesh/access/src/device_state_manager.c.obj
 .text.get_app_handle
                0x0001f7d8       0x44 examples/light_switch/server/CMakeFiles/light_switch_server_nrf51422_xxAC_s130_2.0.1.dir/__/__/__/mesh/access/src/device_state_manager.c.obj
 .text.flash_operation_complete
                0x0001f81c       0x58 examples/light_switch/server/CMakeFiles/light_switch_server_nrf51422_xxAC_s130_2.0.1.dir/__/__/__/mesh/access/src/device_state_manager.c.obj
 .text.flash_invalidate_complete
                0x0001f874        0xc examples/light_switch/server/CMakeFiles/light_switch_server_nrf51422_xxAC_s130_2.0.1.dir/__/__/__/mesh/access/src/device_state_manager.c.obj
 .text.flash_write_complete
                0x0001f880        0xc examples/light_switch/server/CMakeFiles/light_switch_server_nrf51422_xxAC_s130_2.0.1.dir/__/__/__/mesh/access/src/device_state_manager.c.obj
 .text.add_address.part.5
                0x0001f88c      0x138 examples/light_switch/server/CMakeFiles/light_switch_server_nrf51422_xxAC_s130_2.0.1.dir/__/__/__/mesh/access/src/device_state_manager.c.obj
 .text.address_handle_valid
                0x0001f9c4       0x28 examples/light_switch/server/CMakeFiles/light_switch_server_nrf51422_xxAC_s130_2.0.1.dir/__/__/__/mesh/access/src/device_state_manager.c.obj
 .text.address_handle_nonvirtual_valid
                0x0001f9ec       0x18 examples/light_switch/server/CMakeFiles/light_switch_server_nrf51422_xxAC_s130_2.0.1.dir/__/__/__/mesh/access/src/device_state_manager.c.obj
 .text.address_delete_if_unused
                0x0001fa04       0x7c examples/light_switch/server/CMakeFiles/light_switch_server_nrf51422_xxAC_s130_2.0.1.dir/__/__/__/mesh/access/src/device_state_manager.c.obj
 .text.addr_nonvirtual_to_dsm_entry
                0x0001fa80       0x34 examples/light_switch/server/CMakeFiles/light_switch_server_nrf51422_xxAC_s130_2.0.1.dir/__/__/__/mesh/access/src/device_state_manager.c.obj
 .text.dsm_flash_config_load
                0x0001fab4       0xf0 examples/light_switch/server/CMakeFiles/light_switch_server_nrf51422_xxAC_s130_2.0.1.dir/__/__/__/mesh/access/src/device_state_manager.c.obj
                0x0001fab4                dsm_flash_config_load
 .text.dsm_flash_area_get
                0x0001fba4       0x10 examples/light_switch/server/CMakeFiles/light_switch_server_nrf51422_xxAC_s130_2.0.1.dir/__/__/__/mesh/access/src/device_state_manager.c.obj
                0x0001fba4                dsm_flash_area_get
 .text.build_flash_area
                0x0001fbb4       0x8c examples/light_switch/server/CMakeFiles/light_switch_server_nrf51422_xxAC_s130_2.0.1.dir/__/__/__/mesh/access/src/device_state_manager.c.obj
 .text.dsm_init
                0x0001fc40       0x28 examples/light_switch/server/CMakeFiles/light_switch_server_nrf51422_xxAC_s130_2.0.1.dir/__/__/__/mesh/access/src/device_state_manager.c.obj
                0x0001fc40                dsm_init
 .text.flash_remove_complete
                0x0001fc68        0x8 examples/light_switch/server/CMakeFiles/light_switch_server_nrf51422_xxAC_s130_2.0.1.dir/__/__/__/mesh/access/src/device_state_manager.c.obj
 .text.dsm_local_unicast_addresses_set
                0x0001fc70       0x74 examples/light_switch/server/CMakeFiles/light_switch_server_nrf51422_xxAC_s130_2.0.1.dir/__/__/__/mesh/access/src/device_state_manager.c.obj
                0x0001fc70                dsm_local_unicast_addresses_set
 .text.dsm_local_unicast_addresses_get
                0x0001fce4       0x2c examples/light_switch/server/CMakeFiles/light_switch_server_nrf51422_xxAC_s130_2.0.1.dir/__/__/__/mesh/access/src/device_state_manager.c.obj
                0x0001fce4                dsm_local_unicast_addresses_get
 .text.dsm_address_publish_add
                0x0001fd10       0x14 examples/light_switch/server/CMakeFiles/light_switch_server_nrf51422_xxAC_s130_2.0.1.dir/__/__/__/mesh/access/src/device_state_manager.c.obj
                0x0001fd10                dsm_address_publish_add
 .text.dsm_address_publish_add_handle
                0x0001fd24       0x38 examples/light_switch/server/CMakeFiles/light_switch_server_nrf51422_xxAC_s130_2.0.1.dir/__/__/__/mesh/access/src/device_state_manager.c.obj
                0x0001fd24                dsm_address_publish_add_handle
 .text.dsm_address_publish_virtual_add
                0x0001fd5c        0xa examples/light_switch/server/CMakeFiles/light_switch_server_nrf51422_xxAC_s130_2.0.1.dir/__/__/__/mesh/access/src/device_state_manager.c.obj
                0x0001fd5c                dsm_address_publish_virtual_add
 .text.dsm_address_subscription_add
                0x0001fd66       0x14 examples/light_switch/server/CMakeFiles/light_switch_server_nrf51422_xxAC_s130_2.0.1.dir/__/__/__/mesh/access/src/device_state_manager.c.obj
                0x0001fd66                dsm_address_subscription_add
 .text.dsm_address_subscription_virtual_add
                0x0001fd7a        0xa examples/light_switch/server/CMakeFiles/light_switch_server_nrf51422_xxAC_s130_2.0.1.dir/__/__/__/mesh/access/src/device_state_manager.c.obj
                0x0001fd7a                dsm_address_subscription_virtual_add
 .text.dsm_address_subscription_add_handle
                0x0001fd84       0x38 examples/light_switch/server/CMakeFiles/light_switch_server_nrf51422_xxAC_s130_2.0.1.dir/__/__/__/mesh/access/src/device_state_manager.c.obj
                0x0001fd84                dsm_address_subscription_add_handle
 .text.dsm_address_subscription_get
                0x0001fdbc       0x34 examples/light_switch/server/CMakeFiles/light_switch_server_nrf51422_xxAC_s130_2.0.1.dir/__/__/__/mesh/access/src/device_state_manager.c.obj
                0x0001fdbc                dsm_address_subscription_get
 .text.dsm_address_get
                0x0001fdf0       0x5c examples/light_switch/server/CMakeFiles/light_switch_server_nrf51422_xxAC_s130_2.0.1.dir/__/__/__/mesh/access/src/device_state_manager.c.obj
                0x0001fdf0                dsm_address_get
 .text.dsm_address_subscription_remove
                0x0001fe4c       0x60 examples/light_switch/server/CMakeFiles/light_switch_server_nrf51422_xxAC_s130_2.0.1.dir/__/__/__/mesh/access/src/device_state_manager.c.obj
                0x0001fe4c                dsm_address_subscription_remove
 .text.dsm_address_handle_get
                0x0001feac       0x98 examples/light_switch/server/CMakeFiles/light_switch_server_nrf51422_xxAC_s130_2.0.1.dir/__/__/__/mesh/access/src/device_state_manager.c.obj
                0x0001feac                dsm_address_handle_get
 .text.dsm_net_key_index_to_subnet_handle
                0x0001ff44       0x1c examples/light_switch/server/CMakeFiles/light_switch_server_nrf51422_xxAC_s130_2.0.1.dir/__/__/__/mesh/access/src/device_state_manager.c.obj
                0x0001ff44                dsm_net_key_index_to_subnet_handle
 .text.dsm_app_key_index_to_appkey_handle
                0x0001ff60       0x1c examples/light_switch/server/CMakeFiles/light_switch_server_nrf51422_xxAC_s130_2.0.1.dir/__/__/__/mesh/access/src/device_state_manager.c.obj
                0x0001ff60                dsm_app_key_index_to_appkey_handle
 .text.dsm_appkey_handle_get
                0x0001ff7c       0x14 examples/light_switch/server/CMakeFiles/light_switch_server_nrf51422_xxAC_s130_2.0.1.dir/__/__/__/mesh/access/src/device_state_manager.c.obj
                0x0001ff7c                dsm_appkey_handle_get
 .text.dsm_appkey_handle_to_appkey_index
                0x0001ff90       0x34 examples/light_switch/server/CMakeFiles/light_switch_server_nrf51422_xxAC_s130_2.0.1.dir/__/__/__/mesh/access/src/device_state_manager.c.obj
                0x0001ff90                dsm_appkey_handle_to_appkey_index
 .text.dsm_subnet_add
                0x0001ffc4       0x60 examples/light_switch/server/CMakeFiles/light_switch_server_nrf51422_xxAC_s130_2.0.1.dir/__/__/__/mesh/access/src/device_state_manager.c.obj
                0x0001ffc4                dsm_subnet_add
 .text.dsm_subnet_update
                0x00020024       0x40 examples/light_switch/server/CMakeFiles/light_switch_server_nrf51422_xxAC_s130_2.0.1.dir/__/__/__/mesh/access/src/device_state_manager.c.obj
                0x00020024                dsm_subnet_update
 .text.dsm_subnet_get_all
                0x00020064       0x44 examples/light_switch/server/CMakeFiles/light_switch_server_nrf51422_xxAC_s130_2.0.1.dir/__/__/__/mesh/access/src/device_state_manager.c.obj
                0x00020064                dsm_subnet_get_all
 .text.dsm_devkey_add
                0x000200a8       0x7c examples/light_switch/server/CMakeFiles/light_switch_server_nrf51422_xxAC_s130_2.0.1.dir/__/__/__/mesh/access/src/device_state_manager.c.obj
                0x000200a8                dsm_devkey_add
 .text.dsm_devkey_delete
                0x00020124       0x3c examples/light_switch/server/CMakeFiles/light_switch_server_nrf51422_xxAC_s130_2.0.1.dir/__/__/__/mesh/access/src/device_state_manager.c.obj
                0x00020124                dsm_devkey_delete
 .text.dsm_appkey_add
                0x00020160       0x78 examples/light_switch/server/CMakeFiles/light_switch_server_nrf51422_xxAC_s130_2.0.1.dir/__/__/__/mesh/access/src/device_state_manager.c.obj
                0x00020160                dsm_appkey_add
 .text.dsm_appkey_update
                0x000201d8       0x44 examples/light_switch/server/CMakeFiles/light_switch_server_nrf51422_xxAC_s130_2.0.1.dir/__/__/__/mesh/access/src/device_state_manager.c.obj
                0x000201d8                dsm_appkey_update
 .text.dsm_appkey_delete
                0x0002021c       0x34 examples/light_switch/server/CMakeFiles/light_switch_server_nrf51422_xxAC_s130_2.0.1.dir/__/__/__/mesh/access/src/device_state_manager.c.obj
                0x0002021c                dsm_appkey_delete
 .text.dsm_subnet_delete
                0x00020250       0x98 examples/light_switch/server/CMakeFiles/light_switch_server_nrf51422_xxAC_s130_2.0.1.dir/__/__/__/mesh/access/src/device_state_manager.c.obj
                0x00020250                dsm_subnet_delete
 .text.dsm_appkey_get_all
                0x000202e8       0x64 examples/light_switch/server/CMakeFiles/light_switch_server_nrf51422_xxAC_s130_2.0.1.dir/__/__/__/mesh/access/src/device_state_manager.c.obj
                0x000202e8                dsm_appkey_get_all
 .text.dsm_tx_secmat_get
                0x0002034c       0xe0 examples/light_switch/server/CMakeFiles/light_switch_server_nrf51422_xxAC_s130_2.0.1.dir/__/__/__/mesh/access/src/device_state_manager.c.obj
                0x0002034c                dsm_tx_secmat_get
 .text.nrf_mesh_net_secmat_next_get
                0x0002042c       0x54 examples/light_switch/server/CMakeFiles/light_switch_server_nrf51422_xxAC_s130_2.0.1.dir/__/__/__/mesh/access/src/device_state_manager.c.obj
                0x0002042c                nrf_mesh_net_secmat_next_get
 .text.nrf_mesh_app_secmat_next_get
                0x00020480       0x88 examples/light_switch/server/CMakeFiles/light_switch_server_nrf51422_xxAC_s130_2.0.1.dir/__/__/__/mesh/access/src/device_state_manager.c.obj
                0x00020480                nrf_mesh_app_secmat_next_get
 .text.nrf_mesh_devkey_secmat_get
                0x00020508       0x34 examples/light_switch/server/CMakeFiles/light_switch_server_nrf51422_xxAC_s130_2.0.1.dir/__/__/__/mesh/access/src/device_state_manager.c.obj
                0x00020508                nrf_mesh_devkey_secmat_get
 .text.nrf_mesh_beacon_info_next_get
                0x0002053c       0x78 examples/light_switch/server/CMakeFiles/light_switch_server_nrf51422_xxAC_s130_2.0.1.dir/__/__/__/mesh/access/src/device_state_manager.c.obj
                0x0002053c                nrf_mesh_beacon_info_next_get
 .text.nrf_mesh_rx_address_get
                0x000205b4       0xec examples/light_switch/server/CMakeFiles/light_switch_server_nrf51422_xxAC_s130_2.0.1.dir/__/__/__/mesh/access/src/device_state_manager.c.obj
                0x000205b4                nrf_mesh_rx_address_get
 .text.complete_provisioning
                0x000206a0       0x6c examples/light_switch/server/CMakeFiles/light_switch_server_nrf51422_xxAC_s130_2.0.1.dir/__/__/__/mesh/prov/src/prov_provisionee.c.obj
 .text.prov_provisionee_cb_link_closed
                0x0002070c       0x34 examples/light_switch/server/CMakeFiles/light_switch_server_nrf51422_xxAC_s130_2.0.1.dir/__/__/__/mesh/prov/src/prov_provisionee.c.obj
 .text.prov_provisionee_cb_link_established
                0x00020740       0x20 examples/light_switch/server/CMakeFiles/light_switch_server_nrf51422_xxAC_s130_2.0.1.dir/__/__/__/mesh/prov/src/prov_provisionee.c.obj
 .text.send_failed
                0x00020760       0x40 examples/light_switch/server/CMakeFiles/light_switch_server_nrf51422_xxAC_s130_2.0.1.dir/__/__/__/mesh/prov/src/prov_provisionee.c.obj
 .text.request_authentication
                0x000207a0       0x94 examples/light_switch/server/CMakeFiles/light_switch_server_nrf51422_xxAC_s130_2.0.1.dir/__/__/__/mesh/prov/src/prov_provisionee.c.obj
 .text.start_authentication
                0x00020834       0x60 examples/light_switch/server/CMakeFiles/light_switch_server_nrf51422_xxAC_s130_2.0.1.dir/__/__/__/mesh/prov/src/prov_provisionee.c.obj
 .text.prov_provisionee_pkt_in
                0x00020894      0x314 examples/light_switch/server/CMakeFiles/light_switch_server_nrf51422_xxAC_s130_2.0.1.dir/__/__/__/mesh/prov/src/prov_provisionee.c.obj
 .text.prov_provisionee_cb_ack_received
                0x00020ba8       0xb8 examples/light_switch/server/CMakeFiles/light_switch_server_nrf51422_xxAC_s130_2.0.1.dir/__/__/__/mesh/prov/src/prov_provisionee.c.obj
 .text.prov_provisionee_init
                0x00020c60       0x48 examples/light_switch/server/CMakeFiles/light_switch_server_nrf51422_xxAC_s130_2.0.1.dir/__/__/__/mesh/prov/src/prov_provisionee.c.obj
                0x00020c60                prov_provisionee_init
 .text.prov_provisionee_auth_data
                0x00020ca8       0x88 examples/light_switch/server/CMakeFiles/light_switch_server_nrf51422_xxAC_s130_2.0.1.dir/__/__/__/mesh/prov/src/prov_provisionee.c.obj
                0x00020ca8                prov_provisionee_auth_data
 .text.nrf_mesh_prov_init
                0x00020d30       0x34 examples/light_switch/server/CMakeFiles/light_switch_server_nrf51422_xxAC_s130_2.0.1.dir/__/__/__/mesh/prov/src/nrf_mesh_prov.c.obj
                0x00020d30                nrf_mesh_prov_init
 .text.nrf_mesh_prov_generate_keys
                0x00020d64        0x8 examples/light_switch/server/CMakeFiles/light_switch_server_nrf51422_xxAC_s130_2.0.1.dir/__/__/__/mesh/prov/src/nrf_mesh_prov.c.obj
                0x00020d64                nrf_mesh_prov_generate_keys
 .text.nrf_mesh_prov_listen
                0x00020d6c       0x26 examples/light_switch/server/CMakeFiles/light_switch_server_nrf51422_xxAC_s130_2.0.1.dir/__/__/__/mesh/prov/src/nrf_mesh_prov.c.obj
                0x00020d6c                nrf_mesh_prov_listen
 *fill*         0x00020d92        0x2 
 .text.nrf_mesh_prov_auth_data_provide
                0x00020d94       0x1c examples/light_switch/server/CMakeFiles/light_switch_server_nrf51422_xxAC_s130_2.0.1.dir/__/__/__/mesh/prov/src/nrf_mesh_prov.c.obj
                0x00020d94                nrf_mesh_prov_auth_data_provide
 .text.send_data
                0x00020db0       0x48 examples/light_switch/server/CMakeFiles/light_switch_server_nrf51422_xxAC_s130_2.0.1.dir/__/__/__/mesh/prov/src/provisioning.c.obj
 .text.prov_packet_length_valid
                0x00020df8       0x20 examples/light_switch/server/CMakeFiles/light_switch_server_nrf51422_xxAC_s130_2.0.1.dir/__/__/__/mesh/prov/src/provisioning.c.obj
                0x00020df8                prov_packet_length_valid
 .text.prov_init
                0x00020e18       0x34 examples/light_switch/server/CMakeFiles/light_switch_server_nrf51422_xxAC_s130_2.0.1.dir/__/__/__/mesh/prov/src/provisioning.c.obj
                0x00020e18                prov_init
 .text.prov_listen_start
                0x00020e4c       0x14 examples/light_switch/server/CMakeFiles/light_switch_server_nrf51422_xxAC_s130_2.0.1.dir/__/__/__/mesh/prov/src/provisioning.c.obj
                0x00020e4c                prov_listen_start
 .text.prov_link_close
                0x00020e60        0xe examples/light_switch/server/CMakeFiles/light_switch_server_nrf51422_xxAC_s130_2.0.1.dir/__/__/__/mesh/prov/src/provisioning.c.obj
                0x00020e60                prov_link_close
 .text.prov_tx_capabilities
                0x00020e6e       0x1c examples/light_switch/server/CMakeFiles/light_switch_server_nrf51422_xxAC_s130_2.0.1.dir/__/__/__/mesh/prov/src/provisioning.c.obj
                0x00020e6e                prov_tx_capabilities
 .text.prov_tx_public_key
                0x00020e8a       0x24 examples/light_switch/server/CMakeFiles/light_switch_server_nrf51422_xxAC_s130_2.0.1.dir/__/__/__/mesh/prov/src/provisioning.c.obj
                0x00020e8a                prov_tx_public_key
 .text.prov_tx_input_complete
                0x00020eae       0x10 examples/light_switch/server/CMakeFiles/light_switch_server_nrf51422_xxAC_s130_2.0.1.dir/__/__/__/mesh/prov/src/provisioning.c.obj
                0x00020eae                prov_tx_input_complete
 .text.prov_tx_confirmation
                0x00020ebe       0x24 examples/light_switch/server/CMakeFiles/light_switch_server_nrf51422_xxAC_s130_2.0.1.dir/__/__/__/mesh/prov/src/provisioning.c.obj
                0x00020ebe                prov_tx_confirmation
 .text.prov_tx_random
                0x00020ee2       0x24 examples/light_switch/server/CMakeFiles/light_switch_server_nrf51422_xxAC_s130_2.0.1.dir/__/__/__/mesh/prov/src/provisioning.c.obj
                0x00020ee2                prov_tx_random
 .text.prov_tx_complete
                0x00020f06       0x10 examples/light_switch/server/CMakeFiles/light_switch_server_nrf51422_xxAC_s130_2.0.1.dir/__/__/__/mesh/prov/src/provisioning.c.obj
                0x00020f06                prov_tx_complete
 .text.prov_tx_failed
                0x00020f16       0x14 examples/light_switch/server/CMakeFiles/light_switch_server_nrf51422_xxAC_s130_2.0.1.dir/__/__/__/mesh/prov/src/provisioning.c.obj
                0x00020f16                prov_tx_failed
 .text.prov_cb_link_opened
                0x00020f2a        0xe examples/light_switch/server/CMakeFiles/light_switch_server_nrf51422_xxAC_s130_2.0.1.dir/__/__/__/mesh/prov/src/provisioning.c.obj
                0x00020f2a                prov_cb_link_opened
 .text.prov_cb_link_closed
                0x00020f38        0xe examples/light_switch/server/CMakeFiles/light_switch_server_nrf51422_xxAC_s130_2.0.1.dir/__/__/__/mesh/prov/src/provisioning.c.obj
                0x00020f38                prov_cb_link_closed
 *fill*         0x00020f46        0x2 
 .text.prov_cb_pkt_in
                0x00020f48       0x80 examples/light_switch/server/CMakeFiles/light_switch_server_nrf51422_xxAC_s130_2.0.1.dir/__/__/__/mesh/prov/src/provisioning.c.obj
                0x00020f48                prov_cb_pkt_in
 .text.prov_cb_ack_in
                0x00020fc8        0xe examples/light_switch/server/CMakeFiles/light_switch_server_nrf51422_xxAC_s130_2.0.1.dir/__/__/__/mesh/prov/src/provisioning.c.obj
                0x00020fc8                prov_cb_ack_in
 .text.prov_beacon_unprov_build
                0x00020fd6       0x52 examples/light_switch/server/CMakeFiles/light_switch_server_nrf51422_xxAC_s130_2.0.1.dir/__/__/__/mesh/prov/src/prov_beacon.c.obj
                0x00020fd6                prov_beacon_unprov_build
 .text.prov_beacon_unprov_packet_in
                0x00021028       0xb8 examples/light_switch/server/CMakeFiles/light_switch_server_nrf51422_xxAC_s130_2.0.1.dir/__/__/__/mesh/prov/src/prov_beacon.c.obj
                0x00021028                prov_beacon_unprov_packet_in
 .text.oob_gen_alphanumeric
                0x000210e0       0x34 examples/light_switch/server/CMakeFiles/light_switch_server_nrf51422_xxAC_s130_2.0.1.dir/__/__/__/mesh/prov/src/prov_utils.c.obj
 .text.oob_gen_numeric
                0x00021114       0x30 examples/light_switch/server/CMakeFiles/light_switch_server_nrf51422_xxAC_s130_2.0.1.dir/__/__/__/mesh/prov/src/prov_utils.c.obj
 .text.prov_utils_opt_set
                0x00021144       0x20 examples/light_switch/server/CMakeFiles/light_switch_server_nrf51422_xxAC_s130_2.0.1.dir/__/__/__/mesh/prov/src/prov_utils.c.obj
                0x00021144                prov_utils_opt_set
 .text.prov_utils_opt_get
                0x00021164       0x1c examples/light_switch/server/CMakeFiles/light_switch_server_nrf51422_xxAC_s130_2.0.1.dir/__/__/__/mesh/prov/src/prov_utils.c.obj
                0x00021164                prov_utils_opt_get
 .text.prov_utils_use_ecdh_offloading
                0x00021180        0xc examples/light_switch/server/CMakeFiles/light_switch_server_nrf51422_xxAC_s130_2.0.1.dir/__/__/__/mesh/prov/src/prov_utils.c.obj
                0x00021180                prov_utils_use_ecdh_offloading
 .text.prov_utils_authentication_values_derive
                0x0002118c       0xc0 examples/light_switch/server/CMakeFiles/light_switch_server_nrf51422_xxAC_s130_2.0.1.dir/__/__/__/mesh/prov/src/prov_utils.c.obj
                0x0002118c                prov_utils_authentication_values_derive
 .text.prov_utils_keys_generate
                0x0002124c       0x20 examples/light_switch/server/CMakeFiles/light_switch_server_nrf51422_xxAC_s130_2.0.1.dir/__/__/__/mesh/prov/src/prov_utils.c.obj
                0x0002124c                prov_utils_keys_generate
 .text.prov_utils_derive_keys
                0x0002126c       0xc0 examples/light_switch/server/CMakeFiles/light_switch_server_nrf51422_xxAC_s130_2.0.1.dir/__/__/__/mesh/prov/src/prov_utils.c.obj
                0x0002126c                prov_utils_derive_keys
 .text.prov_utils_calculate_shared_secret
                0x0002132c       0x3e examples/light_switch/server/CMakeFiles/light_switch_server_nrf51422_xxAC_s130_2.0.1.dir/__/__/__/mesh/prov/src/prov_utils.c.obj
                0x0002132c                prov_utils_calculate_shared_secret
 *fill*         0x0002136a        0x2 
 .text.prov_utils_generate_oob_data
                0x0002136c       0x9c examples/light_switch/server/CMakeFiles/light_switch_server_nrf51422_xxAC_s130_2.0.1.dir/__/__/__/mesh/prov/src/prov_utils.c.obj
                0x0002136c                prov_utils_generate_oob_data
 .text.prov_utils_confirmation_check
                0x00021408       0x70 examples/light_switch/server/CMakeFiles/light_switch_server_nrf51422_xxAC_s130_2.0.1.dir/__/__/__/mesh/prov/src/prov_utils.c.obj
                0x00021408                prov_utils_confirmation_check
 .text.remove_active_bearer
                0x00021478       0x68 examples/light_switch/server/CMakeFiles/light_switch_server_nrf51422_xxAC_s130_2.0.1.dir/__/__/__/mesh/prov/src/prov_bearer_adv.c.obj
 .text.prov_bearer_adv_listen_stop
                0x000214e0       0x38 examples/light_switch/server/CMakeFiles/light_switch_server_nrf51422_xxAC_s130_2.0.1.dir/__/__/__/mesh/prov/src/prov_bearer_adv.c.obj
 .text.close_link
                0x00021518       0x6c examples/light_switch/server/CMakeFiles/light_switch_server_nrf51422_xxAC_s130_2.0.1.dir/__/__/__/mesh/prov/src/prov_bearer_adv.c.obj
 .text.send_packet
                0x00021584       0x70 examples/light_switch/server/CMakeFiles/light_switch_server_nrf51422_xxAC_s130_2.0.1.dir/__/__/__/mesh/prov/src/prov_bearer_adv.c.obj
 .text.prov_buffer_tx
                0x000215f4      0x168 examples/light_switch/server/CMakeFiles/light_switch_server_nrf51422_xxAC_s130_2.0.1.dir/__/__/__/mesh/prov/src/prov_bearer_adv.c.obj
 .text.send_link_close
                0x0002175c       0x28 examples/light_switch/server/CMakeFiles/light_switch_server_nrf51422_xxAC_s130_2.0.1.dir/__/__/__/mesh/prov/src/prov_bearer_adv.c.obj
 .text.prov_bearer_adv_link_close
                0x00021784       0x78 examples/light_switch/server/CMakeFiles/light_switch_server_nrf51422_xxAC_s130_2.0.1.dir/__/__/__/mesh/prov/src/prov_bearer_adv.c.obj
 .text.send_transaction_ack
                0x000217fc       0x24 examples/light_switch/server/CMakeFiles/light_switch_server_nrf51422_xxAC_s130_2.0.1.dir/__/__/__/mesh/prov/src/prov_bearer_adv.c.obj
 .text.send_link_ack
                0x00021820       0x26 examples/light_switch/server/CMakeFiles/light_switch_server_nrf51422_xxAC_s130_2.0.1.dir/__/__/__/mesh/prov/src/prov_bearer_adv.c.obj
 .text.link_timeout_cb
                0x00021846        0xc examples/light_switch/server/CMakeFiles/light_switch_server_nrf51422_xxAC_s130_2.0.1.dir/__/__/__/mesh/prov/src/prov_bearer_adv.c.obj
 .text.reset_timeout_timer
                0x00021852       0x1a examples/light_switch/server/CMakeFiles/light_switch_server_nrf51422_xxAC_s130_2.0.1.dir/__/__/__/mesh/prov/src/prov_bearer_adv.c.obj
 .text.tx_complete_cb
                0x0002186c       0x24 examples/light_switch/server/CMakeFiles/light_switch_server_nrf51422_xxAC_s130_2.0.1.dir/__/__/__/mesh/prov/src/prov_bearer_adv.c.obj
 .text.tx_retry_cb
                0x00021890       0xd4 examples/light_switch/server/CMakeFiles/light_switch_server_nrf51422_xxAC_s130_2.0.1.dir/__/__/__/mesh/prov/src/prov_bearer_adv.c.obj
 .text.add_active_bearer
                0x00021964       0x88 examples/light_switch/server/CMakeFiles/light_switch_server_nrf51422_xxAC_s130_2.0.1.dir/__/__/__/mesh/prov/src/prov_bearer_adv.c.obj
 .text.prov_bearer_adv_link_open
                0x000219ec       0xf0 examples/light_switch/server/CMakeFiles/light_switch_server_nrf51422_xxAC_s130_2.0.1.dir/__/__/__/mesh/prov/src/prov_bearer_adv.c.obj
 .text.async_process
                0x00021adc       0x58 examples/light_switch/server/CMakeFiles/light_switch_server_nrf51422_xxAC_s130_2.0.1.dir/__/__/__/mesh/prov/src/prov_bearer_adv.c.obj
 .text.prov_bearer_adv_listen
                0x00021b34       0xf4 examples/light_switch/server/CMakeFiles/light_switch_server_nrf51422_xxAC_s130_2.0.1.dir/__/__/__/mesh/prov/src/prov_bearer_adv.c.obj
 .text.calculate_3GPP_CRC
                0x00021c28       0x24 examples/light_switch/server/CMakeFiles/light_switch_server_nrf51422_xxAC_s130_2.0.1.dir/__/__/__/mesh/prov/src/prov_bearer_adv.c.obj
                0x00021c28                calculate_3GPP_CRC
 .text.prov_bearer_adv_tx
                0x00021c4c       0xac examples/light_switch/server/CMakeFiles/light_switch_server_nrf51422_xxAC_s130_2.0.1.dir/__/__/__/mesh/prov/src/prov_bearer_adv.c.obj
 .text.prov_buffer_rx
                0x00021cf8       0x74 examples/light_switch/server/CMakeFiles/light_switch_server_nrf51422_xxAC_s130_2.0.1.dir/__/__/__/mesh/prov/src/prov_bearer_adv.c.obj
 .text.prov_bearer_adv_interface_get
                0x00021d6c       0x24 examples/light_switch/server/CMakeFiles/light_switch_server_nrf51422_xxAC_s130_2.0.1.dir/__/__/__/mesh/prov/src/prov_bearer_adv.c.obj
                0x00021d6c                prov_bearer_adv_interface_get
 .text.prov_bearer_adv_packet_in
                0x00021d90      0x898 examples/light_switch/server/CMakeFiles/light_switch_server_nrf51422_xxAC_s130_2.0.1.dir/__/__/__/mesh/prov/src/prov_bearer_adv.c.obj
                0x00021d90                prov_bearer_adv_packet_in
 .text.sd_softdevice_enable
                0x00022628        0x4 examples/light_switch/server/CMakeFiles/light_switch_server_nrf51422_xxAC_s130_2.0.1.dir/__/__/__/mesh/access/src/nrf_mesh_node_config.c.obj
 .text.sd_softdevice_is_enabled
                0x0002262c        0x4 examples/light_switch/server/CMakeFiles/light_switch_server_nrf51422_xxAC_s130_2.0.1.dir/__/__/__/mesh/access/src/nrf_mesh_node_config.c.obj
 .text.default_softdevice_assertion_handler
                0x00022630       0x84 examples/light_switch/server/CMakeFiles/light_switch_server_nrf51422_xxAC_s130_2.0.1.dir/__/__/__/mesh/access/src/nrf_mesh_node_config.c.obj
 .text.start_provisionee
                0x000226b4       0x1c examples/light_switch/server/CMakeFiles/light_switch_server_nrf51422_xxAC_s130_2.0.1.dir/__/__/__/mesh/access/src/nrf_mesh_node_config.c.obj
 .text.mesh_evt_handler
                0x000226d0      0x100 examples/light_switch/server/CMakeFiles/light_switch_server_nrf51422_xxAC_s130_2.0.1.dir/__/__/__/mesh/access/src/nrf_mesh_node_config.c.obj
 .text.default_mesh_assertion_handler
                0x000227d0       0x78 examples/light_switch/server/CMakeFiles/light_switch_server_nrf51422_xxAC_s130_2.0.1.dir/__/__/__/mesh/access/src/nrf_mesh_node_config.c.obj
                0x000227d0                default_mesh_assertion_handler
 .text.softdevice_setup
                0x00022848       0x4c examples/light_switch/server/CMakeFiles/light_switch_server_nrf51422_xxAC_s130_2.0.1.dir/__/__/__/mesh/access/src/nrf_mesh_node_config.c.obj
                0x00022848                softdevice_setup
 .text.nrf_mesh_node_config
                0x00022894      0x124 examples/light_switch/server/CMakeFiles/light_switch_server_nrf51422_xxAC_s130_2.0.1.dir/__/__/__/mesh/access/src/nrf_mesh_node_config.c.obj
                0x00022894                nrf_mesh_node_config
 .text.SystemInit
                0x000229b8       0xe0 examples/light_switch/server/CMakeFiles/light_switch_server_nrf51422_xxAC_s130_2.0.1.dir/__/__/__/external/nRF5_SDK_14.0.0_3bcc1f7/components/toolchain/system_nrf51.c.obj
                0x000229b8                SystemInit
 .text          0x00022a98       0x4c examples/light_switch/server/CMakeFiles/light_switch_server_nrf51422_xxAC_s130_2.0.1.dir/__/__/__/external/nRF5_SDK_14.0.0_3bcc1f7/components/toolchain/gcc/gcc_startup_nrf51.S.obj
                0x00022a98                Reset_Handler
                0x00022ad8                NMI_Handler
                0x00022adc                SVC_Handler
                0x00022ade                PendSV_Handler
                0x00022ae0                SysTick_Handler
                0x00022ae2                GPIOTE_IRQHandler
                0x00022ae2                RTC0_IRQHandler
                0x00022ae2                POWER_CLOCK_IRQHandler
                0x00022ae2                SPI0_TWI0_IRQHandler
                0x00022ae2                LPCOMP_IRQHandler
                0x00022ae2                SWI4_IRQHandler
                0x00022ae2                TEMP_IRQHandler
                0x00022ae2                UART0_IRQHandler
                0x00022ae2                SWI5_IRQHandler
                0x00022ae2                TIMER0_IRQHandler
                0x00022ae2                RADIO_IRQHandler
                0x00022ae2                SWI0_IRQHandler
                0x00022ae2                TIMER1_IRQHandler
                0x00022ae2                ECB_IRQHandler
                0x00022ae2                Default_Handler
                0x00022ae2                ADC_IRQHandler
                0x00022ae2                SWI3_IRQHandler
                0x00022ae2                CCM_AAR_IRQHandler
                0x00022ae2                WDT_IRQHandler
                0x00022ae2                TIMER2_IRQHandler
                0x00022ae2                RNG_IRQHandler
                0x00022ae2                SPI1_TWI1_IRQHandler
                0x00022ae2                RTC1_IRQHandler
                0x00022ae2                SWI1_IRQHandler
 .text.nrf_mesh_configure_device_uuid_reset
                0x00022ae4       0x28 mesh/core/libmesh_core_nrf51422_xxAC.a(nrf_mesh_configure.c.obj)
                0x00022ae4                nrf_mesh_configure_device_uuid_reset
 .text.nrf_mesh_configure_device_uuid_get
                0x00022b0c        0x8 mesh/core/libmesh_core_nrf51422_xxAC.a(nrf_mesh_configure.c.obj)
                0x00022b0c                nrf_mesh_configure_device_uuid_get
 .text.event_handle
                0x00022b14       0x34 mesh/core/libmesh_core_nrf51422_xxAC.a(event.c.obj)
                0x00022b14                event_handle
 .text.event_handler_add
                0x00022b48       0x7c mesh/core/libmesh_core_nrf51422_xxAC.a(event.c.obj)
                0x00022b48                event_handler_add
 .text.event_handler_remove
                0x00022bc4       0x58 mesh/core/libmesh_core_nrf51422_xxAC.a(event.c.obj)
                0x00022bc4                event_handler_remove
 .text.flash_mem_available
                0x00022c1c       0x20 mesh/core/libmesh_core_nrf51422_xxAC.a(net_state.c.obj)
 .text.flash_store_iv_index
                0x00022c3c       0x34 mesh/core/libmesh_core_nrf51422_xxAC.a(net_state.c.obj)
 .text.seqnum_block_allocate
                0x00022c70       0x50 mesh/core/libmesh_core_nrf51422_xxAC.a(net_state.c.obj)
 .text.flash_write_complete
                0x00022cc0       0x80 mesh/core/libmesh_core_nrf51422_xxAC.a(net_state.c.obj)
 .text.net_state_recover_from_flash
                0x00022d40       0x8c mesh/core/libmesh_core_nrf51422_xxAC.a(net_state.c.obj)
                0x00022d40                net_state_recover_from_flash
 .text.net_state_flash_area_get
                0x00022dcc       0x10 mesh/core/libmesh_core_nrf51422_xxAC.a(net_state.c.obj)
                0x00022dcc                net_state_flash_area_get
 .text.init_flash_storage
                0x00022ddc       0x40 mesh/core/libmesh_core_nrf51422_xxAC.a(net_state.c.obj)
 .text.net_state_init
                0x00022e1c       0x48 mesh/core/libmesh_core_nrf51422_xxAC.a(net_state.c.obj)
                0x00022e1c                net_state_init
 .text.net_state_iv_update_start
                0x00022e64       0x64 mesh/core/libmesh_core_nrf51422_xxAC.a(net_state.c.obj)
                0x00022e64                net_state_iv_update_start
 .text.iv_update_trigger_if_pending
                0x00022ec8       0x94 mesh/core/libmesh_core_nrf51422_xxAC.a(net_state.c.obj)
 .text.iv_update_timer_handler
                0x00022f5c       0x80 mesh/core/libmesh_core_nrf51422_xxAC.a(net_state.c.obj)
 .text.net_state_seqnum_alloc
                0x00022fdc       0x68 mesh/core/libmesh_core_nrf51422_xxAC.a(net_state.c.obj)
                0x00022fdc                net_state_seqnum_alloc
 .text.net_state_iv_index_lock
                0x00023044       0x4c mesh/core/libmesh_core_nrf51422_xxAC.a(net_state.c.obj)
                0x00023044                net_state_iv_index_lock
 .text.net_state_beacon_received
                0x00023090       0x98 mesh/core/libmesh_core_nrf51422_xxAC.a(net_state.c.obj)
                0x00023090                net_state_beacon_received
 .text.net_state_beacon_iv_index_get
                0x00023128        0xc mesh/core/libmesh_core_nrf51422_xxAC.a(net_state.c.obj)
                0x00023128                net_state_beacon_iv_index_get
 .text.net_state_tx_iv_index_get
                0x00023134       0x14 mesh/core/libmesh_core_nrf51422_xxAC.a(net_state.c.obj)
                0x00023134                net_state_tx_iv_index_get
 .text.net_state_rx_iv_index_get
                0x00023148       0x14 mesh/core/libmesh_core_nrf51422_xxAC.a(net_state.c.obj)
                0x00023148                net_state_rx_iv_index_get
 .text.net_state_iv_update_get
                0x0002315c        0xc mesh/core/libmesh_core_nrf51422_xxAC.a(net_state.c.obj)
                0x0002315c                net_state_iv_update_get
 .text.nrf_mesh_address_type_get
                0x00023168       0x14 mesh/core/libmesh_core_nrf51422_xxAC.a(nrf_mesh_utils.c.obj)
                0x00023168                nrf_mesh_address_type_get
 .text.sd_softdevice_is_enabled
                0x0002317c        0x4 mesh/core/libmesh_core_nrf51422_xxAC.a(nrf_mesh.c.obj)
 .text.nrf_mesh_init
                0x00023180       0xb8 mesh/core/libmesh_core_nrf51422_xxAC.a(nrf_mesh.c.obj)
                0x00023180                nrf_mesh_init
 .text.nrf_mesh_enable
                0x00023238       0x4c mesh/core/libmesh_core_nrf51422_xxAC.a(nrf_mesh.c.obj)
                0x00023238                nrf_mesh_enable
 .text.nrf_mesh_packet_send
                0x00023284        0x8 mesh/core/libmesh_core_nrf51422_xxAC.a(nrf_mesh.c.obj)
                0x00023284                nrf_mesh_packet_send
 .text.nrf_mesh_process
                0x0002328c      0x1c4 mesh/core/libmesh_core_nrf51422_xxAC.a(nrf_mesh.c.obj)
                0x0002328c                nrf_mesh_process
 .text.nrf_mesh_on_ble_evt
                0x00023450        0x4 mesh/core/libmesh_core_nrf51422_xxAC.a(nrf_mesh.c.obj)
                0x00023450                nrf_mesh_on_ble_evt
 .text.nrf_mesh_on_sd_evt
                0x00023454        0xa mesh/core/libmesh_core_nrf51422_xxAC.a(nrf_mesh.c.obj)
                0x00023454                nrf_mesh_on_sd_evt
 .text.nrf_mesh_evt_handler_add
                0x0002345e        0x8 mesh/core/libmesh_core_nrf51422_xxAC.a(nrf_mesh.c.obj)
                0x0002345e                nrf_mesh_evt_handler_add
 .text.nrf_mesh_evt_handler_remove
                0x00023466        0x8 mesh/core/libmesh_core_nrf51422_xxAC.a(nrf_mesh.c.obj)
                0x00023466                nrf_mesh_evt_handler_remove
 *fill*         0x0002346e        0x2 
 .text.hal_lfclk_ppm_get
                0x00023470       0x14 mesh/core/libmesh_core_nrf51422_xxAC.a(hal.c.obj)
                0x00023470                hal_lfclk_ppm_get
 .text.add_to_add_list
                0x00023484       0x4c mesh/core/libmesh_core_nrf51422_xxAC.a(timer_scheduler.c.obj)
 .text.process_dirty_events
                0x000234d0       0x64 mesh/core/libmesh_core_nrf51422_xxAC.a(timer_scheduler.c.obj)
 .text.timer_cb
                0x00023534       0x10 mesh/core/libmesh_core_nrf51422_xxAC.a(timer_scheduler.c.obj)
 .text.add_evt.constprop.0
                0x00023544       0x70 mesh/core/libmesh_core_nrf51422_xxAC.a(timer_scheduler.c.obj)
 .text.process_add_list
                0x000235b4       0x4c mesh/core/libmesh_core_nrf51422_xxAC.a(timer_scheduler.c.obj)
 .text.flag_event_cb
                0x00023600      0x104 mesh/core/libmesh_core_nrf51422_xxAC.a(timer_scheduler.c.obj)
 .text.timer_sch_init
                0x00023704       0x24 mesh/core/libmesh_core_nrf51422_xxAC.a(timer_scheduler.c.obj)
                0x00023704                timer_sch_init
 .text.timer_sch_schedule
                0x00023728       0x54 mesh/core/libmesh_core_nrf51422_xxAC.a(timer_scheduler.c.obj)
                0x00023728                timer_sch_schedule
 .text.timer_sch_abort
                0x0002377c       0x68 mesh/core/libmesh_core_nrf51422_xxAC.a(timer_scheduler.c.obj)
                0x0002377c                timer_sch_abort
 .text.timer_sch_reschedule
                0x000237e4       0x78 mesh/core/libmesh_core_nrf51422_xxAC.a(timer_scheduler.c.obj)
                0x000237e4                timer_sch_reschedule
 .text.timer_mut_unlock
                0x0002385c       0x10 mesh/core/libmesh_core_nrf51422_xxAC.a(timer.c.obj)
 .text.timer_order_cb
                0x0002386c       0x90 mesh/core/libmesh_core_nrf51422_xxAC.a(timer.c.obj)
                0x0002386c                timer_order_cb
 .text.timer_now
                0x000238fc       0x54 mesh/core/libmesh_core_nrf51422_xxAC.a(timer.c.obj)
                0x000238fc                timer_now
 .text.timer_event_handler
                0x00023950       0x94 mesh/core/libmesh_core_nrf51422_xxAC.a(timer.c.obj)
                0x00023950                timer_event_handler
 .text.timer_on_ts_begin
                0x000239e4      0x104 mesh/core/libmesh_core_nrf51422_xxAC.a(timer.c.obj)
                0x000239e4                timer_on_ts_begin
 .text.timer_on_ts_end
                0x00023ae8       0x64 mesh/core/libmesh_core_nrf51422_xxAC.a(timer.c.obj)
                0x00023ae8                timer_on_ts_end
 .text.timer_cb
                0x00023b4c       0x10 mesh/core/libmesh_core_nrf51422_xxAC.a(ticker.c.obj)
 .text.ticker_init
                0x00023b5c       0x38 mesh/core/libmesh_core_nrf51422_xxAC.a(ticker.c.obj)
                0x00023b5c                ticker_init
 .text.sd_rand_application_bytes_available_get
                0x00023b94        0x4 mesh/core/libmesh_core_nrf51422_xxAC.a(rand.c.obj)
 .text.sd_rand_application_vector_get
                0x00023b98        0x4 mesh/core/libmesh_core_nrf51422_xxAC.a(rand.c.obj)
 .text.rand_prng_get
                0x00023b9c       0x2e mesh/core/libmesh_core_nrf51422_xxAC.a(rand.c.obj)
                0x00023b9c                rand_prng_get
 *fill*         0x00023bca        0x2 
 .text.rand_hw_rng_get
                0x00023bcc       0x4c mesh/core/libmesh_core_nrf51422_xxAC.a(rand.c.obj)
                0x00023bcc                rand_hw_rng_get
 .text.rand_prng_seed
                0x00023c18       0x30 mesh/core/libmesh_core_nrf51422_xxAC.a(rand.c.obj)
                0x00023c18                rand_prng_seed
 .text.nrf_mesh_opt_set
                0x00023c48       0x34 mesh/core/libmesh_core_nrf51422_xxAC.a(nrf_mesh_opt.c.obj)
                0x00023c48                nrf_mesh_opt_set
 .text.nrf_mesh_opt_get
                0x00023c7c       0x34 mesh/core/libmesh_core_nrf51422_xxAC.a(nrf_mesh_opt.c.obj)
                0x00023c7c                nrf_mesh_opt_get
 .text.sd_radio_session_open
                0x00023cb0        0x4 mesh/core/libmesh_core_nrf51422_xxAC.a(timeslot.c.obj)
 .text.sd_radio_session_close
                0x00023cb4        0x4 mesh/core/libmesh_core_nrf51422_xxAC.a(timeslot.c.obj)
 .text.sd_radio_request
                0x00023cb8        0x4 mesh/core/libmesh_core_nrf51422_xxAC.a(timeslot.c.obj)
 .text.end_timer_handler
                0x00023cbc       0x2c mesh/core/libmesh_core_nrf51422_xxAC.a(timeslot.c.obj)
 .text.get_end_time.constprop.10
                0x00023ce8       0x28 mesh/core/libmesh_core_nrf51422_xxAC.a(timeslot.c.obj)
 .text.handle_extend_end.constprop.3
                0x00023d10       0xc4 mesh/core/libmesh_core_nrf51422_xxAC.a(timeslot.c.obj)
 .text.radio_signal_callback
                0x00023dd4      0x160 mesh/core/libmesh_core_nrf51422_xxAC.a(timeslot.c.obj)
 .text.timeslot_sd_event_handler
                0x00023f34       0x48 mesh/core/libmesh_core_nrf51422_xxAC.a(timeslot.c.obj)
                0x00023f34                timeslot_sd_event_handler
 .text.timeslot_init
                0x00023f7c       0x4c mesh/core/libmesh_core_nrf51422_xxAC.a(timeslot.c.obj)
                0x00023f7c                timeslot_init
 .text.timeslot_start
                0x00023fc8       0x1c mesh/core/libmesh_core_nrf51422_xxAC.a(timeslot.c.obj)
                0x00023fc8                timeslot_start
 .text.timeslot_end_is_pending
                0x00023fe4       0x2c mesh/core/libmesh_core_nrf51422_xxAC.a(timeslot.c.obj)
                0x00023fe4                timeslot_end_is_pending
 .text.timeslot_start_time_get
                0x00024010        0xc mesh/core/libmesh_core_nrf51422_xxAC.a(timeslot.c.obj)
                0x00024010                timeslot_start_time_get
 .text.timeslot_remaining_time_get
                0x0002401c       0x24 mesh/core/libmesh_core_nrf51422_xxAC.a(timeslot.c.obj)
                0x0002401c                timeslot_remaining_time_get
 .text.timeslot_is_in_cb
                0x00024040        0xc mesh/core/libmesh_core_nrf51422_xxAC.a(timeslot.c.obj)
                0x00024040                timeslot_is_in_cb
 .text.timeslot_trigger
                0x0002404c       0x28 mesh/core/libmesh_core_nrf51422_xxAC.a(timeslot.c.obj)
                0x0002404c                timeslot_trigger
 .text.timeslot_stop
                0x00024074       0x14 mesh/core/libmesh_core_nrf51422_xxAC.a(timeslot.c.obj)
                0x00024074                timeslot_stop
 .text.timeslot_state_lock
                0x00024088       0x2c mesh/core/libmesh_core_nrf51422_xxAC.a(timeslot.c.obj)
                0x00024088                timeslot_state_lock
 .text.evt_push
                0x000240b4       0x24 mesh/core/libmesh_core_nrf51422_xxAC.a(bearer_event.c.obj)
 .text.QDEC_IRQHandler
                0x000240d8       0xc4 mesh/core/libmesh_core_nrf51422_xxAC.a(bearer_event.c.obj)
                0x000240d8                QDEC_IRQHandler
 .text.bearer_event_init
                0x0002419c       0x48 mesh/core/libmesh_core_nrf51422_xxAC.a(bearer_event.c.obj)
                0x0002419c                bearer_event_init
 .text.bearer_event_timer_post
                0x000241e4       0x34 mesh/core/libmesh_core_nrf51422_xxAC.a(bearer_event.c.obj)
                0x000241e4                bearer_event_timer_post
 .text.bearer_event_critical_section_begin
                0x00024218       0x48 mesh/core/libmesh_core_nrf51422_xxAC.a(bearer_event.c.obj)
                0x00024218                bearer_event_critical_section_begin
 .text.bearer_event_critical_section_end
                0x00024260       0x48 mesh/core/libmesh_core_nrf51422_xxAC.a(bearer_event.c.obj)
                0x00024260                bearer_event_critical_section_end
 .text.bearer_event_flag_add
                0x000242a8       0x54 mesh/core/libmesh_core_nrf51422_xxAC.a(bearer_event.c.obj)
                0x000242a8                bearer_event_flag_add
 .text.bearer_event_flag_set
                0x000242fc       0x58 mesh/core/libmesh_core_nrf51422_xxAC.a(bearer_event.c.obj)
                0x000242fc                bearer_event_flag_set
 .text.bearer_event_sequential_add
                0x00024354       0x4c mesh/core/libmesh_core_nrf51422_xxAC.a(bearer_event.c.obj)
                0x00024354                bearer_event_sequential_add
 .text.bearer_event_sequential_post
                0x000243a0       0x68 mesh/core/libmesh_core_nrf51422_xxAC.a(bearer_event.c.obj)
                0x000243a0                bearer_event_sequential_post
 .text.bearer_event_sequential_pending
                0x00024408       0x20 mesh/core/libmesh_core_nrf51422_xxAC.a(bearer_event.c.obj)
                0x00024408                bearer_event_sequential_pending
 .text.enc_aes_encrypt
                0x00024428        0x8 mesh/core/libmesh_core_nrf51422_xxAC.a(enc.c.obj)
                0x00024428                enc_aes_encrypt
 .text.enc_aes_cmac
                0x00024430        0x8 mesh/core/libmesh_core_nrf51422_xxAC.a(enc.c.obj)
                0x00024430                enc_aes_cmac
 .text.enc_aes_ccm_encrypt
                0x00024438        0x8 mesh/core/libmesh_core_nrf51422_xxAC.a(enc.c.obj)
                0x00024438                enc_aes_ccm_encrypt
 .text.enc_aes_ccm_decrypt
                0x00024440        0x8 mesh/core/libmesh_core_nrf51422_xxAC.a(enc.c.obj)
                0x00024440                enc_aes_ccm_decrypt
 .text.enc_nonce_generate
                0x00024448       0xd8 mesh/core/libmesh_core_nrf51422_xxAC.a(enc.c.obj)
                0x00024448                enc_nonce_generate
 .text.enc_s1   0x00024520       0x3c mesh/core/libmesh_core_nrf51422_xxAC.a(enc.c.obj)
                0x00024520                enc_s1
 .text.enc_k1   0x0002455c       0x58 mesh/core/libmesh_core_nrf51422_xxAC.a(enc.c.obj)
                0x0002455c                enc_k1
 .text.enc_k2   0x000245b4      0x110 mesh/core/libmesh_core_nrf51422_xxAC.a(enc.c.obj)
                0x000245b4                enc_k2
 .text.enc_k3   0x000246c4       0x70 mesh/core/libmesh_core_nrf51422_xxAC.a(enc.c.obj)
                0x000246c4                enc_k3
 .text.enc_k4   0x00024734       0x74 mesh/core/libmesh_core_nrf51422_xxAC.a(enc.c.obj)
                0x00024734                enc_k4
 .text.header_transfuscate
                0x000247a8       0x58 mesh/core/libmesh_core_nrf51422_xxAC.a(network.c.obj)
 .text.allocate_packet
                0x00024800      0x140 mesh/core/libmesh_core_nrf51422_xxAC.a(network.c.obj)
 .text.network_init
                0x00024940       0x2c mesh/core/libmesh_core_nrf51422_xxAC.a(network.c.obj)
                0x00024940                network_init
 .text.network_opt_set
                0x0002496c       0x50 mesh/core/libmesh_core_nrf51422_xxAC.a(network.c.obj)
                0x0002496c                network_opt_set
 .text.network_opt_get
                0x000249bc       0x48 mesh/core/libmesh_core_nrf51422_xxAC.a(network.c.obj)
                0x000249bc                network_opt_get
 .text.network_packet_alloc
                0x00024a04       0x58 mesh/core/libmesh_core_nrf51422_xxAC.a(network.c.obj)
                0x00024a04                network_packet_alloc
 .text.network_packet_send
                0x00024a5c      0x154 mesh/core/libmesh_core_nrf51422_xxAC.a(network.c.obj)
                0x00024a5c                network_packet_send
 .text.network_packet_in
                0x00024bb0      0x484 mesh/core/libmesh_core_nrf51422_xxAC.a(network.c.obj)
                0x00024bb0                network_packet_in
 .text.nrf_mesh_keygen_aid
                0x00025034       0x16 mesh/core/libmesh_core_nrf51422_xxAC.a(nrf_mesh_keygen.c.obj)
                0x00025034                nrf_mesh_keygen_aid
 .text.nrf_mesh_keygen_network_secmat
                0x0002504a       0x20 mesh/core/libmesh_core_nrf51422_xxAC.a(nrf_mesh_keygen.c.obj)
                0x0002504a                nrf_mesh_keygen_network_secmat
 *fill*         0x0002506a        0x2 
 .text.nrf_mesh_keygen_beacon_secmat
                0x0002506c       0x54 mesh/core/libmesh_core_nrf51422_xxAC.a(nrf_mesh_keygen.c.obj)
                0x0002506c                nrf_mesh_keygen_beacon_secmat
 .text.nrf_mesh_keygen_virtual_address
                0x000250c0       0x50 mesh/core/libmesh_core_nrf51422_xxAC.a(nrf_mesh_keygen.c.obj)